Component: ARM Compiler 5.06 update 6 (build 750) Tool: armlink [4d35ed]

==============================================================================

Section Cross References

    system_stm32f3xx.o(i.SystemCoreClockUpdate) refers to system_stm32f3xx.o(.data) for SystemCoreClock
    system_stm32f3xx.o(i.SystemCoreClockUpdate) refers to system_stm32f3xx.o(.constdata) for AHBPrescTable
    startup_stm32f334x8.o(STACK) refers (Special) to heapauxi.o(.text) for __use_two_region_memory
    startup_stm32f334x8.o(HEAP) refers (Special) to heapauxi.o(.text) for __use_two_region_memory
    startup_stm32f334x8.o(RESET) refers (Special) to heapauxi.o(.text) for __use_two_region_memory
    startup_stm32f334x8.o(RESET) refers to startup_stm32f334x8.o(STACK) for __initial_sp
    startup_stm32f334x8.o(RESET) refers to startup_stm32f334x8.o(.text) for Reset_Handler
    startup_stm32f334x8.o(RESET) refers to main.o(i.SysTick_Handler) for SysTick_Handler
    startup_stm32f334x8.o(RESET) refers to main.o(i.DMA1_Channel1_IRQHandler) for DMA1_Channel1_IRQHandler
    startup_stm32f334x8.o(RESET) refers to main.o(i.ADC1_2_IRQHandler) for ADC1_2_IRQHandler
    startup_stm32f334x8.o(RESET) refers to usci.o(i.USART1_IRQHandler) for USART1_IRQHandler
    startup_stm32f334x8.o(.text) refers (Special) to heapauxi.o(.text) for __use_two_region_memory
    startup_stm32f334x8.o(.text) refers to system_stm32f3xx.o(i.SystemInit) for SystemInit
    startup_stm32f334x8.o(.text) refers to __main.o(!!!main) for __main
    startup_stm32f334x8.o(.text) refers to startup_stm32f334x8.o(HEAP) for Heap_Mem
    startup_stm32f334x8.o(.text) refers to startup_stm32f334x8.o(STACK) for Stack_Mem
    main.o(i.ADC1_2_IRQHandler) refers to hirestim.o(i.hrtimersOutDisable) for hrtimersOutDisable
    main.o(i.ADC1_2_IRQHandler) refers to main.o(.data) for statusFlags
    main.o(i.DMA1_Channel1_IRQHandler) refers to main.o(.data) for statusFlags
    main.o(i.SysTick_Handler) refers to main.o(.data) for sysTickCounter
    main.o(i.delay_ms) refers to main.o(.data) for sysTickCounter
    main.o(i.endOfCycleExecute) refers to adc.o(i.updateCalcValue) for updateCalcValue
    main.o(i.endOfCycleExecute) refers to main.o(i.getNewDytyValue) for getNewDytyValue
    main.o(i.endOfCycleExecute) refers to hirestim.o(i.hrtimerUpdateDuty) for hrtimerUpdateDuty
    main.o(i.endOfCycleExecute) refers to hirestim.o(i.hrtimersOutDisable) for hrtimersOutDisable
    main.o(i.endOfCycleExecute) refers to hirestim.o(i.hrtimersOutEnable) for hrtimersOutEnable
    main.o(i.endOfCycleExecute) refers to termo.o(i.getTemperatureValue) for getTemperatureValue
    main.o(i.endOfCycleExecute) refers to main.o(.data) for statusFlags
    main.o(i.endOfCycleExecute) refers to main.o(.bss) for calculatedValue
    main.o(i.getNewDytyValue) refers to main.o(.data) for statusFlags
    main.o(i.getNewDytyValue) refers to main.o(.bss) for calculatedValue
    main.o(i.main) refers to boardinit.o(i.setSystemClock) for setSystemClock
    main.o(i.main) refers to boardinit.o(i.initCoreIoPins) for initCoreIoPins
    main.o(i.main) refers to adc.o(i.initAdcToDualRegularSimultaneousMode) for initAdcToDualRegularSimultaneousMode
    main.o(i.main) refers to adc.o(i.initDmaForAdc) for initDmaForAdc
    main.o(i.main) refers to adc.o(i.setAdcMasterAnalogWatchdogThresholds) for setAdcMasterAnalogWatchdogThresholds
    main.o(i.main) refers to hirestim.o(i.initHighResolutionTimer) for initHighResolutionTimer
    main.o(i.main) refers to usci.o(i.uart_init) for uart_init
    main.o(i.main) refers to main.o(i.delay_ms) for delay_ms
    main.o(i.main) refers to main.o(i.measureExecute) for measureExecute
    main.o(i.main) refers to main.o(i.endOfCycleExecute) for endOfCycleExecute
    main.o(i.main) refers to mainmsp.o(i.mainMSPinit) for mainMSPinit
    main.o(i.main) refers to mainmsp.o(i.mainMSPloop) for mainMSPloop
    main.o(i.main) refers to system_stm32f3xx.o(.data) for SystemCoreClock
    main.o(i.main) refers to main.o(.bss) for momentValue
    main.o(i.main) refers to main.o(.data) for statusFlags
    main.o(i.measureExecute) refers to adc.o(i.updateSumValue) for updateSumValue
    main.o(i.measureExecute) refers to adc.o(i.updateAverageValue) for updateAverageValue
    main.o(i.measureExecute) refers to main.o(.data) for statusFlags
    main.o(i.measureExecute) refers to main.o(.bss) for momentValue
    main.o(.data) refers to main.o(.bss) for sumValueBank_1
    hirestim.o(i.initHighResolutionTimer) refers to hirestim.o(i.hrtimersGpioInit) for hrtimersGpioInit
    adc.o(i.initAdcToDualRegularSimultaneousMode) refers to adc.o(i.adcGpioConfig) for adcGpioConfig
    adc.o(i.initAdcToDualRegularSimultaneousMode) refers to adc.o(i.__NVIC_SetPriority) for __NVIC_SetPriority
    adc.o(i.initAdcToDualRegularSimultaneousMode) refers to adc.o(i.__NVIC_EnableIRQ) for __NVIC_EnableIRQ
    adc.o(i.initAdcToDualRegularSimultaneousMode) refers to system_stm32f3xx.o(.data) for SystemCoreClock
[...]
    .data                                    0x200002f0   Section        8  status.o(.data)
    .data                                    0x200002f8   Section      248  sch.o(.data)
    .bss                                     0x200003f0   Section      216  main.o(.bss)
    .bss                                     0x200004c8   Section      416  flag.o(.bss)
    .bss                                     0x20000668   Section      228  flash.o(.bss)
    .bss                                     0x2000074c   Section      228  meas.o(.bss)
    .bss                                     0x20000830   Section       36  safety.o(.bss)
    .bss                                     0x20000858   Section      296  stats.o(.bss)
    .bss                                     0x20000980   Section     1300  usci.o(.bss)
    .bss                                     0x20000e94   Section      192  lcd.o(.bss)
    .bss                                     0x20000f58   Section      432  can.o(.bss)
    .bss                                     0x20001108   Section       16  comms.o(.bss)
    .bss                                     0x20001118   Section      104  ctrl.o(.bss)
    .bss                                     0x20001180   Section       72  telem.o(.bss)
    .bss                                     0x200011c8   Section       96  libspace.o(.bss)
    HEAP                                     0x20001228   Section      512  startup_stm32f334x8.o(HEAP)
    Heap_Mem                                 0x20001228   Data         512  startup_stm32f334x8.o(HEAP)
    STACK                                    0x20001428   Section     1024  startup_stm32f334x8.o(STACK)
    Stack_Mem                                0x20001428   Data        1024  startup_stm32f334x8.o(STACK)
    __initial_sp                             0x20001828   Data           0  startup_stm32f334x8.o(STACK)

    Global Symbols

    Symbol Name                              Value     Ov Type        Size  Object(Section)

    BuildAttributes$$THM_ISAv4$E$P$D$K$B$S$7EM$VFPi3$EXTD16$VFPS$VFMA$PE$A:L22UL41UL21$X:L11$S22US41US21$IEEE1$IW$USESV6$~STKCKD$USESV7$~SHL$OSPACE$ROPI$EBA8$UX$STANDARDLIB$REQ8$PRES8$EABIv2 0x00000000   Number         0  anon$$obj.o ABSOLUTE
    __ARM_use_no_argv                        0x00000000   Number         0  main.o ABSOLUTE
    __ARM_exceptions_init                     - Undefined Weak Reference
    __alloca_initialize                       - Undefined Weak Reference
    __arm_preinit_                            - Undefined Weak Reference
    __cpp_initialize__aeabi_                  - Undefined Weak Reference
    __cxa_finalize                            - Undefined Weak Reference
    __sigvec_lookup                           - Undefined Weak Reference
    _atexit_init                              - Undefined Weak Reference
    _call_atexit_fns                          - Undefined Weak Reference
    _clock_init                               - Undefined Weak Reference
    _fp_trap_init                             - Undefined Weak Reference
    _fp_trap_shutdown                         - Undefined Weak Reference
    _get_lc_collate                           - Undefined Weak Reference
    _get_lc_monetary                          - Undefined Weak Reference
    _get_lc_numeric                           - Undefined Weak Reference
    _get_lc_time                              - Undefined Weak Reference
    _getenv_init                              - Undefined Weak Reference
    _handle_redirection                       - Undefined Weak Reference
    _init_alloc                               - Undefined Weak Reference
    _init_user_alloc                          - Undefined Weak Reference
    _initio                                   - Undefined Weak Reference
    _rand_init                                - Undefined Weak Reference
    _signal_finish                            - Undefined Weak Reference
    _signal_init                              - Undefined Weak Reference
    _terminate_alloc                          - Undefined Weak Reference
    _terminate_user_alloc                     - Undefined Weak Reference
    _terminateio                              - Undefined Weak Reference
    __Vectors_Size                           0x00000188   Number         0  startup_stm32f334x8.o ABSOLUTE
    __Vectors                                0x08000000   Data           4  startup_stm32f334x8.o(RESET)
    __Vectors_End                            0x08000188   Data           0  startup_stm32f334x8.o(RESET)
    __main                                   0x08000189   Thumb Code     8  __main.o(!!!main)
    __scatterload                            0x08000191   Thumb Code     0  __scatter.o(!!!scatter)
    __scatterload_rt2                        0x08000191   Thumb Code    44  __scatter.o(!!!scatter)
    __scatterload_rt2_thumb_only             0x08000191   Thumb Code     0  __scatter.o(!!!scatter)
    __scatterload_null                       0x0800019f   Thumb Code     0  __scatter.o(!!!scatter)
    __decompress                             0x080001c5   Thumb Code    90  __dczerorl2.o(!!dczerorl2)
    __decompress1                            0x080001c5   Thumb Code     0  __dczerorl2.o(!!dczerorl2)
    __scatterload_zeroinit                   0x08000221   Thumb Code    28  __scatter_zi.o(!!handler_zi)
    __rt_lib_init                            0x0800023d   Thumb Code     0  libinit.o(.ARM.Collect$$libinit$$00000000)
    __rt_lib_init_fp_1                       0x0800023f   Thumb Code     0  libinit2.o(.ARM.Collect$$libinit$$00000001)
    __rt_lib_init_heap_1                     0x08000243   Thumb Code     0  libinit2.o(.ARM.Collect$$libinit$$0000000A)
    __rt_lib_init_lc_common                  0x08000243   Thumb Code     0  libinit2.o(.ARM.Collect$$libinit$$0000000F)
    __rt_lib_init_preinit_1                  0x08000243   Thumb Code     0  libinit2.o(.ARM.Collect$$libinit$$00000004)
    __rt_lib_init_rand_1                     0x08000243   Thumb Code     0  libinit2.o(.ARM.Collect$$libinit$$0000000E)
    __rt_lib_init_user_alloc_1               0x08000243   Thumb Code     0  libinit2.o(.ARM.Collect$$libinit$$0000000C)
    __rt_lib_init_lc_collate_1               0x08000249   Thumb Code     0  libinit2.o(.ARM.Collect$$libinit$$00000011)
    __rt_lib_init_lc_ctype_2                 0x08000249   Thumb Code     0  libinit2.o(.ARM.Collect$$libinit$$00000012)
    __rt_lib_init_alloca_1                   0x08000255   Thumb Code     0  libinit2.o(.ARM.Collect$$libinit$$0000002E)
    __rt_lib_init_argv_1                     0x08000255   Thumb Code     0  libinit2.o(.ARM.Collect$$libinit$$0000002C)
    __rt_lib_init_atexit_1                   0x08000255   Thumb Code     0  libinit2.o(.ARM.Collect$$libinit$$0000001B)
    __rt_lib_init_clock_1                    0x08000255   Thumb Code     0  libinit2.o(.ARM.Collect$$libinit$$00000021)
    __rt_lib_init_cpp_1                      0x08000255   Thumb Code     0  libinit2.o(.ARM.Collect$$libinit$$00000032)
    __rt_lib_init_exceptions_1               0x08000255   Thumb Code     0  libinit2.o(.ARM.Collect$$libinit$$00000030)
    __rt_lib_init_fp_trap_1                  0x08000255   Thumb Code     0  libinit2.o(.ARM.Collect$$libinit$$0000001F)
    __rt_lib_init_getenv_1                   0x08000255   Thumb Code     0  libinit2.o(.ARM.Collect$$libinit$$00000023)
    __rt_lib_init_lc_ctype_1                 0x08000255   Thumb Code     0  libinit2.o(.ARM.Collect$$libinit$$00000013)
    __rt_lib_init_lc_monetary_1              0x08000255   Thumb Code     0  libinit2.o(.ARM.Collect$$libinit$$00000015)
    __rt_lib_init_lc_numeric_1               0x08000255   Thumb Code     0  libinit2.o(.ARM.Collect$$libinit$$00000017)
    __rt_lib_init_lc_time_1                  0x08000255   Thumb Code     0  libinit2.o(.ARM.Collect$$libinit$$00000019)
    __rt_lib_init_return                     0x08000255   Thumb Code     0  libinit2.o(.ARM.Collect$$libinit$$00000033)
    __rt_lib_init_signal_1                   0x08000255   Thumb Code     0  libinit2.o(.ARM.Collect$$libinit$$0000001D)
    __rt_lib_init_stdio_1                    0x08000255   Thumb Code     0  libinit2.o(.ARM.Collect$$libinit$$00000025)
    __rt_lib_shutdown                        0x08000257   Thumb Code     0  libshutdown.o(.ARM.Collect$$libshutdown$$00000000)
    __rt_lib_shutdown_cpp_1                  0x08000259   Thumb Code     0  libshutdown2.o(.ARM.Collect$$libshutdown$$00000002)
    __rt_lib_shutdown_fp_trap_1              0x08000259   Thumb Code     0  libshutdown2.o(.ARM.Collect$$libshutdown$$00000007)
    __rt_lib_shutdown_heap_1                 0x08000259   Thumb Code     0  libshutdown2.o(.ARM.Collect$$libshutdown$$0000000F)
    __rt_lib_shutdown_return                 0x08000259   Thumb Code     0  libshutdown2.o(.ARM.Collect$$libshutdown$$00000010)
    __rt_lib_shutdown_signal_1               0x08000259   Thumb Code     0  libshutdown2.o(.ARM.Collect$$libshutdown$$0000000A)
    __rt_lib_shutdown_stdio_1                0x08000259   Thumb Code     0  libshutdown2.o(.ARM.Collect$$libshutdown$$00000004)
    __rt_lib_shutdown_user_alloc_1           0x08000259   Thumb Code     0  libshutdown2.o(.ARM.Collect$$libshutdown$$0000000C)
    __rt_entry                               0x0800025b   Thumb Code     0  __rtentry.o(.ARM.Collect$$rtentry$$00000000)
    __rt_entry_presh_1                       0x0800025b   Thumb Code     0  __rtentry2.o(.ARM.Collect$$rtentry$$00000002)
    __rt_entry_sh                            0x0800025b   Thumb Code     0  __rtentry4.o(.ARM.Collect$$rtentry$$00000004)
    __rt_entry_li                            0x08000261   Thumb Code     0  __rtentry2.o(.ARM.Collect$$rtentry$$0000000A)
    __rt_entry_postsh_1                      0x08000261   Thumb Code     0  __rtentry2.o(.ARM.Collect$$rtentry$$00000009)
    __rt_entry_main                          0x08000265   Thumb Code     0  __rtentry2.o(.ARM.Collect$$rtentry$$0000000D)
    __rt_entry_postli_1                      0x08000265   Thumb Code     0  __rtentry2.o(.ARM.Collect$$rtentry$$0000000C)
    __rt_exit                                0x0800026d   Thumb Code     0  rtexit.o(.ARM.Collect$$rtexit$$00000000)
    __rt_exit_ls                             0x0800026f   Thumb Code     0  rtexit2.o(.ARM.Collect$$rtexit$$00000003)
    __rt_exit_prels_1                        0x0800026f   Thumb Code     0  rtexit2.o(.ARM.Collect$$rtexit$$00000002)
    __rt_exit_exit                           0x08000273   Thumb Code     0  rtexit2.o(.ARM.Collect$$rtexit$$00000004)
    Reset_Handler                            0x08000279   Thumb Code     8  startup_stm32f334x8.o(.text)
    NMI_Handler                              0x08000281   Thumb Code     2  startup_stm32f334x8.o(.text)
    HardFault_Handler                        0x08000283   Thumb Code     2  startup_stm32f334x8.o(.text)
    MemManage_Handler                        0x08000285   Thumb Code     2  startup_stm32f334x8.o(.text)
    BusFault_Handler                         0x08000287   Thumb Code     2  startup_stm32f334x8.o(.text)
    UsageFault_Handler                       0x08000289   Thumb Code     2  startup_stm32f334x8.o(.text)
    SVC_Handler                              0x0800028b   Thumb Code     2  startup_stm32f334x8.o(.text)
    DebugMon_Handler                         0x0800028d   Thumb Code     2  startup_stm32f334x8.o(.text)
    PendSV_Handler                           0x0800028f   Thumb Code     2  startup_stm32f334x8.o(.text)
    CAN_RX0_IRQHandler                       0x08000293   Thumb Code     0  startup_stm32f334x8.o(.text)
    CAN_RX1_IRQHandler                       0x08000293   Thumb Code     0  startup_stm32f334x8.o(.text)
    CAN_SCE_IRQHandler                       0x08000293   Thumb Code     0  startup_stm32f334x8.o(.text)
    CAN_TX_IRQHandler                        0x08000293   Thumb Code     0  startup_stm32f334x8.o(.text)
    COMP2_IRQHandler                         0x08000293   Thumb Code     0  startup_stm32f334x8.o(.text)
    COMP4_6_IRQHandler                       0x08000293   Thumb Code     0  startup_stm32f334x8.o(.text)
    DMA1_Channel2_IRQHandler                 0x08000293   Thumb Code     0  startup_stm32f334x8.o(.text)
    DMA1_Channel3_IRQHandler                 0x08000293   Thumb Code     0  startup_stm32f334x8.o(.text)
    DMA1_Channel4_IRQHandler                 0x08000293   Thumb Code     0  startup_stm32f334x8.o(.text)
    DMA1_Channel5_IRQHandler                 0x08000293   Thumb Code     0  startup_stm32f334x8.o(.text)
    DMA1_Channel6_IRQHandler                 0x08000293   Thumb Code     0  startup_stm32f334x8.o(.text)
    DMA1_Channel7_IRQHandler                 0x08000293   Thumb Code     0  startup_stm32f334x8.o(.text)
    EXTI0_IRQHandler                         0x08000293   Thumb Code     0  startup_stm32f334x8.o(.text)
    EXTI15_10_IRQHandler                     0x08000293   Thumb Code     0  startup_stm32f334x8.o(.text)
    EXTI1_IRQHandler                         0x08000293   Thumb Code     0  startup_stm32f334x8.o(.text)
    EXTI2_TSC_IRQHandler                     0x08000293   Thumb Code     0  startup_stm32f334x8.o(.text)
    EXTI3_IRQHandler                         0x08000293   Thumb Code     0  startup_stm32f334x8.o(.text)
    EXTI4_IRQHandler                         0x08000293   Thumb Code     0  startup_stm32f334x8.o(.text)
    EXTI9_5_IRQHandler                       0x08000293   Thumb Code     0  startup_stm32f334x8.o(.text)
    FLASH_IRQHandler                         0x08000293   Thumb Code     0  startup_stm32f334x8.o(.text)
    FPU_IRQHandler                           0x08000293   Thumb Code     0  startup_stm32f334x8.o(.text)
    HRTIM1_FLT_IRQHandler                    0x08000293   Thumb Code     0  startup_stm32f334x8.o(.text)
    HRTIM1_Master_IRQHandler                 0x08000293   Thumb Code     0  startup_stm32f334x8.o(.text)
    HRTIM1_TIMA_IRQHandler                   0x08000293   Thumb Code     0  startup_stm32f334x8.o(.text)
    HRTIM1_TIMB_IRQHandler                   0x08000293   Thumb Code     0  startup_stm32f334x8.o(.text)
    HRTIM1_TIMC_IRQHandler                   0x08000293   Thumb Code     0  startup_stm32f334x8.o(.text)
    HRTIM1_TIMD_IRQHandler                   0x08000293   Thumb Code     0  startup_stm32f334x8.o(.text)
    HRTIM1_TIME_IRQHandler                   0x08000293   Thumb Code     0  startup_stm32f334x8.o(.text)
    I2C1_ER_IRQHandler                       0x08000293   Thumb Code     0  startup_stm32f334x8.o(.text)
    I2C1_EV_IRQHandler                       0x08000293   Thumb Code     0  startup_stm32f334x8.o(.text)
    PVD_IRQHandler                           0x08000293   Thumb Code     0  startup_stm32f334x8.o(.text)
    RCC_IRQHandler                           0x08000293   Thumb Code     0  startup_stm32f334x8.o(.text)
    RTC_Alarm_IRQHandler                     0x08000293   Thumb Code     0  startup_stm32f334x8.o(.text)
    RTC_WKUP_IRQHandler                      0x08000293   Thumb Code     0  startup_stm32f334x8.o(.text)
    SPI1_IRQHandler                          0x08000293   Thumb Code     0  startup_stm32f334x8.o(.text)
    TAMP_STAMP_IRQHandler                    0x08000293   Thumb Code     0  startup_stm32f334x8.o(.text)
    TIM1_BRK_TIM15_IRQHandler                0x08000293   Thumb Code     0  startup_stm32f334x8.o(.text)
    TIM1_CC_IRQHandler                       0x08000293   Thumb Code     0  startup_stm32f334x8.o(.text)
    TIM1_TRG_COM_TIM17_IRQHandler            0x08000293   Thumb Code     0  startup_stm32f334x8.o(.text)
    TIM1_UP_TIM16_IRQHandler                 0x08000293   Thumb Code     0  startup_stm32f334x8.o(.text)
    TIM2_IRQHandler                          0x08000293   Thumb Code     0  startup_stm32f334x8.o(.text)
    TIM3_IRQHandler                          0x08000293   Thumb Code     0  startup_stm32f334x8.o(.text)
    TIM6_DAC1_IRQHandler                     0x08000293   Thumb Code     0  startup_stm32f334x8.o(.text)
    TIM7_DAC2_IRQHandler                     0x08000293   Thumb Code     0  startup_stm32f334x8.o(.text)
    USART2_IRQHandler                        0x08000293   Thumb Code     0  startup_stm32f334x8.o(.text)
    USART3_IRQHandler                        0x08000293   Thumb Code     0  startup_stm32f334x8.o(.text)
    WWDG_IRQHandler                          0x08000293   Thumb Code     0  startup_stm32f334x8.o(.text)
    __user_initial_stackheap                 0x08000295   Thumb Code     0  startup_stm32f334x8.o(.text)
    __aeabi_uldivmod                         0x080002b9   Thumb Code     0  lludivv7m.o(.text)
    _ll_udiv                                 0x080002b9   Thumb Code   238  lludivv7m.o(.text)
    __aeabi_llsl                             0x080003a7   Thumb Code     0  llshl.o(.text)
    _ll_shift_l                              0x080003a7   Thumb Code    38  llshl.o(.text)
    atoi                                     0x080003cd   Thumb Code    26  atoi.o(.text)
    strcpy                                   0x080003e7   Thumb Code    72  strcpy.o(.text)
    __aeabi_memcpy                           0x0800042f   Thumb Code     0  rt_memcpy_v6.o(.text)
    __rt_memcpy                              0x0800042f   Thumb Code   138  rt_memcpy_v6.o(.text)
    _memcpy_lastbytes                        0x08000495   Thumb Code     0  rt_memcpy_v6.o(.text)
    strncpy                                  0x080004b9   Thumb Code    86  strncpy.o(.text)
    __use_two_region_memory                  0x0800050f   Thumb Code     2  heapauxi.o(.text)
    __rt_heap_escrow$2region                 0x08000511   Thumb Code     2  heapauxi.o(.text)
    __rt_heap_expand$2region                 0x08000513   Thumb Code     2  heapauxi.o(.text)
    __aeabi_errno_addr                       0x08000515   Thumb Code     8  rt_errno_addr_intlibspace.o(.text)
    __errno$intlibspace                      0x08000515   Thumb Code     0  rt_errno_addr_intlibspace.o(.text)
    __rt_errno_addr$intlibspace              0x08000515   Thumb Code     0  rt_errno_addr_intlibspace.o(.text)
    strtol                                   0x0800051d   Thumb Code   112  strtol.o(.text)
    __aeabi_memcpy4                          0x0800058d   Thumb Code     0  rt_memcpy_w.o(.text)
    __aeabi_memcpy8                          0x0800058d   Thumb Code     0  rt_memcpy_w.o(.text)
    __rt_memcpy_w                            0x0800058d   Thumb Code   100  rt_memcpy_w.o(.text)
    _memcpy_lastbytes_aligned                0x080005d5   Thumb Code     0  rt_memcpy_w.o(.text)
    __aeabi_memclr                           0x080005f1   Thumb Code     0  rt_memclr.o(.text)
    __rt_memclr                              0x080005f1   Thumb Code    68  rt_memclr.o(.text)
    _memset                                  0x080005f5   Thumb Code     0  rt_memclr.o(.text)
    __user_libspace                          0x08000635   Thumb Code     8  libspace.o(.text)
    __user_perproc_libspace                  0x08000635   Thumb Code     0  libspace.o(.text)
    __user_perthread_libspace                0x08000635   Thumb Code     0  libspace.o(.text)
    __rt_ctype_table                         0x0800063d   Thumb Code    16  rt_ctype_table.o(.text)
    _strtoul                                 0x0800064d   Thumb Code   158  _strtoul.o(.text)
    __aeabi_memclr4                          0x080006eb   Thumb Code     0  rt_memclr_w.o(.text)
    __aeabi_memclr8                          0x080006eb   Thumb Code     0  rt_memclr_w.o(.text)
    __rt_memclr_w                            0x080006eb   Thumb Code    78  rt_memclr_w.o(.text)
    _memset_w                                0x080006ef   Thumb Code     0  rt_memclr_w.o(.text)
    __user_setup_stackheap                   0x08000739   Thumb Code    74  sys_stackheap_outer.o(.text)
    __rt_locale                              0x08000785   Thumb Code     8  rt_locale_intlibspace.o(.text)
    _chval                                   0x0800078d   Thumb Code    28  _chval.o(.text)
    exit                                     0x080007a9   Thumb Code    18  exit.o(.text)
    strcmp                                   0x080007bd   Thumb Code   128  strcmpv7m.o(.text)
    _sys_exit                                0x0800083d   Thumb Code     8  sys_exit.o(.text)
    __I$use$semihosting                      0x08000849   Thumb Code     0  use_no_semi.o(.text)
    __use_no_semihosting_swi                 0x08000849   Thumb Code     2  use_no_semi.o(.text)
    __semihosting_library_function           0x0800084b   Thumb Code     0  indicate_semi.o(.text)
    ADC1_2_IRQHandler                        0x0800084d   Thumb Code    42  main.o(i.ADC1_2_IRQHandler)
    CAN_getBaseId                            0x0800087d   Thumb Code     6  can.o(i.CAN_getBaseId)
    CAN_init                                 0x08000889   Thumb Code   620  can.o(i.CAN_init)
    CAN_receive                              0x08000b25   Thumb Code   862  can.o(i.CAN_receive)
    CAN_transmit                             0x08000e91   Thumb Code   764  can.o(i.CAN_transmit)
    CFG_checkRanges                          0x080011a1   Thumb Code  1170  cfg.o(i.CFG_checkRanges)
    CFG_configRangesOk                       0x08001641   Thumb Code    10  cfg.o(i.CFG_configRangesOk)
    CFG_getLocalCfgAddr                      0x08001651   Thumb Code     4  cfg.o(i.CFG_getLocalCfgAddr)
    CFG_getLocalCfgLen                       0x08001659   Thumb Code     4  cfg.o(i.CFG_getLocalCfgLen)
    CFG_getReadonlyCfgAddr                   0x0800165d   Thumb Code     4  cfg.o(i.CFG_getReadonlyCfgAddr)
    CFG_getReadonlyCfgLen                    0x08001665   Thumb Code     4  cfg.o(i.CFG_getReadonlyCfgLen)
    CFG_getRemoteCfgAddr                     0x08001669   Thumb Code     4  cfg.o(i.CFG_getRemoteCfgAddr)
    CFG_getRemoteCfgLen                      0x08001671   Thumb Code     4  cfg.o(i.CFG_getRemoteCfgLen)
    CFG_getStatus                            0x08001675   Thumb Code     6  cfg.o(i.CFG_getStatus)
    CFG_init                                 0x08001681   Thumb Code    72  cfg.o(i.CFG_init)
    COMMS_endFlashRec                        0x080016dd   Thumb Code    14  comms.o(i.COMMS_endFlashRec)
    COMMS_endFlashSend                       0x080016f1   Thumb Code    56  comms.o(i.COMMS_endFlashSend)
    COMMS_endMemSend                         0x08001731   Thumb Code    42  comms.o(i.COMMS_endMemSend)
    COMMS_getStatus                          0x08001765   Thumb Code     6  comms.o(i.COMMS_getStatus)
    COMMS_init                               0x08001771   Thumb Code     8  comms.o(i.COMMS_init)
    COMMS_receive                            0x0800177d   Thumb Code   894  comms.o(i.COMMS_receive)
    COMMS_sendDebugPacket                    0x08001b15   Thumb Code    28  comms.o(i.COMMS_sendDebugPacket)
    COMMS_sendFlag                           0x08001b35   Thumb Code    32  comms.o(i.COMMS_sendFlag)
    COMMS_sendHeartbeat                      0x08001b59   Thumb Code    82  comms.o(i.COMMS_sendHeartbeat)
    COMMS_sendOcQMeas                        0x08001bb5   Thumb Code    84  comms.o(i.COMMS_sendOcQMeas)
    COMMS_sendOutMeas                        0x08001c11   Thumb Code    80  comms.o(i.COMMS_sendOutMeas)
    COMMS_sendOutVoltCmd                     0x08001c69   Thumb Code    38  comms.o(i.COMMS_sendOutVoltCmd)
    COMMS_sendP2pPacket                      0x08001c99   Thumb Code   350  comms.o(i.COMMS_sendP2pPacket)
    COMMS_sendPowTemprMeas                   0x08001e01   Thumb Code    62  comms.o(i.COMMS_sendPowTemprMeas)
    COMMS_sendPvMeas                         0x08001e49   Thumb Code    80  comms.o(i.COMMS_sendPvMeas)
    COMMS_sendStatus                         0x08001ea1   Thumb Code    34  comms.o(i.COMMS_sendStatus)
    COMMS_sendTime                           0x08001ecd   Thumb Code    30  comms.o(i.COMMS_sendTime)
    COMMS_startFlashRec                      0x08001ef5   Thumb Code    88  comms.o(i.COMMS_startFlashRec)
    COMMS_startFlashSend                     0x08001f55   Thumb Code    34  comms.o(i.COMMS_startFlashSend)
    COMMS_startMemSend                       0x08001f7d   Thumb Code    34  comms.o(i.COMMS_startMemSend)
    CRC16_Update4Bits                        0x08001fa5   Thumb Code    74  crc16.o(i.CRC16_Update4Bits)
    CTRL_calcOutVoltSetpoints                0x08002001   Thumb Code   780  ctrl.o(i.CTRL_calcOutVoltSetpoints)
    CTRL_checkBulkFloat                      0x08002341   Thumb Code   216  ctrl.o(i.CTRL_checkBulkFloat)
    CTRL_getOutVoltCmd                       0x08002421   Thumb Code     8  ctrl.o(i.CTRL_getOutVoltCmd)
    CTRL_getStatus                           0x0800242d   Thumb Code    94  ctrl.o(i.CTRL_getStatus)
    CTRL_init                                0x08002495   Thumb Code   428  ctrl.o(i.CTRL_init)
    CTRL_setOutVoltCmd                       0x08002681   Thumb Code    34  ctrl.o(i.CTRL_setOutVoltCmd)
    CalculateCRC16                           0x080026a9   Thumb Code   226  crc16.o(i.CalculateCRC16)
    DMA1_Channel1_IRQHandler                 0x08002795   Thumb Code    22  main.o(i.DMA1_Channel1_IRQHandler)
    FLAG_checkAllFlags                       0x080027b5   Thumb Code  1308  flag.o(i.FLAG_checkAllFlags)
    FLAG_checkAndWrite                       0x08002cdd   Thumb Code   220  flag.o(i.FLAG_checkAndWrite)
    FLAG_checkFlagHold                       0x08002dbd   Thumb Code   432  flag.o(i.FLAG_checkFlagHold)
    FLAG_checkFlagTrig                       0x08002f71   Thumb Code   430  flag.o(i.FLAG_checkFlagTrig)
    FLAG_eraseDoneCallback                   0x08003125   Thumb Code   324  flag.o(i.FLAG_eraseDoneCallback)
    FLAG_eraseStarted                        0x08003271   Thumb Code    10  flag.o(i.FLAG_eraseStarted)
    FLAG_getFlagBitfield                     0x08003281   Thumb Code     6  flag.o(i.FLAG_getFlagBitfield)
    FLAG_getFlagLen                          0x0800328d   Thumb Code     6  flag.o(i.FLAG_getFlagLen)
    FLAG_getStatus                           0x08003295   Thumb Code    30  flag.o(i.FLAG_getStatus)
    FLAG_init                                0x080032b9   Thumb Code   452  flag.o(i.FLAG_init)
    FLAG_initTrigs                           0x08003489   Thumb Code   374  flag.o(i.FLAG_initTrigs)
    FLAG_logFlag                             0x08003621   Thumb Code    70  flag.o(i.FLAG_logFlag)
    FLAG_swapActiveSector                    0x0800366d   Thumb Code    78  flag.o(i.FLAG_swapActiveSector)
    FLAG_timeHasUpdated                      0x080036c1   Thumb Code    26  flag.o(i.FLAG_timeHasUpdated)
    FLASH_endWriteData                       0x080036e5   Thumb Code    16  flash.o(i.FLASH_endWriteData)
    FLASH_erase                              0x080036f9   Thumb Code    58  flash.o(i.FLASH_erase)
    FLASH_eraseBlockBusy                     0x0800373d   Thumb Code   120  flash.o(i.FLASH_eraseBlockBusy)
    FLASH_getMode                            0x080037b9   Thumb Code     6  flash.o(i.FLASH_getMode)
    FLASH_getStatus                          0x080037c5   Thumb Code     6  flash.o(i.FLASH_getStatus)
    FLASH_init                               0x080037d1   Thumb Code    36  flash.o(i.FLASH_init)
    FLASH_isBusy                             0x080037f9   Thumb Code    26  flash.o(i.FLASH_isBusy)
    FLASH_readStr                            0x08003815   Thumb Code   126  flash.o(i.FLASH_readStr)
    FLASH_readU16                            0x08003899   Thumb Code    20  flash.o(i.FLASH_readU16)
    FLASH_readU64                            0x080038ad   Thumb Code    22  flash.o(i.FLASH_readU64)
    FLASH_startWrite                         0x080038c5   Thumb Code    34  flash.o(i.FLASH_startWrite)
    FLASH_writeStr                           0x080038ed   Thumb Code    84  flash.o(i.FLASH_writeStr)
    IO_disablePwmCtrl                        0x08003945   Thumb Code     2  io.o(i.IO_disablePwmCtrl)
    IO_fanDrvPWM                             0x08003949   Thumb Code    74  io.o(i.IO_fanDrvPWM)
    IO_fanSetSpeed                           0x0800399d   Thumb Code   250  io.o(i.IO_fanSetSpeed)
    IO_flset                                 0x08003acd   Thumb Code     2  io.o(i.IO_flset)
    IO_getIsSlave                            0x08003ad1   Thumb Code    16  io.o(i.IO_getIsSlave)
    IO_init                                  0x08003ae5   Thumb Code   110  io.o(i.IO_init)
    IO_setFanDutyCycle                       0x08003b8d   Thumb Code    18  io.o(i.IO_setFanDutyCycle)
    MAIN_resetAllAndStart                    0x08003ba5   Thumb Code    86  mainmsp.o(i.MAIN_resetAllAndStart)
    MAIN_resetRemoteCfg                      0x08003bfb   Thumb Code    12  mainmsp.o(i.MAIN_resetRemoteCfg)
    MEAS_init                                0x08003c09   Thumb Code   480  meas.o(i.MEAS_init)
    MEAS_updateCharge                        0x08003e31   Thumb Code    18  meas.o(i.MEAS_updateCharge)
    MEAS_updateTempr                         0x08003e49   Thumb Code   232  meas.o(i.MEAS_updateTempr)
    PWM_setFlTrim                            0x08003f39   Thumb Code     2  pwm.o(i.PWM_setFlTrim)
    SAFETY_fanShutdown                       0x08003f3d   Thumb Code    14  safety.o(i.SAFETY_fanShutdown)
    SAFETY_getStatus                         0x08003f51   Thumb Code    18  safety.o(i.SAFETY_getStatus)
    SAFETY_init                              0x08003f69   Thumb Code    28  safety.o(i.SAFETY_init)
    SAFETY_isShutdown                        0x08003f89   Thumb Code    14  safety.o(i.SAFETY_isShutdown)
    SAFETY_setLimitsHV                       0x08003f9d   Thumb Code   248  safety.o(i.SAFETY_setLimitsHV)
    SAFETY_setLimitsMV                       0x080040cd   Thumb Code   248  safety.o(i.SAFETY_setLimitsMV)
    SCH_init                                 0x080041fd   Thumb Code    14  sch.o(i.SCH_init)
    SCH_runActiveTasks                       0x08004215   Thumb Code   134  sch.o(i.SCH_runActiveTasks)
    SPI_writeRead                            0x080042a9   Thumb Code     6  spi.o(i.SPI_writeRead)
    STATS_getStatus                          0x080042b1   Thumb Code    48  stats.o(i.STATS_getStatus)
    STATS_init                               0x080042e5   Thumb Code    28  stats.o(i.STATS_init)
    STATS_updateAll                          0x08004305   Thumb Code     2  stats.o(i.STATS_updateAll)
    STATUS_getStatus                         0x08004309   Thumb Code     6  status.o(i.STATUS_getStatus)
    STATUS_init                              0x08004315   Thumb Code    10  status.o(i.STATUS_init)
    STATUS_update                            0x08004325   Thumb Code   104  status.o(i.STATUS_update)
    SysTick_Handler                          0x08004395   Thumb Code    12  main.o(i.SysTick_Handler)
    SystemInit                               0x080043a5   Thumb Code    24  system_stm32f3xx.o(i.SystemInit)
    TELEM_getStatus                          0x080043c1   Thumb Code    24  telem.o(i.TELEM_getStatus)
    TELEM_init                               0x080043dd   Thumb Code    38  telem.o(i.TELEM_init)
    TELEM_logIfPeriodElapsed                 0x08004409   Thumb Code     2  telem.o(i.TELEM_logIfPeriodElapsed)
    TIME_get                                 0x0800440d   Thumb Code     8  time.o(i.TIME_get)
    TIME_init                                0x08004419   Thumb Code    32  time.o(i.TIME_init)
    TIME_recFromBc                           0x0800444d   Thumb Code    22  time.o(i.TIME_recFromBc)
    TIME_set                                 0x08004469   Thumb Code    64  time.o(i.TIME_set)
    USART1_IRQHandler                        0x080044b9   Thumb Code   434  usci.o(i.USART1_IRQHandler)
    UTIL_calcChecksum                        0x08004695   Thumb Code    24  util.o(i.UTIL_calcChecksum)
    UTIL_decimalToBcd                        0x080046ad   Thumb Code    48  util.o(i.UTIL_decimalToBcd)
    UTIL_modAdd                              0x080046dd   Thumb Code    20  util.o(i.UTIL_modAdd)
    UTIL_putToCircBuffer                     0x080046f1   Thumb Code     8  util.o(i.UTIL_putToCircBuffer)
    VAR_CTRL_setFltrimParams                 0x080046f9   Thumb Code     2  variant.o(i.VAR_CTRL_setFltrimParams)
    VAR_SAFETY_setLimits                     0x080046fd   Thumb Code    20  variant.o(i.VAR_SAFETY_setLimits)
    adcGpioConfig                            0x08004759   Thumb Code    86  adc.o(i.adcGpioConfig)
    brief_pause                              0x080047bd   Thumb Code     2  mainmsp.o(i.brief_pause)
    delay_ms                                 0x080047c1   Thumb Code    16  main.o(i.delay_ms)
    endOfCycleExecute                        0x080047d5   Thumb Code   178  main.o(i.endOfCycleExecute)
    getNewDytyValue                          0x0800489d   Thumb Code   492  main.o(i.getNewDytyValue)
    getTemperatureValue                      0x08004ab1   Thumb Code   164  termo.o(i.getTemperatureValue)
    hrtimerUpdateDuty                        0x08004b5d   Thumb Code    20  hirestim.o(i.hrtimerUpdateDuty)
    hrtimersGpioInit                         0x08004b75   Thumb Code    84  hirestim.o(i.hrtimersGpioInit)
    hrtimersOutDisable                       0x08004bc9   Thumb Code     8  hirestim.o(i.hrtimersOutDisable)
    hrtimersOutEnable                        0x08004bd5   Thumb Code    22  hirestim.o(i.hrtimersOutEnable)
    initAdcToDualRegularSimultaneousMode     0x08004bf5   Thumb Code   364  adc.o(i.initAdcToDualRegularSimultaneousMode)
    initCoreIoPins                           0x08004d8d   Thumb Code    56  boardinit.o(i.initCoreIoPins)
    initDmaForAdc                            0x08004dc9   Thumb Code    52  adc.o(i.initDmaForAdc)
    initHighResolutionTimer                  0x08004e09   Thumb Code   264  hirestim.o(i.initHighResolutionTimer)
    lcd_calibrationChanged                   0x08004f2d   Thumb Code    32  lcd.o(i.lcd_calibrationChanged)
    lcd_canRecved                            0x08004f4d   Thumb Code     2  lcd.o(i.lcd_canRecved)
    lcd_checkPersistentUpdate                0x08004f51   Thumb Code    26  lcd.o(i.lcd_checkPersistentUpdate)
    lcd_check_calibration                    0x08004f75   Thumb Code    64  lcd.o(i.lcd_check_calibration)
    lcd_copyProductInfo                      0x08004fb5   Thumb Code    52  lcd.o(i.lcd_copyProductInfo)
    lcd_eraseDoneCallback                    0x08004ff5   Thumb Code     8  lcd.o(i.lcd_eraseDoneCallback)
    lcd_init                                 0x08005001   Thumb Code   390  lcd.o(i.lcd_init)
    lcd_loadEventsDefaults                   0x080051bd   Thumb Code   242  lcd.o(i.lcd_loadEventsDefaults)
    lcd_loadFactoryDefaults                  0x080052e5   Thumb Code   224  lcd.o(i.lcd_loadFactoryDefaults)
    lcd_loadMiscStateDefaults                0x080053e1   Thumb Code    30  lcd.o(i.lcd_loadMiscStateDefaults)
    lcd_loadPersistentDefaults               0x0800540d   Thumb Code     8  lcd.o(i.lcd_loadPersistentDefaults)
    lcd_loadSysInfo                          0x08005419   Thumb Code    88  lcd.o(i.lcd_loadSysInfo)
    lcd_loadTelemetry                        0x0800548d   Thumb Code   214  lcd.o(i.lcd_loadTelemetry)
    lcd_loadUserDefaults                     0x08005581   Thumb Code   116  lcd.o(i.lcd_loadUserDefaults)
    lcd_queueWrite                           0x08005621   Thumb Code    42  lcd.o(i.lcd_queueWrite)
    lcd_read_flash                           0x08005655   Thumb Code    78  lcd.o(i.lcd_read_flash)
    lcd_restoreCalibration                   0x080056a9   Thumb Code     2  lcd.o(i.lcd_restoreCalibration)
    lcd_runCfgStateMachine                   0x080056ad   Thumb Code   548  lcd.o(i.lcd_runCfgStateMachine)
    lcd_startWrite                           0x08005901   Thumb Code    92  lcd.o(i.lcd_startWrite)
    lcd_startWriteCalibrationBackup          0x08005965   Thumb Code    44  lcd.o(i.lcd_startWriteCalibrationBackup)
    lcd_startWriteEvents                     0x080059a5   Thumb Code    22  lcd.o(i.lcd_startWriteEvents)
    lcd_startWriteFactory                    0x080059c1   Thumb Code    22  lcd.o(i.lcd_startWriteFactory)
    lcd_startWriteMiscState                  0x080059dd   Thumb Code    22  lcd.o(i.lcd_startWriteMiscState)
    lcd_startWritePacket                     0x080059f9   Thumb Code    70  lcd.o(i.lcd_startWritePacket)
    lcd_startWritePersistent                 0x08005a59   Thumb Code    24  lcd.o(i.lcd_startWritePersistent)
    lcd_startWriteUser                       0x08005a75   Thumb Code    20  lcd.o(i.lcd_startWriteUser)
    lcd_update                               0x08005a8d   Thumb Code    18  lcd.o(i.lcd_update)
    lcd_update_local_config                  0x08005aa5   Thumb Code  1156  lcd.o(i.lcd_update_local_config)
    lcd_update_remote_config                 0x08005f35   Thumb Code   592  lcd.o(i.lcd_update_remote_config)
    loadPassword                             0x08006191   Thumb Code    22  usci.o(i.loadPassword)
    main                                     0x080061ad   Thumb Code   226  main.o(i.main)
    mainMSPinit                              0x080062ad   Thumb Code    28  mainmsp.o(i.mainMSPinit)
    mainMSPloop                              0x080062c9   Thumb Code    22  mainmsp.o(i.mainMSPloop)
    measureExecute                           0x080062e1   Thumb Code   104  main.o(i.measureExecute)
    setAdcMasterAnalogWatchdogThresholds     0x08006361   Thumb Code    54  adc.o(i.setAdcMasterAnalogWatchdogThresholds)
    setSystemClock                           0x08006399   Thumb Code   214  boardinit.o(i.setSystemClock)
    uart_init                                0x08006481   Thumb Code   184  usci.o(i.uart_init)
    uart_receive                             0x08006545   Thumb Code   524  usci.o(i.uart_receive)
    uart_send                                0x08006779   Thumb Code   392  usci.o(i.uart_send)
    uart_send_error                          0x0800692d   Thumb Code    16  usci.o(i.uart_send_error)
    uart_send_response                       0x0800693d   Thumb Code    20  usci.o(i.uart_send_response)
    uart_send_startup                        0x08006955   Thumb Code    14  usci.o(i.uart_send_startup)
    uart_tx                                  0x08006965   Thumb Code    60  usci.o(i.uart_tx)
    updateAverageValue                       0x080069ad   Thumb Code    58  adc.o(i.updateAverageValue)
    updateCalcValue                          0x080069e9   Thumb Code   260  adc.o(i.updateCalcValue)
    updateSumValue                           0x08006b09   Thumb Code    28  adc.o(i.updateSumValue)
    _get_lc_ctype                            0x08006b25   Thumb Code    44  lc_ctype_c.o(locale$$code)
    __aeabi_d2f                              0x08006b51   Thumb Code     0  d2f.o(x$fpl$d2f)
    _d2f                                     0x08006b51   Thumb Code    98  d2f.o(x$fpl$d2f)
    __aeabi_dadd                             0x08006bb5   Thumb Code     0  daddsub_clz.o(x$fpl$dadd)
    _dadd                                    0x08006bb5   Thumb Code   332  daddsub_clz.o(x$fpl$dadd)
    __fpl_dcmp_Inf                           0x08006d05   Thumb Code    24  dcmpi.o(x$fpl$dcmpinf)
    __aeabi_ddiv                             0x08006d1d   Thumb Code     0  ddiv.o(x$fpl$ddiv)
    _ddiv                                    0x08006d1d   Thumb Code   552  ddiv.o(x$fpl$ddiv)
    __aeabi_d2iz                             0x08006fcd   Thumb Code     0  dfix.o(x$fpl$dfix)
    _dfix                                    0x08006fcd   Thumb Code    94  dfix.o(x$fpl$dfix)
    __aeabi_d2uiz                            0x0800702d   Thumb Code     0  dfixu.o(x$fpl$dfixu)
    _dfixu                                   0x0800702d   Thumb Code    90  dfixu.o(x$fpl$dfixu)
    __aeabi_cdcmple                          0x08007089   Thumb Code     0  dleqf.o(x$fpl$dleqf)
    _dcmple                                  0x08007089   Thumb Code   120  dleqf.o(x$fpl$dleqf)
    __fpl_dcmple_InfNaN                      0x080070eb   Thumb Code     0  dleqf.o(x$fpl$dleqf)
    __aeabi_dmul                             0x08007101   Thumb Code     0  dmul.o(x$fpl$dmul)
    _dmul                                    0x08007101   Thumb Code   332  dmul.o(x$fpl$dmul)
    __fpl_dnaninf                            0x08007255   Thumb Code   156  dnaninf.o(x$fpl$dnaninf)
    __fpl_dretinf                            0x080072f1   Thumb Code    12  dretinf.o(x$fpl$dretinf)
    __aeabi_cdrcmple                         0x080072fd   Thumb Code     0  drleqf.o(x$fpl$drleqf)
    _drcmple                                 0x080072fd   Thumb Code   108  drleqf.o(x$fpl$drleqf)
    __aeabi_dsub                             0x08007369   Thumb Code     0  daddsub_clz.o(x$fpl$dsub)
    _dsub                                    0x08007369   Thumb Code   464  daddsub_clz.o(x$fpl$dsub)
    __aeabi_f2d                              0x0800753d   Thumb Code     0  f2d.o(x$fpl$f2d)
    _f2d                                     0x0800753d   Thumb Code    86  f2d.o(x$fpl$f2d)
    __fpl_fnaninf                            0x08007593   Thumb Code   140  fnaninf.o(x$fpl$fnaninf)
    _fp_init                                 0x0800761f   Thumb Code    10  fpinit.o(x$fpl$fpinit)
    __fplib_config_fpu_vfp                   0x08007627   Thumb Code     0  fpinit.o(x$fpl$fpinit)
    __fplib_config_pureend_doubles           0x08007627   Thumb Code     0  fpinit.o(x$fpl$fpinit)
    __fpl_fretinf                            0x08007629   Thumb Code    10  fretinf.o(x$fpl$fretinf)
    __I$use$fp                               0x08007632   Number         0  usenofp.o(x$fpl$usenofp)
    BAT_TEMPR_TABLE                          0x08007674   Data         128  meas.o(.constdata)
    CASE_TEMPR_TABLE                         0x080076f4   Data         176  meas.o(.constdata)
    statusFuncs                              0x080077a4   Data          64  status.o(.constdata)
    Region$$Table$$Base                      0x080077e4   Number         0  anon$$obj.o(Region$$Table)
    Region$$Table$$Limit                     0x08007804   Number         0  anon$$obj.o(Region$$Table)
    __ctype                                  0x08007811   Data           0  lc_ctype_c.o(locale$$data)
    SystemCoreClock                          0x20000000   Data           4  system_stm32f3xx.o(.data)
    statusFlags                              0x20000004   Data           2  main.o(.data)
    pSumValueNow                             0x20000008   Data           4  main.o(.data)
    pSumValueStored                          0x2000000c   Data           4  main.o(.data)
    adcVoutStab                              0x20000010   Data           2  main.o(.data)
    adcIoutStab                              0x20000012   Data           2  main.o(.data)
    dutyCycle                                0x20000014   Data           2  main.o(.data)
    buckPeriod                               0x20000016   Data           2  main.o(.data)
    sysTickCounter                           0x20000018   Data           4  main.o(.data)
    delta                                    0x2000001c   Data           2  main.o(.data)
    offset                                   0x2000001e   Data           2  main.o(.data)
    efficiency                               0x20000020   Data           4  main.o(.data)
    CFG_localCfg                             0x20000028   Data         132  cfg.o(.data)
    CFG_remoteCfg                            0x200000ac   Data         188  cfg.o(.data)
    readonlyCfg                              0x20000168   Data          20  cfg.o(.data)
    cfg                                      0x2000017c   Data           1  cfg.o(.data)
    CFG_toggleSwitchMode                     0x20000180   Data           4  cfg.o(.data)
    CFG_outVoltCutoffOffset                  0x20000184   Data           4  cfg.o(.data)
    CFG_outVoltCutoffScale                   0x20000188   Data           4  cfg.o(.data)
    CRC16_LookupHigh                         0x2000018c   Data          32  crc16.o(.data)
    CRC16_LookupLow                          0x200001ac   Data          32  crc16.o(.data)
    CRC16_High                               0x200001cc   Data           1  crc16.o(.data)
    CRC16_Low                                0x200001cd   Data           1  crc16.o(.data)
    measDoUpdate                             0x200001d0   Data           4  meas.o(.data)
    SAFETY_PVVoltLimit                       0x200001d4   Data           4  safety.o(.data)
    SAFETY_OutCurrLimit                      0x200001d8   Data           4  safety.o(.data)
    SAFETY_OutCurrCrit                       0x200001dc   Data           4  safety.o(.data)
    SAFETY_PulseCurrLimit                    0x200001e0   Data           4  safety.o(.data)
    SAFETY_OutVoltLimit                      0x200001e4   Data           4  safety.o(.data)
    SAFETY_OutVoltRstHigh                    0x200001e8   Data           4  safety.o(.data)
    SAFETY_OutVoltRstLow                     0x200001ec   Data           4  safety.o(.data)
    samplePending                            0x200001f0   Data           1  safety.o(.data)
    currentTime_ms                           0x200001f8   Data           8  time.o(.data)
    microSecs                                0x20000200   Data           4  time.o(.data)
    pwmPeriodUs                              0x20000204   Data           4  time.o(.data)
    today_ms                                 0x20000208   Data           8  time.o(.data)
    timeIsValid                              0x20000210   Data           4  time.o(.data)
    tx_count                                 0x20000218   Data           1  usci.o(.data)
    rx_count                                 0x20000219   Data           1  usci.o(.data)
    expected_rx_count                        0x2000021a   Data           1  usci.o(.data)
    prev_rx                                  0x2000021b   Data           1  usci.o(.data)
    uart_state                               0x2000021c   Data           1  usci.o(.data)
    sent_startup                             0x20000220   Data           4  usci.o(.data)
    prev_time                                0x20000228   Data           8  usci.o(.data)
    tx_buf_len                               0x20000230   Data           4  usci.o(.data)
    command_R                                0x20000234   Data           4  usci.o(.data)
    command_W                                0x20000238   Data           4  usci.o(.data)
    setTime_W                                0x20000240   Data           8  usci.o(.data)
    persistentStorage                        0x20000248   Data           4  usci.o(.data)
    hware                                    0x2000024c   Data           8  variant.o(.data)
    lcd_writeNext                            0x20000254   Data           4  lcd.o(.data)
    lcd_writeRemainingAttempts               0x20000258   Data           4  lcd.o(.data)
    lcd_cfgState                             0x2000025c   Data           1  lcd.o(.data)
    lcd_writeType                            0x20000260   Data           4  lcd.o(.data)
    lcd_writeAddress                         0x20000264   Data           4  lcd.o(.data)
    lcd_writeLen                             0x20000268   Data           4  lcd.o(.data)
    update_persistent                        0x2000026c   Data           4  lcd.o(.data)
    time                                     0x20000270   Data           4  lcd.o(.data)
    CAN_baseId                               0x20000274   Data           4  can.o(.data)
    CTRL_offsetFlset                         0x20000288   Data           4  ctrl.o(.data)
    CTRL_scaleFlset                          0x2000028c   Data           4  ctrl.o(.data)
    CTRL_fltrimOffsetOnVCCG                  0x20000290   Data           4  ctrl.o(.data)
    CTRL_baseFltrimOnVCCG                    0x20000294   Data           4  ctrl.o(.data)
    CTRL_MpptSamplePtNow                     0x20000298   Data           4  ctrl.o(.data)
    CTRL_MpptSamplePtTarget                  0x2000029c   Data           4  ctrl.o(.data)
    firstMPPTPoint                           0x200002b0   Data           4  ctrl.o(.data)
    CTRL_enableTurbineLoad                   0x200002b4   Data           4  ctrl.o(.data)
    ctrl_initialised                         0x200002b8   Data           4  ctrl.o(.data)
    fanPWMCounter                            0x200002bc   Data           4  io.o(.data)
    fanDutyCompare                           0x200002c0   Data           4  io.o(.data)
    IO_pwmEnabled                            0x200002c4   Data           4  io.o(.data)
    TicksUntilHiSideAllowed                  0x200002c8   Data           4  io.o(.data)
    heatsinkTempFanHysThresh                 0x200002cc   Data           4  io.o(.data)
    fanFBCount1                              0x200002d0   Data           4  io.o(.data)
    fanFBCount2                              0x200002d4   Data           4  io.o(.data)
    prevFan2State                            0x200002d8   Data           4  io.o(.data)
    fanFBTransition1                         0x200002dc   Data           4  io.o(.data)
    fanFBTransition2                         0x200002e0   Data           4  io.o(.data)
    fanDriven                                0x200002e4   Data           4  io.o(.data)
    fanShutdown                              0x200002e8   Data           4  io.o(.data)
    fanRestartTimer                          0x200002ec   Data           4  io.o(.data)
    statusBitfield                           0x200002f0   Data           8  status.o(.data)
    tasks                                    0x200002f8   Data         240  sch.o(.data)
    numTasks                                 0x200003e8   Data           4  sch.o(.data)
    timeSinceLastRun_ms                      0x200003ec   Data           4  sch.o(.data)
    momentValue                              0x200003f0   Data          24  main.o(.bss)
    sumValueBank_1                           0x20000408   Data          48  main.o(.bss)
    sumValueBank_2                           0x20000438   Data          48  main.o(.bss)
    averageValue                             0x20000468   Data          48  main.o(.bss)
    calculatedValue                          0x20000498   Data          48  main.o(.bss)
    flag                                     0x200004c8   Data         192  flag.o(.bss)
    flagStates                               0x20000588   Data         224  flag.o(.bss)
    flash                                    0x20000668   Data         228  flash.o(.bss)
    meas                                     0x2000074c   Data         228  meas.o(.bss)
    safety                                   0x20000830   Data          36  safety.o(.bss)
    stats                                    0x20000858   Data         296  stats.o(.bss)
    tx_buffer                                0x20000980   Data         254  usci.o(.bss)
    rx_buffer                                0x20000a7e   Data         254  usci.o(.bss)
    telemetry_R                              0x20000b80   Data          72  usci.o(.bss)
    factoryConfig_R                          0x20000bc8   Data         116  usci.o(.bss)
    userConfig_R                             0x20000c3c   Data          60  usci.o(.bss)
    eventConfig_R                            0x20000c78   Data         128  usci.o(.bss)
    sysInfo_R                                0x20000cf8   Data          36  usci.o(.bss)
    password_R                               0x20000d1c   Data          32  usci.o(.bss)
    miscState_R                              0x20000d3c   Data          20  usci.o(.bss)
    factoryConfig_W                          0x20000d50   Data         116  usci.o(.bss)
    userConfig_W                             0x20000dc4   Data          60  usci.o(.bss)
    eventConfig_W                            0x20000e00   Data         128  usci.o(.bss)
    miscState_W                              0x20000e80   Data          20  usci.o(.bss)
    lcd_writeBuffer                          0x20000e94   Data         192  lcd.o(.bss)
    CAN_txBufferAddr                         0x20000f58   Data          56  can.o(.bss)
    CAN_txBuffer                             0x20000f90   Data         336  can.o(.bss)
    CAN_rx                                   0x200010e0   Data          24  can.o(.bss)
    buffer                                   0x200010f8   Data          16  can.o(.bss)
    comms                                    0x20001108   Data          16  comms.o(.bss)
    ctrl                                     0x20001118   Data         104  ctrl.o(.bss)
    telem                                    0x20001180   Data          72  telem.o(.bss)
    __libspace_start                         0x200011c8   Data          96  libspace.o(.bss)
    __temporary_stack_top$libspace           0x20001228   Data           0  libspace.o(.bss)



==============================================================================

Memory Map of the image

  Image Entry point : 0x08000189

  Load Region LR_IROM1 (Base: 0x08000000, Size: 0x00007d04, Max: 0x00010000, ABSOLUTE, COMPRESSED[0x00007a94])

    Execution Region ER_IROM1 (Exec base: 0x08000000, Load base: 0x08000000, Size: 0x00007914, Max: 0x00010000, ABSOLUTE)

    Exec Addr    Load Addr    Size         Type   Attr      Idx    E Section Name        Object

    0x08000000   0x08000000   0x00000188   Data   RO           65    RESET               startup_stm32f334x8.o
    0x08000188   0x08000188   0x00000008   Code   RO         2091  * !!!main             c_w.l(__main.o)
    0x08000190   0x08000190   0x00000034   Code   RO         2334    !!!scatter          c_w.l(__scatter.o)
    0x080001c4   0x080001c4   0x0000005a   Code   RO         2332    !!dczerorl2         c_w.l(__dczerorl2.o)
    0x0800021e   0x0800021e   0x00000002   PAD
    0x08000220   0x08000220   0x0000001c   Code   RO         2336    !!handler_zi        c_w.l(__scatter_zi.o)
    0x0800023c   0x0800023c   0x00000002   Code   RO         2203    .ARM.Collect$$libinit$$00000000  c_w.l(libinit.o)
    0x0800023e   0x0800023e   0x00000004   Code   RO         2214    .ARM.Collect$$libinit$$00000001  c_w.l(libinit2.o)
    0x08000242   0x08000242   0x00000000   Code   RO         2217    .ARM.Collect$$libinit$$00000004  c_w.l(libinit2.o)
    0x08000242   0x08000242   0x00000000   Code   RO         2220    .ARM.Collect$$libinit$$0000000A  c_w.l(libinit2.o)
    0x08000242   0x08000242   0x00000000   Code   RO         2222    .ARM.Collect$$libinit$$0000000C  c_w.l(libinit2.o)
    0x08000242   0x08000242   0x00000000   Code   RO         2224    .ARM.Collect$$libinit$$0000000E  c_w.l(libinit2.o)
    0x08000242   0x08000242   0x00000006   Code   RO         2225    .ARM.Collect$$libinit$$0000000F  c_w.l(libinit2.o)
    0x08000248   0x08000248   0x00000000   Code   RO         2227    .ARM.Collect$$libinit$$00000011  c_w.l(libinit2.o)
    0x08000248   0x08000248   0x0000000c   Code   RO         2228    .ARM.Collect$$libinit$$00000012  c_w.l(libinit2.o)
    0x08000254   0x08000254   0x00000000   Code   RO         2229    .ARM.Collect$$libinit$$00000013  c_w.l(libinit2.o)
    0x08000254   0x08000254   0x00000000   Code   RO         2231    .ARM.Collect$$libinit$$00000015  c_w.l(libinit2.o)
    0x08000254   0x08000254   0x00000000   Code   RO         2233    .ARM.Collect$$libinit$$00000017  c_w.l(libinit2.o)
    0x08000254   0x08000254   0x00000000   Code   RO         2235    .ARM.Collect$$libinit$$00000019  c_w.l(libinit2.o)
    0x08000254   0x08000254   0x00000000   Code   RO         2237    .ARM.Collect$$libinit$$0000001B  c_w.l(libinit2.o)
    0x08000254   0x08000254   0x00000000   Code   RO         2239    .ARM.Collect$$libinit$$0000001D  c_w.l(libinit2.o)
    0x08000254   0x08000254   0x00000000   Code   RO         2241    .ARM.Collect$$libinit$$0000001F  c_w.l(libinit2.o)
    0x08000254   0x08000254   0x00000000   Code   RO         2243    .ARM.Collect$$libinit$$00000021  c_w.l(libinit2.o)
    0x08000254   0x08000254   0x00000000   Code   RO         2245    .ARM.Collect$$libinit$$00000023  c_w.l(libinit2.o)
    0x08000254   0x08000254   0x00000000   Code   RO         2247    .ARM.Collect$$libinit$$00000025  c_w.l(libinit2.o)
    0x08000254   0x08000254   0x00000000   Code   RO         2251    .ARM.Collect$$libinit$$0000002C  c_w.l(libinit2.o)
    0x08000254   0x08000254   0x00000000   Code   RO         2253    .ARM.Collect$$libinit$$0000002E  c_w.l(libinit2.o)
    0x08000254   0x08000254   0x00000000   Code   RO         2255    .ARM.Collect$$libinit$$00000030  c_w.l(libinit2.o)
    0x08000254   0x08000254   0x00000000   Code   RO         2257    .ARM.Collect$$libinit$$00000032  c_w.l(libinit2.o)
    0x08000254   0x08000254   0x00000002   Code   RO         2258    .ARM.Collect$$libinit$$00000033  c_w.l(libinit2.o)
    0x08000256   0x08000256   0x00000002   Code   RO         2289    .ARM.Collect$$libshutdown$$00000000  c_w.l(libshutdown.o)
    0x08000258   0x08000258   0x00000000   Code   RO         2315    .ARM.Collect$$libshutdown$$00000002  c_w.l(libshutdown2.o)
    0x08000258   0x08000258   0x00000000   Code   RO         2317    .ARM.Collect$$libshutdown$$00000004  c_w.l(libshutdown2.o)
    0x08000258   0x08000258   0x00000000   Code   RO         2320    .ARM.Collect$$libshutdown$$00000007  c_w.l(libshutdown2.o)
    0x08000258   0x08000258   0x00000000   Code   RO         2323    .ARM.Collect$$libshutdown$$0000000A  c_w.l(libshutdown2.o)
    0x08000258   0x08000258   0x00000000   Code   RO         2325    .ARM.Collect$$libshutdown$$0000000C  c_w.l(libshutdown2.o)
    0x08000258   0x08000258   0x00000000   Code   RO         2328    .ARM.Collect$$libshutdown$$0000000F  c_w.l(libshutdown2.o)
    0x08000258   0x08000258   0x00000002   Code   RO         2329    .ARM.Collect$$libshutdown$$00000010  c_w.l(libshutdown2.o)
    0x0800025a   0x0800025a   0x00000000   Code   RO         2127    .ARM.Collect$$rtentry$$00000000  c_w.l(__rtentry.o)
    0x0800025a   0x0800025a   0x00000000   Code   RO         2158    .ARM.Collect$$rtentry$$00000002  c_w.l(__rtentry2.o)
    0x0800025a   0x0800025a   0x00000006   Code   RO         2170    .ARM.Collect$$rtentry$$00000004  c_w.l(__rtentry4.o)
    0x08000260   0x08000260   0x00000000   Code   RO         2160    .ARM.Collect$$rtentry$$00000009  c_w.l(__rtentry2.o)
    0x08000260   0x08000260   0x00000004   Code   RO         2161    .ARM.Collect$$rtentry$$0000000A  c_w.l(__rtentry2.o)
    0x08000264   0x08000264   0x00000000   Code   RO         2163    .ARM.Collect$$rtentry$$0000000C  c_w.l(__rtentry2.o)
    0x08000264   0x08000264   0x00000008   Code   RO         2164    .ARM.Collect$$rtentry$$0000000D  c_w.l(__rtentry2.o)
    0x0800026c   0x0800026c   0x00000002   Code   RO         2204    .ARM.Collect$$rtexit$$00000000  c_w.l(rtexit.o)
    0x0800026e   0x0800026e   0x00000000   Code   RO         2262    .ARM.Collect$$rtexit$$00000002  c_w.l(rtexit2.o)
    0x0800026e   0x0800026e   0x00000004   Code   RO         2263    .ARM.Collect$$rtexit$$00000003  c_w.l(rtexit2.o)
    0x08000272   0x08000272   0x00000006   Code   RO         2264    .ARM.Collect$$rtexit$$00000004  c_w.l(rtexit2.o)
    0x08000278   0x08000278   0x00000040   Code   RO           66    .text               startup_stm32f334x8.o
    0x080002b8   0x080002b8   0x000000ee   Code   RO         2077    .text               c_w.l(lludivv7m.o)
    0x080003a6   0x080003a6   0x00000026   Code   RO         2079    .text               c_w.l(llshl.o)
    0x080003cc   0x080003cc   0x0000001a   Code   RO         2081    .text               c_w.l(atoi.o)
    0x080003e6   0x080003e6   0x00000048   Code   RO         2083    .text               c_w.l(strcpy.o)
    0x0800042e   0x0800042e   0x0000008a   Code   RO         2085    .text               c_w.l(rt_memcpy_v6.o)
    0x080004b8   0x080004b8   0x00000056   Code   RO         2087    .text               c_w.l(strncpy.o)
    0x0800050e   0x0800050e   0x00000006   Code   RO         2089    .text               c_w.l(heapauxi.o)
    0x08000514   0x08000514   0x00000008   Code   RO         2135    .text               c_w.l(rt_errno_addr_intlibspace.o)
    0x0800051c   0x0800051c   0x00000070   Code   RO         2137    .text               c_w.l(strtol.o)
    0x0800058c   0x0800058c   0x00000064   Code   RO         2139    .text               c_w.l(rt_memcpy_w.o)
    0x080005f0   0x080005f0   0x00000044   Code   RO         2141    .text               c_w.l(rt_memclr.o)
    0x08000634   0x08000634   0x00000008   Code   RO         2154    .text               c_w.l(libspace.o)
    0x0800063c   0x0800063c   0x00000010   Code   RO         2172    .text               c_w.l(rt_ctype_table.o)
    0x0800064c   0x0800064c   0x0000009e   Code   RO         2176    .text               c_w.l(_strtoul.o)
    0x080006ea   0x080006ea   0x0000004e   Code   RO         2178    .text               c_w.l(rt_memclr_w.o)
    0x08000738   0x08000738   0x0000004a   Code   RO         2180    .text               c_w.l(sys_stackheap_outer.o)
    0x08000782   0x08000782   0x00000002   PAD
    0x08000784   0x08000784   0x00000008   Code   RO         2185    .text               c_w.l(rt_locale_intlibspace.o)
    0x0800078c   0x0800078c   0x0000001c   Code   RO         2187    .text               c_w.l(_chval.o)
    0x080007a8   0x080007a8   0x00000012   Code   RO         2192    .text               c_w.l(exit.o)
    0x080007ba   0x080007ba   0x00000002   PAD
    0x080007bc   0x080007bc   0x00000080   Code   RO         2212    .text               c_w.l(strcmpv7m.o)
    0x0800083c   0x0800083c   0x0000000c   Code   RO         2259    .text               c_w.l(sys_exit.o)
    0x08000848   0x08000848   0x00000002   Code   RO         2278    .text               c_w.l(use_no_semi.o)
    0x0800084a   0x0800084a   0x00000000   Code   RO         2280    .text               c_w.l(indicate_semi.o)
    0x0800084a   0x0800084a   0x00000002   PAD
    0x0800084c   0x0800084c   0x00000030   Code   RO           73    i.ADC1_2_IRQHandler  main.o
    0x0800087c   0x0800087c   0x0000000c   Code   RO         1524    i.CAN_getBaseId     can.o
    0x08000888   0x08000888   0x0000029c   Code   RO         1525    i.CAN_init          can.o
    0x08000b24   0x08000b24   0x0000036c   Code   RO         1526    i.CAN_receive       can.o
    0x08000e90   0x08000e90   0x00000310   Code   RO         1527    i.CAN_transmit      can.o
    0x080011a0   0x080011a0   0x000004a0   Code   RO          399    i.CFG_checkRanges   cfg.o
    0x08001640   0x08001640   0x00000010   Code   RO          400    i.CFG_configRangesOk  cfg.o
    0x08001650   0x08001650   0x00000008   Code   RO          401    i.CFG_getLocalCfgAddr  cfg.o
    0x08001658   0x08001658   0x00000004   Code   RO          402    i.CFG_getLocalCfgLen  cfg.o
    0x0800165c   0x0800165c   0x00000008   Code   RO          403    i.CFG_getReadonlyCfgAddr  cfg.o
    0x08001664   0x08001664   0x00000004   Code   RO          404    i.CFG_getReadonlyCfgLen  cfg.o
    0x08001668   0x08001668   0x00000008   Code   RO          405    i.CFG_getRemoteCfgAddr  cfg.o
    0x08001670   0x08001670   0x00000004   Code   RO          406    i.CFG_getRemoteCfgLen  cfg.o
    0x08001674   0x08001674   0x0000000c   Code   RO          407    i.CFG_getStatus     cfg.o
    0x08001680   0x08001680   0x0000005c   Code   RO          408    i.CFG_init          cfg.o
    0x080016dc   0x080016dc   0x00000014   Code   RO         1580    i.COMMS_endFlashRec  comms.o
    0x080016f0   0x080016f0   0x00000040   Code   RO         1581    i.COMMS_endFlashSend  comms.o
    0x08001730   0x08001730   0x00000034   Code   RO         1582    i.COMMS_endMemSend  comms.o
    0x08001764   0x08001764   0x0000000c   Code   RO         1583    i.COMMS_getStatus   comms.o
    0x08001770   0x08001770   0x0000000c   Code   RO         1584    i.COMMS_init        comms.o
    0x0800177c   0x0800177c   0x00000398   Code   RO         1585    i.COMMS_receive     comms.o
    0x08001b14   0x08001b14   0x00000020   Code   RO         1586    i.COMMS_sendDebugPacket  comms.o
    0x08001b34   0x08001b34   0x00000024   Code   RO         1587    i.COMMS_sendFlag    comms.o
    0x08001b58   0x08001b58   0x0000005c   Code   RO         1588    i.COMMS_sendHeartbeat  comms.o
    0x08001bb4   0x08001bb4   0x0000005c   Code   RO         1589    i.COMMS_sendOcQMeas  comms.o
    0x08001c10   0x08001c10   0x00000058   Code   RO         1590    i.COMMS_sendOutMeas  comms.o
    0x08001c68   0x08001c68   0x00000030   Code   RO         1591    i.COMMS_sendOutVoltCmd  comms.o
    0x08001c98   0x08001c98   0x00000168   Code   RO         1592    i.COMMS_sendP2pPacket  comms.o
    0x08001e00   0x08001e00   0x00000048   Code   RO         1593    i.COMMS_sendPowTemprMeas  comms.o
    0x08001e48   0x08001e48   0x00000058   Code   RO         1594    i.COMMS_sendPvMeas  comms.o
    0x08001ea0   0x08001ea0   0x0000002c   Code   RO         1595    i.COMMS_sendStatus  comms.o
    0x08001ecc   0x08001ecc   0x00000028   Code   RO         1596    i.COMMS_sendTime    comms.o
    0x08001ef4   0x08001ef4   0x00000060   Code   RO         1597    i.COMMS_startFlashRec  comms.o
    0x08001f54   0x08001f54   0x00000028   Code   RO         1598    i.COMMS_startFlashSend  comms.o
    0x08001f7c   0x08001f7c   0x00000028   Code   RO         1599    i.COMMS_startMemSend  comms.o
    0x08001fa4   0x08001fa4   0x0000005c   Code   RO          520    i.CRC16_Update4Bits  crc16.o
    0x08002000   0x08002000   0x00000340   Code   RO         1722    i.CTRL_calcOutVoltSetpoints  ctrl.o
    0x08002340   0x08002340   0x000000e0   Code   RO         1723    i.CTRL_checkBulkFloat  ctrl.o
    0x08002420   0x08002420   0x0000000c   Code   RO         1725    i.CTRL_getOutVoltCmd  ctrl.o
    0x0800242c   0x0800242c   0x00000068   Code   RO         1726    i.CTRL_getStatus    ctrl.o
    0x08002494   0x08002494   0x000001ec   Code   RO         1727    i.CTRL_init         ctrl.o
    0x08002680   0x08002680   0x00000028   Code   RO         1733    i.CTRL_setOutVoltCmd  ctrl.o
    0x080026a8   0x080026a8   0x000000ec   Code   RO          521    i.CalculateCRC16    crc16.o
    0x08002794   0x08002794   0x00000020   Code   RO           74    i.DMA1_Channel1_IRQHandler  main.o
    0x080027b4   0x080027b4   0x00000528   Code   RO          544    i.FLAG_checkAllFlags  flag.o
    0x08002cdc   0x08002cdc   0x000000e0   Code   RO          545    i.FLAG_checkAndWrite  flag.o
    0x08002dbc   0x08002dbc   0x000001b4   Code   RO          546    i.FLAG_checkFlagHold  flag.o
    0x08002f70   0x08002f70   0x000001b4   Code   RO          548    i.FLAG_checkFlagTrig  flag.o
    0x08003124   0x08003124   0x0000014c   Code   RO          549    i.FLAG_eraseDoneCallback  flag.o
    0x08003270   0x08003270   0x00000010   Code   RO          550    i.FLAG_eraseStarted  flag.o
    0x08003280   0x08003280   0x0000000c   Code   RO          551    i.FLAG_getFlagBitfield  flag.o
    0x0800328c   0x0800328c   0x00000006   Code   RO          552    i.FLAG_getFlagLen   flag.o
    0x08003292   0x08003292   0x00000002   PAD
    0x08003294   0x08003294   0x00000024   Code   RO          553    i.FLAG_getStatus    flag.o
    0x080032b8   0x080032b8   0x000001d0   Code   RO          554    i.FLAG_init         flag.o
    0x08003488   0x08003488   0x00000198   Code   RO          555    i.FLAG_initTrigs    flag.o
    0x08003620   0x08003620   0x0000004c   Code   RO          556    i.FLAG_logFlag      flag.o
    0x0800366c   0x0800366c   0x00000054   Code   RO          557    i.FLAG_swapActiveSector  flag.o
    0x080036c0   0x080036c0   0x00000024   Code   RO          558    i.FLAG_timeHasUpdated  flag.o
    0x080036e4   0x080036e4   0x00000014   Code   RO          654    i.FLASH_endWriteData  flash.o
    0x080036f8   0x080036f8   0x00000044   Code   RO          655    i.FLASH_erase       flash.o
    0x0800373c   0x0800373c   0x0000007c   Code   RO          656    i.FLASH_eraseBlockBusy  flash.o
    0x080037b8   0x080037b8   0x0000000c   Code   RO          658    i.FLASH_getMode     flash.o
    0x080037c4   0x080037c4   0x0000000c   Code   RO          659    i.FLASH_getStatus   flash.o
    0x080037d0   0x080037d0   0x00000028   Code   RO          660    i.FLASH_init        flash.o
    0x080037f8   0x080037f8   0x0000001a   Code   RO          661    i.FLASH_isBusy      flash.o
    0x08003812   0x08003812   0x00000002   PAD
    0x08003814   0x08003814   0x00000084   Code   RO          664    i.FLASH_readStr     flash.o
    0x08003898   0x08003898   0x00000014   Code   RO          666    i.FLASH_readU16     flash.o
    0x080038ac   0x080038ac   0x00000016   Code   RO          668    i.FLASH_readU64     flash.o
    0x080038c2   0x080038c2   0x00000002   PAD
    0x080038c4   0x080038c4   0x00000028   Code   RO          669    i.FLASH_startWrite  flash.o
    0x080038ec   0x080038ec   0x00000058   Code   RO          672    i.FLASH_writeStr    flash.o
    0x08003944   0x08003944   0x00000002   Code   RO         1829    i.IO_disablePwmCtrl  io.o
    0x08003946   0x08003946   0x00000002   PAD
    0x08003948   0x08003948   0x00000054   Code   RO         1831    i.IO_fanDrvPWM      io.o
    0x0800399c   0x0800399c   0x00000130   Code   RO         1833    i.IO_fanSetSpeed    io.o
    0x08003acc   0x08003acc   0x00000002   Code   RO         1834    i.IO_flset          io.o
    0x08003ace   0x08003ace   0x00000002   PAD
    0x08003ad0   0x08003ad0   0x00000014   Code   RO         1837    i.IO_getIsSlave     io.o
    0x08003ae4   0x08003ae4   0x000000a8   Code   RO         1839    i.IO_init           io.o
    0x08003b8c   0x08003b8c   0x00000018   Code   RO         1840    i.IO_setFanDutyCycle  io.o
    0x08003ba4   0x08003ba4   0x00000056   Code   RO          815    i.MAIN_resetAllAndStart  mainmsp.o
    0x08003bfa   0x08003bfa   0x0000000c   Code   RO          816    i.MAIN_resetRemoteCfg  mainmsp.o
    0x08003c06   0x08003c06   0x00000002   PAD
    0x08003c08   0x08003c08   0x00000228   Code   RO          897    i.MEAS_init         meas.o
    0x08003e30   0x08003e30   0x00000018   Code   RO          903    i.MEAS_updateCharge  meas.o
    0x08003e48   0x08003e48   0x000000f0   Code   RO          904    i.MEAS_updateTempr  meas.o
    0x08003f38   0x08003f38   0x00000002   Code   RO         1958    i.PWM_setFlTrim     pwm.o
    0x08003f3a   0x08003f3a   0x00000002   PAD
    0x08003f3c   0x08003f3c   0x00000014   Code   RO          972    i.SAFETY_fanShutdown  safety.o
    0x08003f50   0x08003f50   0x00000018   Code   RO          973    i.SAFETY_getStatus  safety.o
    0x08003f68   0x08003f68   0x00000020   Code   RO          974    i.SAFETY_init       safety.o
    0x08003f88   0x08003f88   0x00000014   Code   RO          975    i.SAFETY_isShutdown  safety.o
    0x08003f9c   0x08003f9c   0x00000130   Code   RO          977    i.SAFETY_setLimitsHV  safety.o
    0x080040cc   0x080040cc   0x00000130   Code   RO          978    i.SAFETY_setLimitsMV  safety.o
    0x080041fc   0x080041fc   0x00000018   Code   RO         2006    i.SCH_init          sch.o
    0x08004214   0x08004214   0x00000094   Code   RO         2007    i.SCH_runActiveTasks  sch.o
    0x080042a8   0x080042a8   0x00000006   Code   RO         1031    i.SPI_writeRead     spi.o
    0x080042ae   0x080042ae   0x00000002   PAD
    0x080042b0   0x080042b0   0x00000034   Code   RO         1048    i.STATS_getStatus   stats.o
    0x080042e4   0x080042e4   0x00000020   Code   RO         1049    i.STATS_init        stats.o
    0x08004304   0x08004304   0x00000002   Code   RO         1050    i.STATS_updateAll   stats.o
    0x08004306   0x08004306   0x00000002   PAD
    0x08004308   0x08004308   0x0000000c   Code   RO         1926    i.STATUS_getStatus  status.o
    0x08004314   0x08004314   0x00000010   Code   RO         1927    i.STATUS_init       status.o
    0x08004324   0x08004324   0x00000070   Code   RO         1928    i.STATUS_update     status.o
    0x08004394   0x08004394   0x00000010   Code   RO           75    i.SysTick_Handler   main.o
    0x080043a4   0x080043a4   0x0000001c   Code   RO            5    i.SystemInit        system_stm32f3xx.o
    0x080043c0   0x080043c0   0x0000001c   Code   RO         2041    i.TELEM_getStatus   telem.o
    0x080043dc   0x080043dc   0x0000002c   Code   RO         2042    i.TELEM_init        telem.o
    0x08004408   0x08004408   0x00000002   Code   RO         2044    i.TELEM_logIfPeriodElapsed  telem.o
    0x0800440a   0x0800440a   0x00000002   PAD
    0x0800440c   0x0800440c   0x0000000c   Code   RO         1075    i.TIME_get          time.o
    0x08004418   0x08004418   0x00000034   Code   RO         1078    i.TIME_init         time.o
    0x0800444c   0x0800444c   0x0000001c   Code   RO         1081    i.TIME_recFromBc    time.o
    0x08004468   0x08004468   0x00000050   Code   RO         1082    i.TIME_set          time.o
    0x080044b8   0x080044b8   0x000001dc   Code   RO         1141    i.USART1_IRQHandler  usci.o
    0x08004694   0x08004694   0x00000018   Code   RO         1237    i.UTIL_calcChecksum  util.o
    0x080046ac   0x080046ac   0x00000030   Code   RO         1239    i.UTIL_decimalToBcd  util.o
    0x080046dc   0x080046dc   0x00000014   Code   RO         1242    i.UTIL_modAdd       util.o
    0x080046f0   0x080046f0   0x00000008   Code   RO         1243    i.UTIL_putToCircBuffer  util.o
    0x080046f8   0x080046f8   0x00000002   Code   RO         1303    i.VAR_CTRL_setFltrimParams  variant.o
    0x080046fa   0x080046fa   0x00000002   PAD
    0x080046fc   0x080046fc   0x00000018   Code   RO         1297    i.VAR_SAFETY_setLimits  variant.o
    0x08004714   0x08004714   0x0000001a   Code   RO          275    i.__NVIC_EnableIRQ  adc.o
    0x0800472e   0x0800472e   0x00000002   PAD
    0x08004730   0x08004730   0x00000028   Code   RO          276    i.__NVIC_SetPriority  adc.o
    0x08004758   0x08004758   0x00000064   Code   RO          277    i.adcGpioConfig     adc.o
    0x080047bc   0x080047bc   0x00000002   Code   RO          817    i.brief_pause       mainmsp.o
    0x080047be   0x080047be   0x00000002   PAD
    0x080047c0   0x080047c0   0x00000014   Code   RO           76    i.delay_ms          main.o
    0x080047d4   0x080047d4   0x000000c8   Code   RO           77    i.endOfCycleExecute  main.o
    0x0800489c   0x0800489c   0x00000214   Code   RO           78    i.getNewDytyValue   main.o
    0x08004ab0   0x08004ab0   0x000000ac   Code   RO          346    i.getTemperatureValue  termo.o
    0x08004b5c   0x08004b5c   0x00000018   Code   RO          193    i.hrtimerUpdateDuty  hirestim.o
    0x08004b74   0x08004b74   0x00000054   Code   RO          194    i.hrtimersGpioInit  hirestim.o
    0x08004bc8   0x08004bc8   0x0000000c   Code   RO          195    i.hrtimersOutDisable  hirestim.o
    0x08004bd4   0x08004bd4   0x00000020   Code   RO          196    i.hrtimersOutEnable  hirestim.o
    0x08004bf4   0x08004bf4   0x00000198   Code   RO          278    i.initAdcToDualRegularSimultaneousMode  adc.o
    0x08004d8c   0x08004d8c   0x0000003c   Code   RO          245    i.initCoreIoPins    boardinit.o
    0x08004dc8   0x08004dc8   0x00000040   Code   RO          279    i.initDmaForAdc     adc.o
    0x08004e08   0x08004e08   0x00000124   Code   RO          197    i.initHighResolutionTimer  hirestim.o
    0x08004f2c   0x08004f2c   0x00000020   Code   RO         1318    i.lcd_calibrationChanged  lcd.o
    0x08004f4c   0x08004f4c   0x00000002   Code   RO         1319    i.lcd_canRecved     lcd.o
    0x08004f4e   0x08004f4e   0x00000002   PAD
    0x08004f50   0x08004f50   0x00000024   Code   RO         1320    i.lcd_checkPersistentUpdate  lcd.o
    0x08004f74   0x08004f74   0x00000040   Code   RO         1321    i.lcd_check_calibration  lcd.o
    0x08004fb4   0x08004fb4   0x00000040   Code   RO         1322    i.lcd_copyProductInfo  lcd.o
    0x08004ff4   0x08004ff4   0x0000000c   Code   RO         1323    i.lcd_eraseDoneCallback  lcd.o
    0x08005000   0x08005000   0x000001bc   Code   RO         1324    i.lcd_init          lcd.o
    0x080051bc   0x080051bc   0x00000128   Code   RO         1325    i.lcd_loadEventsDefaults  lcd.o
    0x080052e4   0x080052e4   0x000000fc   Code   RO         1326    i.lcd_loadFactoryDefaults  lcd.o
    0x080053e0   0x080053e0   0x0000002c   Code   RO         1327    i.lcd_loadMiscStateDefaults  lcd.o
    0x0800540c   0x0800540c   0x0000000c   Code   RO         1328    i.lcd_loadPersistentDefaults  lcd.o
    0x08005418   0x08005418   0x00000074   Code   RO         1329    i.lcd_loadSysInfo   lcd.o
    0x0800548c   0x0800548c   0x000000f4   Code   RO         1330    i.lcd_loadTelemetry  lcd.o
    0x08005580   0x08005580   0x000000a0   Code   RO         1331    i.lcd_loadUserDefaults  lcd.o
    0x08005620   0x08005620   0x00000034   Code   RO         1332    i.lcd_queueWrite    lcd.o
    0x08005654   0x08005654   0x00000054   Code   RO         1333    i.lcd_read_flash    lcd.o
    0x080056a8   0x080056a8   0x00000002   Code   RO         1334    i.lcd_restoreCalibration  lcd.o
    0x080056aa   0x080056aa   0x00000002   PAD
    0x080056ac   0x080056ac   0x00000254   Code   RO         1335    i.lcd_runCfgStateMachine  lcd.o
    0x08005900   0x08005900   0x00000064   Code   RO         1336    i.lcd_startWrite    lcd.o
    0x08005964   0x08005964   0x00000040   Code   RO         1337    i.lcd_startWriteCalibrationBackup  lcd.o
    0x080059a4   0x080059a4   0x0000001c   Code   RO         1338    i.lcd_startWriteEvents  lcd.o
    0x080059c0   0x080059c0   0x0000001c   Code   RO         1339    i.lcd_startWriteFactory  lcd.o
    0x080059dc   0x080059dc   0x0000001c   Code   RO         1340    i.lcd_startWriteMiscState  lcd.o
    0x080059f8   0x080059f8   0x00000060   Code   RO         1341    i.lcd_startWritePacket  lcd.o
    0x08005a58   0x08005a58   0x0000001c   Code   RO         1342    i.lcd_startWritePersistent  lcd.o
    0x08005a74   0x08005a74   0x00000018   Code   RO         1343    i.lcd_startWriteUser  lcd.o
    0x08005a8c   0x08005a8c   0x00000018   Code   RO         1344    i.lcd_update        lcd.o
    0x08005aa4   0x08005aa4   0x00000490   Code   RO         1345    i.lcd_update_local_config  lcd.o
    0x08005f34   0x08005f34   0x0000025c   Code   RO         1346    i.lcd_update_remote_config  lcd.o
    0x08006190   0x08006190   0x0000001c   Code   RO         1142    i.loadPassword      usci.o
    0x080061ac   0x080061ac   0x00000100   Code   RO           79    i.main              main.o
    0x080062ac   0x080062ac   0x0000001c   Code   RO          819    i.mainMSPinit       mainmsp.o
    0x080062c8   0x080062c8   0x00000016   Code   RO          820    i.mainMSPloop       mainmsp.o
    0x080062de   0x080062de   0x00000002   PAD
    0x080062e0   0x080062e0   0x00000080   Code   RO           80    i.measureExecute    main.o
    0x08006360   0x08006360   0x00000036   Code   RO          280    i.setAdcMasterAnalogWatchdogThresholds  adc.o
    0x08006396   0x08006396   0x00000002   PAD
    0x08006398   0x08006398   0x000000e8   Code   RO          246    i.setSystemClock    boardinit.o
    0x08006480   0x08006480   0x000000c4   Code   RO         1143    i.uart_init         usci.o
    0x08006544   0x08006544   0x00000234   Code   RO         1144    i.uart_receive      usci.o
    0x08006778   0x08006778   0x000001b4   Code   RO         1145    i.uart_send         usci.o
    0x0800692c   0x0800692c   0x00000010   Code   RO         1146    i.uart_send_error   usci.o
    0x0800693c   0x0800693c   0x00000018   Code   RO         1147    i.uart_send_response  usci.o
    0x08006954   0x08006954   0x0000000e   Code   RO         1148    i.uart_send_startup  usci.o
    0x08006962   0x08006962   0x00000002   PAD
    0x08006964   0x08006964   0x00000048   Code   RO         1149    i.uart_tx           usci.o
    0x080069ac   0x080069ac   0x0000003a   Code   RO          281    i.updateAverageValue  adc.o
    0x080069e6   0x080069e6   0x00000002   PAD
    0x080069e8   0x080069e8   0x00000120   Code   RO          282    i.updateCalcValue   adc.o
    0x08006b08   0x08006b08   0x0000001c   Code   RO          283    i.updateSumValue    adc.o
    0x08006b24   0x08006b24   0x0000002c   Code   RO         2190    locale$$code        c_w.l(lc_ctype_c.o)
    0x08006b50   0x08006b50   0x00000062   Code   RO         2093    x$fpl$d2f           fz_wm.l(d2f.o)
    0x08006bb2   0x08006bb2   0x00000002   PAD
    0x08006bb4   0x08006bb4   0x00000150   Code   RO         2095    x$fpl$dadd          fz_wm.l(daddsub_clz.o)
    0x08006d04   0x08006d04   0x00000018   Code   RO         2143    x$fpl$dcmpinf       fz_wm.l(dcmpi.o)
    0x08006d1c   0x08006d1c   0x000002b0   Code   RO         2102    x$fpl$ddiv          fz_wm.l(ddiv.o)
    0x08006fcc   0x08006fcc   0x0000005e   Code   RO         2105    x$fpl$dfix          fz_wm.l(dfix.o)
    0x0800702a   0x0800702a   0x00000002   PAD
    0x0800702c   0x0800702c   0x0000005a   Code   RO         2109    x$fpl$dfixu         fz_wm.l(dfixu.o)
    0x08007086   0x08007086   0x00000002   PAD
    0x08007088   0x08007088   0x00000078   Code   RO         2119    x$fpl$dleqf         fz_wm.l(dleqf.o)
    0x08007100   0x08007100   0x00000154   Code   RO         2121    x$fpl$dmul          fz_wm.l(dmul.o)
    0x08007254   0x08007254   0x0000009c   Code   RO         2145    x$fpl$dnaninf       fz_wm.l(dnaninf.o)
    0x080072f0   0x080072f0   0x0000000c   Code   RO         2147    x$fpl$dretinf       fz_wm.l(dretinf.o)
    0x080072fc   0x080072fc   0x0000006c   Code   RO         2123    x$fpl$drleqf        fz_wm.l(drleqf.o)
    0x08007368   0x08007368   0x000001d4   Code   RO         2097    x$fpl$dsub          fz_wm.l(daddsub_clz.o)
    0x0800753c   0x0800753c   0x00000056   Code   RO         2125    x$fpl$f2d           fz_wm.l(f2d.o)
    0x08007592   0x08007592   0x0000008c   Code   RO         2149    x$fpl$fnaninf       fz_wm.l(fnaninf.o)
    0x0800761e   0x0800761e   0x0000000a   Code   RO         2274    x$fpl$fpinit        fz_wm.l(fpinit.o)
    0x08007628   0x08007628   0x0000000a   Code   RO         2151    x$fpl$fretinf       fz_wm.l(fretinf.o)
    0x08007632   0x08007632   0x00000000   Code   RO         2153    x$fpl$usenofp       fz_wm.l(usenofp.o)
    0x08007632   0x08007632   0x00000042   Data   RO          347    .constdata          termo.o
    0x08007674   0x08007674   0x00000130   Data   RO          906    .constdata          meas.o
    0x080077a4   0x080077a4   0x00000040   Data   RO         1929    .constdata          status.o
    0x080077e4   0x080077e4   0x00000020   Data   RO         2330    Region$$Table       anon$$obj.o
    0x08007804   0x08007804   0x00000110   Data   RO         2189    locale$$data        c_w.l(lc_ctype_c.o)


    Execution Region RW_IRAM1 (Exec base: 0x20000000, Load base: 0x08007914, Size: 0x00001828, Max: 0x00004000, ABSOLUTE, COMPRESSED[0x00000180])

    Exec Addr    Load Addr    Size         Type   Attr      Idx    E Section Name        Object

    0x20000000   COMPRESSED   0x00000004   Data   RW            7    .data               system_stm32f3xx.o
    0x20000004   COMPRESSED   0x00000024   Data   RW           82    .data               main.o
    0x20000028   COMPRESSED   0x00000164   Data   RW          410    .data               cfg.o
    0x2000018c   COMPRESSED   0x00000042   Data   RW          522    .data               crc16.o
    0x200001ce   COMPRESSED   0x00000002   PAD
    0x200001d0   COMPRESSED   0x00000004   Data   RW          907    .data               meas.o
    0x200001d4   COMPRESSED   0x0000001d   Data   RW          981    .data               safety.o
    0x200001f1   COMPRESSED   0x00000007   PAD
    0x200001f8   COMPRESSED   0x0000001c   Data   RW         1084    .data               time.o
    0x20000214   COMPRESSED   0x00000004   PAD
    0x20000218   COMPRESSED   0x00000034   Data   RW         1153    .data               usci.o
    0x2000024c   COMPRESSED   0x00000008   Data   RW         1285    .data               variant.o
    0x20000254   COMPRESSED   0x00000020   Data   RW         1348    .data               lcd.o
    0x20000274   COMPRESSED   0x00000010   Data   RW         1529    .data               can.o
    0x20000284   COMPRESSED   0x00000004   Data   RW         1601    .data               comms.o
    0x20000288   COMPRESSED   0x00000034   Data   RW         1738    .data               ctrl.o
    0x200002bc   COMPRESSED   0x00000034   Data   RW         1842    .data               io.o
    0x200002f0   COMPRESSED   0x00000008   Data   RW         1930    .data               status.o
    0x200002f8   COMPRESSED   0x000000f8   Data   RW         2008    .data               sch.o
    0x200003f0        -       0x000000d8   Zero   RW           81    .bss                main.o
    0x200004c8        -       0x000001a0   Zero   RW          559    .bss                flag.o
    0x20000668        -       0x000000e4   Zero   RW          673    .bss                flash.o
    0x2000074c        -       0x000000e4   Zero   RW          905    .bss                meas.o
    0x20000830        -       0x00000024   Zero   RW          980    .bss                safety.o
    0x20000854   COMPRESSED   0x00000004   PAD
    0x20000858        -       0x00000128   Zero   RW         1051    .bss                stats.o
    0x20000980        -       0x00000514   Zero   RW         1152    .bss                usci.o
    0x20000e94        -       0x000000c0   Zero   RW         1347    .bss                lcd.o
    0x20000f54   COMPRESSED   0x00000004   PAD
    0x20000f58        -       0x000001b0   Zero   RW         1528    .bss                can.o
    0x20001108        -       0x00000010   Zero   RW         1600    .bss                comms.o
    0x20001118        -       0x00000068   Zero   RW         1737    .bss                ctrl.o
    0x20001180        -       0x00000048   Zero   RW         2045    .bss                telem.o
    0x200011c8        -       0x00000060   Zero   RW         2155    .bss                c_w.l(libspace.o)
    0x20001228        -       0x00000200   Zero   RW           64    HEAP                startup_stm32f334x8.o
    0x20001428        -       0x00000400   Zero   RW           63    STACK               startup_stm32f334x8.o


==============================================================================

Image component sizes


      Code (inc. data)   RO Data    RW Data    ZI Data      Debug   Object Name

      1066        106          0          0          0      33973   adc.o
       292         22          0          0          0       1146   boardinit.o
      2340         94          0         16        432       6350   can.o
      1340        182          0        356          0      15553   cfg.o
      2248        172          0          4         16      12577   comms.o
       328         28          0         66          0       2289   crc16.o
      1704        144          0         52        104       7869   ctrl.o
      3886        136          0          0        416      11547   flag.o
       604         50          0          0        228       8476   flash.o
       444         46          0          0          0      31237   hirestim.o
       604        132          0         52          0       4406   io.o
      4704        484          0         32        192      18457   lcd.o
      1232        140          0         36        216      37771   main.o
       150          0          0          0          0       8508   mainmsp.o
       816         86        304          4        228       4872   meas.o
         2          0          0          0          0        472   pwm.o
       704        134          0         29         36       5110   safety.o
       172         24          0        248          0       2057   sch.o
         6          0          0          0          0        524   spi.o
        64         26        392          0       1536        832   startup_stm32f334x8.o
        86          8          0          0        296       2633   stats.o
       140         20         64          8          0       2422   status.o
        28          4          0          4          0     540895   system_stm32f3xx.o
        74         10          0          0         72       2987   telem.o
       172          8         66          0          0       1626   termo.o
       172         46          0         28          0       2931   time.o
      1826        180          0         52       1300      36720   usci.o
       100          0          0          0          0       2925   util.o
        26          4          0          8          0       1758   variant.o

    ----------------------------------------------------------------------
     25368       2286        858       1008       5080     808923   Object Totals
         0          0         32          0          0          0   (incl. Generated)
        38          0          0         13          8          0   (incl. Padding)

    ----------------------------------------------------------------------

      Code (inc. data)   RO Data    RW Data    ZI Data      Debug   Library Member Name

        90          0          0          0          0          0   __dczerorl2.o
         8          0          0          0          0         68   __main.o
         0          0          0          0          0          0   __rtentry.o
        12          0          0          0          0          0   __rtentry2.o
         6          0          0          0          0          0   __rtentry4.o
        52          8          0          0          0          0   __scatter.o
        28          0          0          0          0          0   __scatter_zi.o
        28          0          0          0          0         68   _chval.o
       158          0          0          0          0         92   _strtoul.o
        26          0          0          0          0         80   atoi.o
        18          0          0          0          0         80   exit.o
         6          0          0          0          0        152   heapauxi.o
         0          0          0          0          0          0   indicate_semi.o
        44         10        272          0          0         76   lc_ctype_c.o
         2          0          0          0          0          0   libinit.o
        24          0          0          0          0          0   libinit2.o
         2          0          0          0          0          0   libshutdown.o
         2          0          0          0          0          0   libshutdown2.o
         8          4          0          0         96         68   libspace.o
        38          0          0          0          0         68   llshl.o
       238          0          0          0          0        100   lludivv7m.o
        16          4          0          0          0         76   rt_ctype_table.o
         8          4          0          0          0         68   rt_errno_addr_intlibspace.o
         8          4          0          0          0         68   rt_locale_intlibspace.o
        68          0          0          0          0         68   rt_memclr.o
        78          0          0          0          0         80   rt_memclr_w.o
       138          0          0          0          0         68   rt_memcpy_v6.o
       100          0          0          0          0         80   rt_memcpy_w.o
         2          0          0          0          0          0   rtexit.o
        10          0          0          0          0          0   rtexit2.o
       128          0          0          0          0         68   strcmpv7m.o
        72          0          0          0          0         80   strcpy.o
        86          0          0          0          0         76   strncpy.o
       112          0          0          0          0         88   strtol.o
        12          4          0          0          0         68   sys_exit.o
        74          0          0          0          0         80   sys_stackheap_outer.o
         2          0          0          0          0         68   use_no_semi.o
        98          4          0          0          0        140   d2f.o
       804         16          0          0          0        368   daddsub_clz.o
        24          0          0          0          0        116   dcmpi.o
       688        140          0          0          0        256   ddiv.o
        94          4          0          0          0        140   dfix.o
        90          4          0          0          0        140   dfixu.o
       120          4          0          0          0        140   dleqf.o
       340         12          0          0          0        152   dmul.o
       156          4          0          0          0        140   dnaninf.o
        12          0          0          0          0        116   dretinf.o
       108          0          0          0          0        128   drleqf.o
        86          4          0          0          0        132   f2d.o
       140          4          0          0          0        132   fnaninf.o
        10          0          0          0          0        116   fpinit.o
        10          0          0          0          0        116   fretinf.o
         0          0          0          0          0          0   usenofp.o

    ----------------------------------------------------------------------
      4498        234        272          0         96       4220   Library Totals
        14          0          0          0          0          0   (incl. Padding)

    ----------------------------------------------------------------------

      Code (inc. data)   RO Data    RW Data    ZI Data      Debug   Library Name

      1704         38        272          0         96       1888   c_w.l
      2780        196          0          0          0       2332   fz_wm.l

    ----------------------------------------------------------------------
      4498        234        272          0         96       4220   Library Totals

    ----------------------------------------------------------------------

==============================================================================


      Code (inc. data)   RO Data    RW Data    ZI Data      Debug   

     29866       2520       1130       1008       5176     794303   Grand Totals
     29866       2520       1130        384       5176     794303   ELF Image Totals (compressed)
     29866       2520       1130        384          0          0   ROM Totals

==============================================================================

    Total RO  Size (Code + RO Data)                30996 (  30.27kB)
    Total RW  Size (RW Data + ZI Data)              6184 (   6.04kB)
    Total ROM Size (Code + RO Data + RW Data)      31380 (  30.64kB)

==============================================================================

