Component: ARM Compiler 5.06 update 6 (build 750) Tool: armlink [4d35ed]

==============================================================================

Section Cross References

    system_stm32f3xx.o(i.SystemCoreClockUpdate) refers to main.o(.data) for SystemCoreClock
    system_stm32f3xx.o(i.SystemCoreClockUpdate) refers to system_stm32f3xx.o(.constdata) for AHBPrescTable
    startup_stm32f334x8.o(STACK) refers (Special) to heapauxi.o(.text) for __use_two_region_memory
    startup_stm32f334x8.o(HEAP) refers (Special) to heapauxi.o(.text) for __use_two_region_memory
    startup_stm32f334x8.o(RESET) refers (Special) to heapauxi.o(.text) for __use_two_region_memory
    startup_stm32f334x8.o(RESET) refers to startup_stm32f334x8.o(STACK) for __initial_sp
    startup_stm32f334x8.o(RESET) refers to startup_stm32f334x8.o(.text) for Reset_Handler
    startup_stm32f334x8.o(RESET) refers to main.o(i.SysTick_Handler) for SysTick_Handler
    startup_stm32f334x8.o(RESET) refers to dcdc.o(i.EXTI0_IRQHandler) for EXTI0_IRQHandler
    startup_stm32f334x8.o(RESET) refers to dcdc.o(i.DMA1_Channel1_IRQHandler) for DMA1_Channel1_IRQHandler
    startup_stm32f334x8.o(RESET) refers to dcdc.o(i.ADC1_2_IRQHandler) for ADC1_2_IRQHandler
    startup_stm32f334x8.o(RESET) refers to main.o(i.TIM3_IRQHandler) for TIM3_IRQHandler
    startup_stm32f334x8.o(RESET) refers to usci.o(i.USART1_IRQHandler) for USART1_IRQHandler
    startup_stm32f334x8.o(RESET) refers to dcdc.o(i.HRTIM1_TIMA_IRQHandler) for HRTIM1_TIMA_IRQHandler
    startup_stm32f334x8.o(.text) refers (Special) to heapauxi.o(.text) for __use_two_region_memory
    startup_stm32f334x8.o(.text) refers to system_stm32f3xx.o(i.SystemInit) for SystemInit
    startup_stm32f334x8.o(.text) refers to __main.o(!!!main) for __main
    startup_stm32f334x8.o(.text) refers to startup_stm32f334x8.o(HEAP) for Heap_Mem
    startup_stm32f334x8.o(.text) refers to startup_stm32f334x8.o(STACK) for Stack_Mem
    main.o(i.SysTick_Handler) refers to main.o(.data) for sysTickCounter
    main.o(i.TIM3_IRQHandler) refers to pwm.o(i.PWM_isr) for PWM_isr
    main.o(i.debugFSM) refers to dcdc.o(i.DCDC_Start_Stop) for DCDC_Start_Stop
    main.o(i.debugFSM) refers to dcdc.o(i.setVin) for setVin
    main.o(i.debugFSM) refers to main.o(.data) for debugFSM_calc
    main.o(i.main) refers to boardinit.o(i.setSystemClock) for setSystemClock
    main.o(i.main) refers to dcdc.o(i.DCDC_Init) for DCDC_Init
    main.o(i.main) refers to tim3.o(i.initTim3) for initTim3
    main.o(i.main) refers to io.o(i.IO_init) for IO_init
    main.o(i.main) refers to usci.o(i.uart_init) for uart_init
    main.o(i.main) refers to mainmsp.o(i.mainMSPinit) for mainMSPinit
    main.o(i.main) refers to meas.o(i.MEAS_update) for MEAS_update
    main.o(i.main) refers to dcdc.o(i.DCDC_Loop) for DCDC_Loop
    main.o(i.main) refers to mainmsp.o(i.mainMSPloop) for mainMSPloop
    main.o(i.main) refers to main.o(.data) for SystemCoreClock
    hirestim.o(i.initHighResolutionTimer) refers to hirestim.o(i.hrtimersGpioInit) for hrtimersGpioInit
    adc.o(i.initAdcToDualRegularSimultaneousMode) refers to adc.o(i.adcGpioConfig) for adcGpioConfig
    adc.o(i.initAdcToDualRegularSimultaneousMode) refers to adc.o(i.__NVIC_SetPriority) for __NVIC_SetPriority
    adc.o(i.initAdcToDualRegularSimultaneousMode) refers to adc.o(i.__NVIC_EnableIRQ) for __NVIC_EnableIRQ
    adc.o(i.initAdcToDualRegularSimultaneousMode) refers to main.o(.data) for SystemCoreClock
    adc.o(i.initDmaForAdc) refers to adc.o(i.__NVIC_SetPriority) for __NVIC_SetPriority
    adc.o(i.initDmaForAdc) refers to adc.o(i.__NVIC_EnableIRQ) for __NVIC_EnableIRQ
    termo.o(i.getTemperatureValue) refers to termo.o(.constdata) for termoTable
    cfg.o(i.CFG_checkRanges) refers to f2d.o(x$fpl$f2d) for __aeabi_f2d
    cfg.o(i.CFG_checkRanges) refers to dleqf.o(x$fpl$dleqf) for __aeabi_cdcmple
    cfg.o(i.CFG_checkRanges) refers to drleqf.o(x$fpl$drleqf) for __aeabi_cdrcmple
    cfg.o(i.CFG_checkRanges) refers to cfg.o(.data) for CFG_remoteCfg
    cfg.o(i.CFG_configRangesOk) refers to cfg.o(.data) for cfg
    cfg.o(i.CFG_getLocalCfgAddr) refers to cfg.o(.data) for CFG_localCfg
    cfg.o(i.CFG_getReadonlyCfgAddr) refers to cfg.o(.data) for readonlyCfg
    cfg.o(i.CFG_getRemoteCfgAddr) refers to cfg.o(.data) for CFG_remoteCfg
    cfg.o(i.CFG_getStatus) refers to cfg.o(.data) for cfg
    cfg.o(i.CFG_init) refers to util.o(i.UTIL_calcChecksum) for UTIL_calcChecksum
    cfg.o(i.CFG_init) refers to cfg.o(i.CFG_checkRanges) for CFG_checkRanges
    cfg.o(i.CFG_init) refers to variant.o(.data) for hware
    cfg.o(i.CFG_init) refers to cfg.o(.data) for readonlyCfg
    crc16.o(i.CRC16_Update4Bits) refers to crc16.o(.data) for CRC16_High
    crc16.o(i.CalculateCRC16) refers to crc16.o(i.CRC16_Update4Bits) for CRC16_Update4Bits
    crc16.o(i.CalculateCRC16) refers to crc16.o(.data) for CRC16_High
    flag.o(i.FLAG_checkAllFlags) refers to flag.o(i.FLAG_checkFlagTrig) for FLAG_checkFlagTrig
[...]
    __scatterload_null                       0x0800019f   Thumb Code     0  __scatter.o(!!!scatter)
    __decompress                             0x080001c5   Thumb Code    90  __dczerorl2.o(!!dczerorl2)
    __decompress1                            0x080001c5   Thumb Code     0  __dczerorl2.o(!!dczerorl2)
    __scatterload_zeroinit                   0x08000221   Thumb Code    28  __scatter_zi.o(!!handler_zi)
    __rt_lib_init                            0x0800023d   Thumb Code     0  libinit.o(.ARM.Collect$$libinit$$00000000)
    __rt_lib_init_fp_1                       0x0800023f   Thumb Code     0  libinit2.o(.ARM.Collect$$libinit$$00000001)
    __rt_lib_init_heap_1                     0x08000243   Thumb Code     0  libinit2.o(.ARM.Collect$$libinit$$0000000A)
    __rt_lib_init_lc_common                  0x08000243   Thumb Code     0  libinit2.o(.ARM.Collect$$libinit$$0000000F)
    __rt_lib_init_preinit_1                  0x08000243   Thumb Code     0  libinit2.o(.ARM.Collect$$libinit$$00000004)
    __rt_lib_init_rand_1                     0x08000243   Thumb Code     0  libinit2.o(.ARM.Collect$$libinit$$0000000E)
    __rt_lib_init_user_alloc_1               0x08000243   Thumb Code     0  libinit2.o(.ARM.Collect$$libinit$$0000000C)
    __rt_lib_init_lc_collate_1               0x08000249   Thumb Code     0  libinit2.o(.ARM.Collect$$libinit$$00000011)
    __rt_lib_init_lc_ctype_2                 0x08000249   Thumb Code     0  libinit2.o(.ARM.Collect$$libinit$$00000012)
    __rt_lib_init_alloca_1                   0x08000255   Thumb Code     0  libinit2.o(.ARM.Collect$$libinit$$0000002E)
    __rt_lib_init_argv_1                     0x08000255   Thumb Code     0  libinit2.o(.ARM.Collect$$libinit$$0000002C)
    __rt_lib_init_atexit_1                   0x08000255   Thumb Code     0  libinit2.o(.ARM.Collect$$libinit$$0000001B)
    __rt_lib_init_clock_1                    0x08000255   Thumb Code     0  libinit2.o(.ARM.Collect$$libinit$$00000021)
    __rt_lib_init_cpp_1                      0x08000255   Thumb Code     0  libinit2.o(.ARM.Collect$$libinit$$00000032)
    __rt_lib_init_exceptions_1               0x08000255   Thumb Code     0  libinit2.o(.ARM.Collect$$libinit$$00000030)
    __rt_lib_init_fp_trap_1                  0x08000255   Thumb Code     0  libinit2.o(.ARM.Collect$$libinit$$0000001F)
    __rt_lib_init_getenv_1                   0x08000255   Thumb Code     0  libinit2.o(.ARM.Collect$$libinit$$00000023)
    __rt_lib_init_lc_ctype_1                 0x08000255   Thumb Code     0  libinit2.o(.ARM.Collect$$libinit$$00000013)
    __rt_lib_init_lc_monetary_1              0x08000255   Thumb Code     0  libinit2.o(.ARM.Collect$$libinit$$00000015)
    __rt_lib_init_lc_numeric_1               0x08000255   Thumb Code     0  libinit2.o(.ARM.Collect$$libinit$$00000017)
    __rt_lib_init_lc_time_1                  0x08000255   Thumb Code     0  libinit2.o(.ARM.Collect$$libinit$$00000019)
    __rt_lib_init_return                     0x08000255   Thumb Code     0  libinit2.o(.ARM.Collect$$libinit$$00000033)
    __rt_lib_init_signal_1                   0x08000255   Thumb Code     0  libinit2.o(.ARM.Collect$$libinit$$0000001D)
    __rt_lib_init_stdio_1                    0x08000255   Thumb Code     0  libinit2.o(.ARM.Collect$$libinit$$00000025)
    __rt_lib_shutdown                        0x08000257   Thumb Code     0  libshutdown.o(.ARM.Collect$$libshutdown$$00000000)
    __rt_lib_shutdown_cpp_1                  0x08000259   Thumb Code     0  libshutdown2.o(.ARM.Collect$$libshutdown$$00000002)
    __rt_lib_shutdown_fp_trap_1              0x08000259   Thumb Code     0  libshutdown2.o(.ARM.Collect$$libshutdown$$00000007)
    __rt_lib_shutdown_heap_1                 0x08000259   Thumb Code     0  libshutdown2.o(.ARM.Collect$$libshutdown$$0000000F)
    __rt_lib_shutdown_return                 0x08000259   Thumb Code     0  libshutdown2.o(.ARM.Collect$$libshutdown$$00000010)
    __rt_lib_shutdown_signal_1               0x08000259   Thumb Code     0  libshutdown2.o(.ARM.Collect$$libshutdown$$0000000A)
    __rt_lib_shutdown_stdio_1                0x08000259   Thumb Code     0  libshutdown2.o(.ARM.Collect$$libshutdown$$00000004)
    __rt_lib_shutdown_user_alloc_1           0x08000259   Thumb Code     0  libshutdown2.o(.ARM.Collect$$libshutdown$$0000000C)
    __rt_entry                               0x0800025b   Thumb Code     0  __rtentry.o(.ARM.Collect$$rtentry$$00000000)
    __rt_entry_presh_1                       0x0800025b   Thumb Code     0  __rtentry2.o(.ARM.Collect$$rtentry$$00000002)
    __rt_entry_sh                            0x0800025b   Thumb Code     0  __rtentry4.o(.ARM.Collect$$rtentry$$00000004)
    __rt_entry_li                            0x08000261   Thumb Code     0  __rtentry2.o(.ARM.Collect$$rtentry$$0000000A)
    __rt_entry_postsh_1                      0x08000261   Thumb Code     0  __rtentry2.o(.ARM.Collect$$rtentry$$00000009)
    __rt_entry_main                          0x08000265   Thumb Code     0  __rtentry2.o(.ARM.Collect$$rtentry$$0000000D)
    __rt_entry_postli_1                      0x08000265   Thumb Code     0  __rtentry2.o(.ARM.Collect$$rtentry$$0000000C)
    __rt_exit                                0x0800026d   Thumb Code     0  rtexit.o(.ARM.Collect$$rtexit$$00000000)
    __rt_exit_ls                             0x0800026f   Thumb Code     0  rtexit2.o(.ARM.Collect$$rtexit$$00000003)
    __rt_exit_prels_1                        0x0800026f   Thumb Code     0  rtexit2.o(.ARM.Collect$$rtexit$$00000002)
    __rt_exit_exit                           0x08000273   Thumb Code     0  rtexit2.o(.ARM.Collect$$rtexit$$00000004)
    Reset_Handler                            0x08000279   Thumb Code     8  startup_stm32f334x8.o(.text)
    NMI_Handler                              0x08000281   Thumb Code     2  startup_stm32f334x8.o(.text)
    HardFault_Handler                        0x08000283   Thumb Code     2  startup_stm32f334x8.o(.text)
    MemManage_Handler                        0x08000285   Thumb Code     2  startup_stm32f334x8.o(.text)
    BusFault_Handler                         0x08000287   Thumb Code     2  startup_stm32f334x8.o(.text)
    UsageFault_Handler                       0x08000289   Thumb Code     2  startup_stm32f334x8.o(.text)
    SVC_Handler                              0x0800028b   Thumb Code     2  startup_stm32f334x8.o(.text)
    DebugMon_Handler                         0x0800028d   Thumb Code     2  startup_stm32f334x8.o(.text)
    PendSV_Handler                           0x0800028f   Thumb Code     2  startup_stm32f334x8.o(.text)
    CAN_RX0_IRQHandler                       0x08000293   Thumb Code     0  startup_stm32f334x8.o(.text)
    CAN_RX1_IRQHandler                       0x08000293   Thumb Code     0  startup_stm32f334x8.o(.text)
    CAN_SCE_IRQHandler                       0x08000293   Thumb Code     0  startup_stm32f334x8.o(.text)
    CAN_TX_IRQHandler                        0x08000293   Thumb Code     0  startup_stm32f334x8.o(.text)
    COMP2_IRQHandler                         0x08000293   Thumb Code     0  startup_stm32f334x8.o(.text)
    COMP4_6_IRQHandler                       0x08000293   Thumb Code     0  startup_stm32f334x8.o(.text)
    DMA1_Channel2_IRQHandler                 0x08000293   Thumb Code     0  startup_stm32f334x8.o(.text)
    DMA1_Channel3_IRQHandler                 0x08000293   Thumb Code     0  startup_stm32f334x8.o(.text)
    DMA1_Channel4_IRQHandler                 0x08000293   Thumb Code     0  startup_stm32f334x8.o(.text)
    DMA1_Channel5_IRQHandler                 0x08000293   Thumb Code     0  startup_stm32f334x8.o(.text)
    DMA1_Channel6_IRQHandler                 0x08000293   Thumb Code     0  startup_stm32f334x8.o(.text)
    DMA1_Channel7_IRQHandler                 0x08000293   Thumb Code     0  startup_stm32f334x8.o(.text)
    EXTI15_10_IRQHandler                     0x08000293   Thumb Code     0  startup_stm32f334x8.o(.text)
    EXTI1_IRQHandler                         0x08000293   Thumb Code     0  startup_stm32f334x8.o(.text)
    EXTI2_TSC_IRQHandler                     0x08000293   Thumb Code     0  startup_stm32f334x8.o(.text)
    EXTI3_IRQHandler                         0x08000293   Thumb Code     0  startup_stm32f334x8.o(.text)
    EXTI4_IRQHandler                         0x08000293   Thumb Code     0  startup_stm32f334x8.o(.text)
    EXTI9_5_IRQHandler                       0x08000293   Thumb Code     0  startup_stm32f334x8.o(.text)
    FLASH_IRQHandler                         0x08000293   Thumb Code     0  startup_stm32f334x8.o(.text)
    FPU_IRQHandler                           0x08000293   Thumb Code     0  startup_stm32f334x8.o(.text)
    HRTIM1_FLT_IRQHandler                    0x08000293   Thumb Code     0  startup_stm32f334x8.o(.text)
    HRTIM1_Master_IRQHandler                 0x08000293   Thumb Code     0  startup_stm32f334x8.o(.text)
    HRTIM1_TIMB_IRQHandler                   0x08000293   Thumb Code     0  startup_stm32f334x8.o(.text)
    HRTIM1_TIMC_IRQHandler                   0x08000293   Thumb Code     0  startup_stm32f334x8.o(.text)
    HRTIM1_TIMD_IRQHandler                   0x08000293   Thumb Code     0  startup_stm32f334x8.o(.text)
    HRTIM1_TIME_IRQHandler                   0x08000293   Thumb Code     0  startup_stm32f334x8.o(.text)
    I2C1_ER_IRQHandler                       0x08000293   Thumb Code     0  startup_stm32f334x8.o(.text)
    I2C1_EV_IRQHandler                       0x08000293   Thumb Code     0  startup_stm32f334x8.o(.text)
    PVD_IRQHandler                           0x08000293   Thumb Code     0  startup_stm32f334x8.o(.text)
    RCC_IRQHandler                           0x08000293   Thumb Code     0  startup_stm32f334x8.o(.text)
    RTC_Alarm_IRQHandler                     0x08000293   Thumb Code     0  startup_stm32f334x8.o(.text)
    RTC_WKUP_IRQHandler                      0x08000293   Thumb Code     0  startup_stm32f334x8.o(.text)
    SPI1_IRQHandler                          0x08000293   Thumb Code     0  startup_stm32f334x8.o(.text)
    TAMP_STAMP_IRQHandler                    0x08000293   Thumb Code     0  startup_stm32f334x8.o(.text)
    TIM1_BRK_TIM15_IRQHandler                0x08000293   Thumb Code     0  startup_stm32f334x8.o(.text)
    TIM1_CC_IRQHandler                       0x08000293   Thumb Code     0  startup_stm32f334x8.o(.text)
    TIM1_TRG_COM_TIM17_IRQHandler            0x08000293   Thumb Code     0  startup_stm32f334x8.o(.text)
    TIM1_UP_TIM16_IRQHandler                 0x08000293   Thumb Code     0  startup_stm32f334x8.o(.text)
    TIM2_IRQHandler                          0x08000293   Thumb Code     0  startup_stm32f334x8.o(.text)
    TIM6_DAC1_IRQHandler                     0x08000293   Thumb Code     0  startup_stm32f334x8.o(.text)
    TIM7_DAC2_IRQHandler                     0x08000293   Thumb Code     0  startup_stm32f334x8.o(.text)
    USART2_IRQHandler                        0x08000293   Thumb Code     0  startup_stm32f334x8.o(.text)
    USART3_IRQHandler                        0x08000293   Thumb Code     0  startup_stm32f334x8.o(.text)
    WWDG_IRQHandler                          0x08000293   Thumb Code     0  startup_stm32f334x8.o(.text)
    __user_initial_stackheap                 0x08000295   Thumb Code     0  startup_stm32f334x8.o(.text)
    __aeabi_uldivmod                         0x080002b9   Thumb Code     0  lludivv7m.o(.text)
    _ll_udiv                                 0x080002b9   Thumb Code   238  lludivv7m.o(.text)
    __aeabi_llsl                             0x080003a7   Thumb Code     0  llshl.o(.text)
    _ll_shift_l                              0x080003a7   Thumb Code    38  llshl.o(.text)
    atoi                                     0x080003cd   Thumb Code    26  atoi.o(.text)
    strcpy                                   0x080003e7   Thumb Code    72  strcpy.o(.text)
    __aeabi_memcpy                           0x0800042f   Thumb Code     0  rt_memcpy_v6.o(.text)
    __rt_memcpy                              0x0800042f   Thumb Code   138  rt_memcpy_v6.o(.text)
    _memcpy_lastbytes                        0x08000495   Thumb Code     0  rt_memcpy_v6.o(.text)
    strncpy                                  0x080004b9   Thumb Code    86  strncpy.o(.text)
    __use_two_region_memory                  0x0800050f   Thumb Code     2  heapauxi.o(.text)
    __rt_heap_escrow$2region                 0x08000511   Thumb Code     2  heapauxi.o(.text)
    __rt_heap_expand$2region                 0x08000513   Thumb Code     2  heapauxi.o(.text)
    __aeabi_errno_addr                       0x08000515   Thumb Code     8  rt_errno_addr_intlibspace.o(.text)
    __errno$intlibspace                      0x08000515   Thumb Code     0  rt_errno_addr_intlibspace.o(.text)
    __rt_errno_addr$intlibspace              0x08000515   Thumb Code     0  rt_errno_addr_intlibspace.o(.text)
    strtol                                   0x0800051d   Thumb Code   112  strtol.o(.text)
    __aeabi_memcpy4                          0x0800058d   Thumb Code     0  rt_memcpy_w.o(.text)
    __aeabi_memcpy8                          0x0800058d   Thumb Code     0  rt_memcpy_w.o(.text)
    __rt_memcpy_w                            0x0800058d   Thumb Code   100  rt_memcpy_w.o(.text)
    _memcpy_lastbytes_aligned                0x080005d5   Thumb Code     0  rt_memcpy_w.o(.text)
    __aeabi_memclr                           0x080005f1   Thumb Code     0  rt_memclr.o(.text)
    __rt_memclr                              0x080005f1   Thumb Code    68  rt_memclr.o(.text)
    _memset                                  0x080005f5   Thumb Code     0  rt_memclr.o(.text)
    __user_libspace                          0x08000635   Thumb Code     8  libspace.o(.text)
    __user_perproc_libspace                  0x08000635   Thumb Code     0  libspace.o(.text)
    __user_perthread_libspace                0x08000635   Thumb Code     0  libspace.o(.text)
    __rt_ctype_table                         0x0800063d   Thumb Code    16  rt_ctype_table.o(.text)
    _strtoul                                 0x0800064d   Thumb Code   158  _strtoul.o(.text)
    __aeabi_memclr4                          0x080006eb   Thumb Code     0  rt_memclr_w.o(.text)
    __aeabi_memclr8                          0x080006eb   Thumb Code     0  rt_memclr_w.o(.text)
    __rt_memclr_w                            0x080006eb   Thumb Code    78  rt_memclr_w.o(.text)
    _memset_w                                0x080006ef   Thumb Code     0  rt_memclr_w.o(.text)
    __user_setup_stackheap                   0x08000739   Thumb Code    74  sys_stackheap_outer.o(.text)
    __rt_locale                              0x08000785   Thumb Code     8  rt_locale_intlibspace.o(.text)
    _chval                                   0x0800078d   Thumb Code    28  _chval.o(.text)
    exit                                     0x080007a9   Thumb Code    18  exit.o(.text)
    strcmp                                   0x080007bd   Thumb Code   128  strcmpv7m.o(.text)
    _sys_exit                                0x0800083d   Thumb Code     8  sys_exit.o(.text)
    __I$use$semihosting                      0x08000849   Thumb Code     0  use_no_semi.o(.text)
    __use_no_semihosting_swi                 0x08000849   Thumb Code     2  use_no_semi.o(.text)
    __semihosting_library_function           0x0800084b   Thumb Code     0  indicate_semi.o(.text)
    ADC1_2_IRQHandler                        0x0800084d   Thumb Code    34  dcdc.o(i.ADC1_2_IRQHandler)
    CAN_getBaseId                            0x08000875   Thumb Code     6  can.o(i.CAN_getBaseId)
    CAN_init                                 0x08000881   Thumb Code   676  can.o(i.CAN_init)
    CAN_receive                              0x08000b51   Thumb Code   894  can.o(i.CAN_receive)
    CAN_transmit                             0x08000edd   Thumb Code   764  can.o(i.CAN_transmit)
    CFG_checkRanges                          0x080011ed   Thumb Code  1170  cfg.o(i.CFG_checkRanges)
    CFG_configRangesOk                       0x0800168d   Thumb Code    10  cfg.o(i.CFG_configRangesOk)
    CFG_getLocalCfgAddr                      0x0800169d   Thumb Code     4  cfg.o(i.CFG_getLocalCfgAddr)
    CFG_getLocalCfgLen                       0x080016a5   Thumb Code     4  cfg.o(i.CFG_getLocalCfgLen)
    CFG_getReadonlyCfgAddr                   0x080016a9   Thumb Code     4  cfg.o(i.CFG_getReadonlyCfgAddr)
    CFG_getReadonlyCfgLen                    0x080016b1   Thumb Code     4  cfg.o(i.CFG_getReadonlyCfgLen)
    CFG_getRemoteCfgAddr                     0x080016b5   Thumb Code     4  cfg.o(i.CFG_getRemoteCfgAddr)
    CFG_getRemoteCfgLen                      0x080016bd   Thumb Code     4  cfg.o(i.CFG_getRemoteCfgLen)
    CFG_getStatus                            0x080016c1   Thumb Code     6  cfg.o(i.CFG_getStatus)
    CFG_init                                 0x080016cd   Thumb Code    72  cfg.o(i.CFG_init)
    COMMS_endFlashRec                        0x08001729   Thumb Code    14  comms.o(i.COMMS_endFlashRec)
    COMMS_endFlashSend                       0x0800173d   Thumb Code    56  comms.o(i.COMMS_endFlashSend)
    COMMS_endMemSend                         0x0800177d   Thumb Code    42  comms.o(i.COMMS_endMemSend)
    COMMS_getStatus                          0x080017b1   Thumb Code     6  comms.o(i.COMMS_getStatus)
    COMMS_init                               0x080017bd   Thumb Code     8  comms.o(i.COMMS_init)
    COMMS_receive                            0x080017c9   Thumb Code   894  comms.o(i.COMMS_receive)
    COMMS_sendDebugPacket                    0x08001b61   Thumb Code    28  comms.o(i.COMMS_sendDebugPacket)
    COMMS_sendFlag                           0x08001b81   Thumb Code    32  comms.o(i.COMMS_sendFlag)
    COMMS_sendHeartbeat                      0x08001ba5   Thumb Code    82  comms.o(i.COMMS_sendHeartbeat)
    COMMS_sendOcQMeas                        0x08001c01   Thumb Code    40  comms.o(i.COMMS_sendOcQMeas)
    COMMS_sendOutMeas                        0x08001c31   Thumb Code    40  comms.o(i.COMMS_sendOutMeas)
    COMMS_sendOutVoltCmd                     0x08001c61   Thumb Code    38  comms.o(i.COMMS_sendOutVoltCmd)
    COMMS_sendP2pPacket                      0x08001c91   Thumb Code   350  comms.o(i.COMMS_sendP2pPacket)
    COMMS_sendPowTemprMeas                   0x08001df9   Thumb Code    40  comms.o(i.COMMS_sendPowTemprMeas)
    COMMS_sendPvMeas                         0x08001e29   Thumb Code    40  comms.o(i.COMMS_sendPvMeas)
    COMMS_sendStatus                         0x08001e59   Thumb Code    34  comms.o(i.COMMS_sendStatus)
    COMMS_sendTime                           0x08001e85   Thumb Code    30  comms.o(i.COMMS_sendTime)
    COMMS_startFlashRec                      0x08001ead   Thumb Code    88  comms.o(i.COMMS_startFlashRec)
    COMMS_startFlashSend                     0x08001f0d   Thumb Code    34  comms.o(i.COMMS_startFlashSend)
    COMMS_startMemSend                       0x08001f35   Thumb Code    34  comms.o(i.COMMS_startMemSend)
    CRC16_Update4Bits                        0x08001f5d   Thumb Code    74  crc16.o(i.CRC16_Update4Bits)
    CTRL_calcOutVoltSetpoints                0x08001fb9   Thumb Code   742  ctrl.o(i.CTRL_calcOutVoltSetpoints)
    CTRL_checkBulkFloat                      0x080022d5   Thumb Code   216  ctrl.o(i.CTRL_checkBulkFloat)
    CTRL_enableOutput                        0x080023b5   Thumb Code    14  ctrl.o(i.CTRL_enableOutput)
    CTRL_getOutVoltCmd                       0x080023c9   Thumb Code     8  ctrl.o(i.CTRL_getOutVoltCmd)
    CTRL_getStatus                           0x080023d5   Thumb Code    94  ctrl.o(i.CTRL_getStatus)
    CTRL_init                                0x0800243d   Thumb Code   428  ctrl.o(i.CTRL_init)
    CTRL_setFltrimParams_new                 0x08002629   Thumb Code    42  ctrl.o(i.CTRL_setFltrimParams_new)
    CTRL_setFltrimParams_old                 0x08002675   Thumb Code    42  ctrl.o(i.CTRL_setFltrimParams_old)
    CTRL_setOutVoltCmd                       0x080026c1   Thumb Code    34  ctrl.o(i.CTRL_setOutVoltCmd)
    CTRL_tick                                0x080026e9   Thumb Code  1130  ctrl.o(i.CTRL_tick)
    CalculateCRC16                           0x08002b59   Thumb Code   226  crc16.o(i.CalculateCRC16)
    DCDC_Init                                0x08002c45   Thumb Code   112  dcdc.o(i.DCDC_Init)
    DCDC_Loop                                0x08002cc9   Thumb Code    12  dcdc.o(i.DCDC_Loop)
    DCDC_Start_Stop                          0x08002cd5   Thumb Code    20  dcdc.o(i.DCDC_Start_Stop)
    DMA1_Channel1_IRQHandler                 0x08002ced   Thumb Code    12  dcdc.o(i.DMA1_Channel1_IRQHandler)
    EXTI0_IRQHandler                         0x08002d01   Thumb Code    22  dcdc.o(i.EXTI0_IRQHandler)
    FLAG_checkAllFlags                       0x08002d21   Thumb Code  1308  flag.o(i.FLAG_checkAllFlags)
    FLAG_checkAndWrite                       0x08003249   Thumb Code   220  flag.o(i.FLAG_checkAndWrite)
    FLAG_checkFlagHold                       0x08003329   Thumb Code   432  flag.o(i.FLAG_checkFlagHold)
    FLAG_checkFlagTrig                       0x080034dd   Thumb Code   430  flag.o(i.FLAG_checkFlagTrig)
    FLAG_eraseDoneCallback                   0x08003691   Thumb Code   324  flag.o(i.FLAG_eraseDoneCallback)
    FLAG_eraseStarted                        0x080037dd   Thumb Code    10  flag.o(i.FLAG_eraseStarted)
    FLAG_getFlagBitfield                     0x080037ed   Thumb Code     6  flag.o(i.FLAG_getFlagBitfield)
    FLAG_getFlagLen                          0x080037f9   Thumb Code     6  flag.o(i.FLAG_getFlagLen)
    FLAG_getStatus                           0x08003801   Thumb Code    30  flag.o(i.FLAG_getStatus)
    FLAG_init                                0x08003825   Thumb Code   452  flag.o(i.FLAG_init)
    FLAG_initTrigs                           0x080039f5   Thumb Code   374  flag.o(i.FLAG_initTrigs)
    FLAG_logFlag                             0x08003b8d   Thumb Code    70  flag.o(i.FLAG_logFlag)
    FLAG_swapActiveSector                    0x08003bd9   Thumb Code    78  flag.o(i.FLAG_swapActiveSector)
    FLAG_timeHasUpdated                      0x08003c2d   Thumb Code    26  flag.o(i.FLAG_timeHasUpdated)
    FLASH_endWriteData                       0x08003c51   Thumb Code    16  flash.o(i.FLASH_endWriteData)
    FLASH_erase                              0x08003c65   Thumb Code    58  flash.o(i.FLASH_erase)
    FLASH_eraseBlockBusy                     0x08003ca9   Thumb Code     6  flash.o(i.FLASH_eraseBlockBusy)
    FLASH_getMode                            0x08003cb1   Thumb Code     6  flash.o(i.FLASH_getMode)
    FLASH_getStatus                          0x08003cbd   Thumb Code     6  flash.o(i.FLASH_getStatus)
    FLASH_init                               0x08003cc9   Thumb Code    36  flash.o(i.FLASH_init)
    FLASH_readStr                            0x08003cf1   Thumb Code     8  flash.o(i.FLASH_readStr)
    FLASH_readU16                            0x08003cf9   Thumb Code    20  flash.o(i.FLASH_readU16)
    FLASH_readU64                            0x08003d0d   Thumb Code    22  flash.o(i.FLASH_readU64)
    FLASH_startWrite                         0x08003d25   Thumb Code    34  flash.o(i.FLASH_startWrite)
    FLASH_writeStr                           0x08003d4d   Thumb Code    84  flash.o(i.FLASH_writeStr)
    HRTIM1_TIMA_IRQHandler                   0x08003da5   Thumb Code    60  dcdc.o(i.HRTIM1_TIMA_IRQHandler)
    IO_disablePwmCtrl                        0x08003df5   Thumb Code    10  pwm.o(i.IO_disablePwmCtrl)
    IO_enablePwmCtrl                         0x08003dff   Thumb Code    10  pwm.o(i.IO_enablePwmCtrl)
    IO_fanDrvPWM                             0x08003e09   Thumb Code    66  io.o(i.IO_fanDrvPWM)
    IO_fanSenseSpeed                         0x08003e59   Thumb Code    80  io.o(i.IO_fanSenseSpeed)
    IO_fanSetSpeed                           0x08003eb9   Thumb Code   244  io.o(i.IO_fanSetSpeed)
    IO_getDigitalTemp                        0x08003fd1   Thumb Code    12  io.o(i.IO_getDigitalTemp)
    IO_getGroundFault                        0x08003fe1   Thumb Code    14  io.o(i.IO_getGroundFault)
    IO_getIsSlave                            0x08003ff5   Thumb Code    16  io.o(i.IO_getIsSlave)
    IO_getOnOff                              0x08004009   Thumb Code    14  io.o(i.IO_getOnOff)
    IO_init                                  0x0800401d   Thumb Code   118  io.o(i.IO_init)
    IO_setFanDutyCycle                       0x080040c9   Thumb Code    18  io.o(i.IO_setFanDutyCycle)
    IQ_mpy                                   0x080040e1   Thumb Code    14  iqmath.o(i.IQ_mpy)
    MAIN_resetAllAndStart                    0x080040f1   Thumb Code   102  mainmsp.o(i.MAIN_resetAllAndStart)
    MAIN_resetRemoteCfg                      0x0800415d   Thumb Code    34  mainmsp.o(i.MAIN_resetRemoteCfg)
    MEAS_filter                              0x0800417f   Thumb Code    54  meas.o(i.MEAS_filter)
    MEAS_filterFast                          0x080041b5   Thumb Code    54  meas.o(i.MEAS_filterFast)
    MEAS_init                                0x080041ed   Thumb Code   480  meas.o(i.MEAS_init)
    MEAS_setDoUpdate                         0x08004415   Thumb Code     6  meas.o(i.MEAS_setDoUpdate)
    MEAS_update                              0x08004421   Thumb Code   336  meas.o(i.MEAS_update)
    MEAS_updateCharge                        0x08004585   Thumb Code    18  meas.o(i.MEAS_updateCharge)
    MEAS_updateTempr                         0x0800459d   Thumb Code   254  meas.o(i.MEAS_updateTempr)
    PWM_isr                                  0x080046a5   Thumb Code    12  pwm.o(i.PWM_isr)
    PWM_setMpptSamplePt                      0x080046b1   Thumb Code    54  pwm.o(i.PWM_setMpptSamplePt)
    PWM_setVinLim                            0x080046f1   Thumb Code     2  pwm.o(i.PWM_setVinLim)
    Regulator                                0x080046f5   Thumb Code   148  dcdc.o(i.Regulator)
    SAFETY_fanShutdown                       0x08004799   Thumb Code    14  safety.o(i.SAFETY_fanShutdown)
    SAFETY_getStatus                         0x080047ad   Thumb Code    18  safety.o(i.SAFETY_getStatus)
    SAFETY_init                              0x080047c5   Thumb Code    28  safety.o(i.SAFETY_init)
    SAFETY_isShutdown                        0x080047e5   Thumb Code    14  safety.o(i.SAFETY_isShutdown)
    SAFETY_setLimitsHV                       0x080047f9   Thumb Code   248  safety.o(i.SAFETY_setLimitsHV)
    SAFETY_setLimitsMV                       0x08004929   Thumb Code   248  safety.o(i.SAFETY_setLimitsMV)
    SCH_init                                 0x08004a59   Thumb Code    14  sch.o(i.SCH_init)
    SCH_runActiveTasks                       0x08004a71   Thumb Code   134  sch.o(i.SCH_runActiveTasks)
    SPI_writeRead                            0x08004b05   Thumb Code     6  spi.o(i.SPI_writeRead)
    STATS_getStatus                          0x08004b0d   Thumb Code    48  stats.o(i.STATS_getStatus)
    STATS_init                               0x08004b41   Thumb Code    28  stats.o(i.STATS_init)
    STATS_updateAll                          0x08004b61   Thumb Code     2  stats.o(i.STATS_updateAll)
    STATUS_getStatus                         0x08004b65   Thumb Code     6  status.o(i.STATUS_getStatus)
    STATUS_init                              0x08004b71   Thumb Code    10  status.o(i.STATUS_init)
    STATUS_update                            0x08004b81   Thumb Code   104  status.o(i.STATUS_update)
    SysTick_Handler                          0x08004bf1   Thumb Code    12  main.o(i.SysTick_Handler)
    SystemInit                               0x08004c01   Thumb Code    24  system_stm32f3xx.o(i.SystemInit)
    TELEM_getStatus                          0x08004c1d   Thumb Code    24  telem.o(i.TELEM_getStatus)
    TELEM_init                               0x08004c39   Thumb Code    38  telem.o(i.TELEM_init)
    TELEM_logIfPeriodElapsed                 0x08004c65   Thumb Code     2  telem.o(i.TELEM_logIfPeriodElapsed)
    TEMP_getValue                            0x08004c69   Thumb Code     6  temp.o(i.TEMP_getValue)
    TEMP_init                                0x08004c75   Thumb Code    34  temp.o(i.TEMP_init)
    TIM3_IRQHandler                          0x08004cad   Thumb Code    16  main.o(i.TIM3_IRQHandler)
    TIME_get                                 0x08004cc1   Thumb Code     8  time.o(i.TIME_get)
    TIME_init                                0x08004ccd   Thumb Code    32  time.o(i.TIME_init)
    TIME_recFromBc                           0x08004d01   Thumb Code    22  time.o(i.TIME_recFromBc)
    TIME_set                                 0x08004d1d   Thumb Code    64  time.o(i.TIME_set)
    USART1_IRQHandler                        0x08004d6d   Thumb Code   432  usci.o(i.USART1_IRQHandler)
    UTIL_calcChecksum                        0x08004f45   Thumb Code    24  util.o(i.UTIL_calcChecksum)
    UTIL_decimalToBcd                        0x08004f5d   Thumb Code    48  util.o(i.UTIL_decimalToBcd)
    UTIL_modAdd                              0x08004f8d   Thumb Code    20  util.o(i.UTIL_modAdd)
    UTIL_putToCircBuffer                     0x08004fa1   Thumb Code     8  util.o(i.UTIL_putToCircBuffer)
    VAR_CTRL_setFltrimParams                 0x08004fa9   Thumb Code    22  variant.o(i.VAR_CTRL_setFltrimParams)
    VAR_SAFETY_setLimits                     0x08004fc5   Thumb Code    20  variant.o(i.VAR_SAFETY_setLimits)
    VAR_retreive_hware                       0x08004fdd   Thumb Code     2  variant.o(i.VAR_retreive_hware)
    adcGpioConfig                            0x08005021   Thumb Code    86  adc.o(i.adcGpioConfig)
    brief_pause                              0x08005085   Thumb Code     2  mainmsp.o(i.brief_pause)
    endOfCycleExecute                        0x08005089   Thumb Code   336  dcdc.o(i.endOfCycleExecute)
    hrtimerUpdateDuty                        0x08005209   Thumb Code    20  hirestim.o(i.hrtimerUpdateDuty)
    hrtimersGpioInit                         0x08005221   Thumb Code    84  hirestim.o(i.hrtimersGpioInit)
    hrtimersOutDisable                       0x08005275   Thumb Code     8  hirestim.o(i.hrtimersOutDisable)
    hrtimersOutEnable                        0x08005281   Thumb Code    22  hirestim.o(i.hrtimersOutEnable)
    initAdcToDualRegularSimultaneousMode     0x080052a1   Thumb Code   364  adc.o(i.initAdcToDualRegularSimultaneousMode)
    initCoreIoPins                           0x08005439   Thumb Code    90  boardinit.o(i.initCoreIoPins)
    initDmaForAdc                            0x0800549d   Thumb Code    52  adc.o(i.initDmaForAdc)
    initHighResolutionTimer                  0x080054dd   Thumb Code   280  hirestim.o(i.initHighResolutionTimer)
    initTim3                                 0x08005611   Thumb Code   106  tim3.o(i.initTim3)
    lcd_calibrationChanged                   0x0800568d   Thumb Code    32  lcd.o(i.lcd_calibrationChanged)
    lcd_canRecved                            0x080056ad   Thumb Code     2  lcd.o(i.lcd_canRecved)
    lcd_checkPersistentUpdate                0x080056b1   Thumb Code    26  lcd.o(i.lcd_checkPersistentUpdate)
    lcd_check_calibration                    0x080056d5   Thumb Code    64  lcd.o(i.lcd_check_calibration)
    lcd_copyProductInfo                      0x08005715   Thumb Code    52  lcd.o(i.lcd_copyProductInfo)
    lcd_eraseDoneCallback                    0x08005755   Thumb Code     8  lcd.o(i.lcd_eraseDoneCallback)
    lcd_init                                 0x08005761   Thumb Code   390  lcd.o(i.lcd_init)
    lcd_loadEventsDefaults                   0x0800591d   Thumb Code   242  lcd.o(i.lcd_loadEventsDefaults)
    lcd_loadFactoryDefaults                  0x08005a45   Thumb Code   224  lcd.o(i.lcd_loadFactoryDefaults)
    lcd_loadMiscStateDefaults                0x08005b41   Thumb Code    30  lcd.o(i.lcd_loadMiscStateDefaults)
    lcd_loadPersistentDefaults               0x08005b6d   Thumb Code     8  lcd.o(i.lcd_loadPersistentDefaults)
    lcd_loadSysInfo                          0x08005b79   Thumb Code    88  lcd.o(i.lcd_loadSysInfo)
    lcd_loadTelemetry                        0x08005bed   Thumb Code   214  lcd.o(i.lcd_loadTelemetry)
    lcd_loadUserDefaults                     0x08005ce1   Thumb Code   116  lcd.o(i.lcd_loadUserDefaults)
    lcd_queueWrite                           0x08005d81   Thumb Code    42  lcd.o(i.lcd_queueWrite)
    lcd_read_flash                           0x08005db5   Thumb Code    78  lcd.o(i.lcd_read_flash)
    lcd_restoreCalibration                   0x08005e09   Thumb Code     2  lcd.o(i.lcd_restoreCalibration)
    lcd_runCfgStateMachine                   0x08005e0d   Thumb Code   548  lcd.o(i.lcd_runCfgStateMachine)
    lcd_startWrite                           0x08006061   Thumb Code    92  lcd.o(i.lcd_startWrite)
    lcd_startWriteCalibrationBackup          0x080060c5   Thumb Code    44  lcd.o(i.lcd_startWriteCalibrationBackup)
    lcd_startWriteEvents                     0x08006105   Thumb Code    22  lcd.o(i.lcd_startWriteEvents)
    lcd_startWriteFactory                    0x08006121   Thumb Code    22  lcd.o(i.lcd_startWriteFactory)
    lcd_startWriteMiscState                  0x0800613d   Thumb Code    22  lcd.o(i.lcd_startWriteMiscState)
    lcd_startWritePacket                     0x08006159   Thumb Code    70  lcd.o(i.lcd_startWritePacket)
    lcd_startWritePersistent                 0x080061b9   Thumb Code    24  lcd.o(i.lcd_startWritePersistent)
    lcd_startWriteUser                       0x080061d5   Thumb Code    20  lcd.o(i.lcd_startWriteUser)
    lcd_update                               0x080061ed   Thumb Code    18  lcd.o(i.lcd_update)
    lcd_update_local_config                  0x08006205   Thumb Code  1156  lcd.o(i.lcd_update_local_config)
    lcd_update_remote_config                 0x08006695   Thumb Code   592  lcd.o(i.lcd_update_remote_config)
    loadPassword                             0x080068f1   Thumb Code    22  usci.o(i.loadPassword)
    main                                     0x0800690d   Thumb Code   130  main.o(i.main)
    mainMSPinit                              0x0800699d   Thumb Code    28  mainmsp.o(i.mainMSPinit)
    mainMSPloop                              0x080069b9   Thumb Code    30  mainmsp.o(i.mainMSPloop)
    measureExecute                           0x080069d9   Thumb Code   158  dcdc.o(i.measureExecute)
    setAdcMasterAnalogWatchdogThresholds     0x08006a91   Thumb Code    54  adc.o(i.setAdcMasterAnalogWatchdogThresholds)
    setSystemClock                           0x08006ac9   Thumb Code   214  boardinit.o(i.setSystemClock)
    setVin                                   0x08006bb1   Thumb Code     8  dcdc.o(i.setVin)
    uart_init                                0x08006bbd   Thumb Code   158  usci.o(i.uart_init)
    uart_receive                             0x08006c69   Thumb Code   542  usci.o(i.uart_receive)
    uart_send                                0x08006eb1   Thumb Code   392  usci.o(i.uart_send)
    uart_send_error                          0x08007065   Thumb Code    16  usci.o(i.uart_send_error)
    uart_send_response                       0x08007075   Thumb Code    20  usci.o(i.uart_send_response)
    uart_send_startup                        0x0800708d   Thumb Code    14  usci.o(i.uart_send_startup)
    uart_tx                                  0x0800709d   Thumb Code    76  usci.o(i.uart_tx)
    _get_lc_ctype                            0x080070f5   Thumb Code    44  lc_ctype_c.o(locale$$code)
    __aeabi_d2f                              0x08007121   Thumb Code     0  d2f.o(x$fpl$d2f)
    _d2f                                     0x08007121   Thumb Code    98  d2f.o(x$fpl$d2f)
    __aeabi_dadd                             0x08007185   Thumb Code     0  daddsub_clz.o(x$fpl$dadd)
    _dadd                                    0x08007185   Thumb Code   332  daddsub_clz.o(x$fpl$dadd)
    __fpl_dcmp_Inf                           0x080072d5   Thumb Code    24  dcmpi.o(x$fpl$dcmpinf)
    __aeabi_ddiv                             0x080072ed   Thumb Code     0  ddiv.o(x$fpl$ddiv)
    _ddiv                                    0x080072ed   Thumb Code   552  ddiv.o(x$fpl$ddiv)
    __aeabi_d2iz                             0x0800759d   Thumb Code     0  dfix.o(x$fpl$dfix)
    _dfix                                    0x0800759d   Thumb Code    94  dfix.o(x$fpl$dfix)
    __aeabi_d2uiz                            0x080075fd   Thumb Code     0  dfixu.o(x$fpl$dfixu)
    _dfixu                                   0x080075fd   Thumb Code    90  dfixu.o(x$fpl$dfixu)
    __aeabi_i2d                              0x08007657   Thumb Code     0  dflt_clz.o(x$fpl$dflt)
    _dflt                                    0x08007657   Thumb Code    46  dflt_clz.o(x$fpl$dflt)
    __aeabi_cdcmple                          0x08007685   Thumb Code     0  dleqf.o(x$fpl$dleqf)
    _dcmple                                  0x08007685   Thumb Code   120  dleqf.o(x$fpl$dleqf)
    __fpl_dcmple_InfNaN                      0x080076e7   Thumb Code     0  dleqf.o(x$fpl$dleqf)
    __aeabi_dmul                             0x080076fd   Thumb Code     0  dmul.o(x$fpl$dmul)
    _dmul                                    0x080076fd   Thumb Code   332  dmul.o(x$fpl$dmul)
    __fpl_dnaninf                            0x08007851   Thumb Code   156  dnaninf.o(x$fpl$dnaninf)
    __fpl_dretinf                            0x080078ed   Thumb Code    12  dretinf.o(x$fpl$dretinf)
    __aeabi_cdrcmple                         0x080078f9   Thumb Code     0  drleqf.o(x$fpl$drleqf)
    _drcmple                                 0x080078f9   Thumb Code   108  drleqf.o(x$fpl$drleqf)
    __aeabi_dsub                             0x08007965   Thumb Code     0  daddsub_clz.o(x$fpl$dsub)
    _dsub                                    0x08007965   Thumb Code   464  daddsub_clz.o(x$fpl$dsub)
    __aeabi_f2d                              0x08007b39   Thumb Code     0  f2d.o(x$fpl$f2d)
    _f2d                                     0x08007b39   Thumb Code    86  f2d.o(x$fpl$f2d)
    __fpl_fnaninf                            0x08007b8f   Thumb Code   140  fnaninf.o(x$fpl$fnaninf)
    _fp_init                                 0x08007c1b   Thumb Code    10  fpinit.o(x$fpl$fpinit)
    __fplib_config_fpu_vfp                   0x08007c23   Thumb Code     0  fpinit.o(x$fpl$fpinit)
    __fplib_config_pureend_doubles           0x08007c23   Thumb Code     0  fpinit.o(x$fpl$fpinit)
    __fpl_fretinf                            0x08007c25   Thumb Code    10  fretinf.o(x$fpl$fretinf)
    __I$use$fp                               0x08007c2e   Number         0  usenofp.o(x$fpl$usenofp)
    BAT_TEMPR_TABLE                          0x08007c30   Data         128  meas.o(.constdata)
    CASE_TEMPR_TABLE                         0x08007cb0   Data         176  meas.o(.constdata)
    statusFuncs                              0x08007d60   Data          64  status.o(.constdata)
    Region$$Table$$Base                      0x08007da0   Number         0  anon$$obj.o(Region$$Table)
    Region$$Table$$Limit                     0x08007dc0   Number         0  anon$$obj.o(Region$$Table)
    __ctype                                  0x08007dcd   Data           0  lc_ctype_c.o(locale$$data)
    sysTickCounter                           0x20000000   Data           4  main.o(.data)
    SystemCoreClock                          0x20000004   Data           4  main.o(.data)
    ftemp                                    0x20000008   Data           4  main.o(.data)
    CFG_localCfg                             0x20000010   Data         132  cfg.o(.data)
    CFG_remoteCfg                            0x20000094   Data         188  cfg.o(.data)
    readonlyCfg                              0x20000150   Data          20  cfg.o(.data)
    cfg                                      0x20000164   Data           1  cfg.o(.data)
    CFG_toggleSwitchMode                     0x20000168   Data           4  cfg.o(.data)
    CFG_outVoltCutoffOffset                  0x2000016c   Data           4  cfg.o(.data)
    CFG_outVoltCutoffScale                   0x20000170   Data           4  cfg.o(.data)
    CRC16_LookupHigh                         0x20000174   Data          32  crc16.o(.data)
    CRC16_LookupLow                          0x20000194   Data          32  crc16.o(.data)
    CRC16_High                               0x200001b4   Data           1  crc16.o(.data)
    CRC16_Low                                0x200001b5   Data           1  crc16.o(.data)
    measDoUpdate                             0x200001b8   Data           4  meas.o(.data)
    SAFETY_PVVoltLimit                       0x200001bc   Data           4  safety.o(.data)
    SAFETY_OutCurrLimit                      0x200001c0   Data           4  safety.o(.data)
    SAFETY_OutCurrCrit                       0x200001c4   Data           4  safety.o(.data)
    SAFETY_PulseCurrLimit                    0x200001c8   Data           4  safety.o(.data)
    SAFETY_OutVoltLimit                      0x200001cc   Data           4  safety.o(.data)
    SAFETY_OutVoltRstHigh                    0x200001d0   Data           4  safety.o(.data)
    SAFETY_OutVoltRstLow                     0x200001d4   Data           4  safety.o(.data)
    samplePending                            0x200001d8   Data           1  safety.o(.data)
    currentTime_ms                           0x200001e0   Data           8  time.o(.data)
    microSecs                                0x200001e8   Data           4  time.o(.data)
    pwmPeriodUs                              0x200001ec   Data           4  time.o(.data)
    today_ms                                 0x200001f0   Data           8  time.o(.data)
    timeIsValid                              0x200001f8   Data           4  time.o(.data)
    tx_count                                 0x20000200   Data           1  usci.o(.data)
    rx_count                                 0x20000201   Data           1  usci.o(.data)
    expected_rx_count                        0x20000202   Data           1  usci.o(.data)
    prev_rx                                  0x20000203   Data           1  usci.o(.data)
    uart_state                               0x20000204   Data           1  usci.o(.data)
    sent_startup                             0x20000208   Data           4  usci.o(.data)
    prev_time                                0x20000210   Data           8  usci.o(.data)
    tx_buf_len                               0x20000218   Data           4  usci.o(.data)
    command_R                                0x2000021c   Data           4  usci.o(.data)
    command_W                                0x20000220   Data           4  usci.o(.data)
    setTime_W                                0x20000228   Data           8  usci.o(.data)
    persistentStorage                        0x20000230   Data           4  usci.o(.data)
    hware                                    0x20000234   Data           8  variant.o(.data)
    lcd_writeNext                            0x2000023c   Data           4  lcd.o(.data)
    lcd_writeRemainingAttempts               0x20000240   Data           4  lcd.o(.data)
    lcd_cfgState                             0x20000244   Data           1  lcd.o(.data)
    lcd_writeType                            0x20000248   Data           4  lcd.o(.data)
    lcd_writeAddress                         0x2000024c   Data           4  lcd.o(.data)
    lcd_writeLen                             0x20000250   Data           4  lcd.o(.data)
    update_persistent                        0x20000254   Data           4  lcd.o(.data)
    time                                     0x20000258   Data           4  lcd.o(.data)
    CAN_baseId                               0x2000025c   Data           4  can.o(.data)
    CTRL_offsetFlset                         0x20000270   Data           4  ctrl.o(.data)
    CTRL_scaleFlset                          0x20000274   Data           4  ctrl.o(.data)
    CTRL_fltrimOffsetOnVCCG                  0x20000278   Data           4  ctrl.o(.data)
    CTRL_baseFltrimOnVCCG                    0x2000027c   Data           4  ctrl.o(.data)
    CTRL_MpptSamplePtNow                     0x20000280   Data           4  ctrl.o(.data)
    CTRL_MpptSamplePtTarget                  0x20000284   Data           4  ctrl.o(.data)
    firstMPPTPoint                           0x20000298   Data           4  ctrl.o(.data)
    CTRL_enableTurbineLoad                   0x2000029c   Data           4  ctrl.o(.data)
    ctrl_initialised                         0x200002a0   Data           4  ctrl.o(.data)
    fanPWMCounter                            0x200002a4   Data           4  io.o(.data)
    fanDutyCompare                           0x200002a8   Data           4  io.o(.data)
    IO_pwmEnabled                            0x200002ac   Data           4  io.o(.data)
    TicksUntilHiSideAllowed                  0x200002b0   Data           4  io.o(.data)
    heatsinkTempFanHysThresh                 0x200002b4   Data           4  io.o(.data)
    fanFBCount1                              0x200002b8   Data           4  io.o(.data)
    fanFBCount2                              0x200002bc   Data           4  io.o(.data)
    prevFan2State                            0x200002c0   Data           4  io.o(.data)
    fanFBTransition1                         0x200002c4   Data           4  io.o(.data)
    fanFBTransition2                         0x200002c8   Data           4  io.o(.data)
    fanDriven                                0x200002cc   Data           4  io.o(.data)
    fanShutdown                              0x200002d0   Data           4  io.o(.data)
    fanRestartTimer                          0x200002d4   Data           4  io.o(.data)
    statusBitfield                           0x200002d8   Data           8  status.o(.data)
    mpptSamplePtCal                          0x200002e0   Data           8  pwm.o(.data)
    vinLimCal                                0x200002e8   Data           8  pwm.o(.data)
    flTrimCal                                0x200002f0   Data           8  pwm.o(.data)
    mpptSamplePtShadow                       0x200002f8   Data           4  pwm.o(.data)
    vinLimShadow                             0x200002fc   Data           4  pwm.o(.data)
    flTrimShadow                             0x20000300   Data           4  pwm.o(.data)
    tasks                                    0x20000304   Data         240  sch.o(.data)
    numTasks                                 0x200003f4   Data           4  sch.o(.data)
    timeSinceLastRun_ms                      0x200003f8   Data           4  sch.o(.data)
    pSumValueNow                             0x20000410   Data           4  dcdc.o(.data)
    pSumValueStored                          0x20000414   Data           4  dcdc.o(.data)
    adcVoutStab                              0x20000418   Data           4  dcdc.o(.data)
    adcIoutStab                              0x2000041c   Data           4  dcdc.o(.data)
    dutyCycle                                0x20000420   Data           2  dcdc.o(.data)
    buckPeriod                               0x20000422   Data           2  dcdc.o(.data)
    delta                                    0x20000424   Data           2  dcdc.o(.data)
    offset                                   0x20000426   Data           2  dcdc.o(.data)
    efficiency                               0x20000428   Data           4  dcdc.o(.data)
    Vin_Target                               0x2000042c   Data           4  dcdc.o(.data)
    flag                                     0x20000438   Data         192  flag.o(.bss)
    flagStates                               0x200004f8   Data         224  flag.o(.bss)
    flash                                    0x200005d8   Data         228  flash.o(.bss)
    meas                                     0x200006bc   Data         228  meas.o(.bss)
    safety                                   0x200007a0   Data          36  safety.o(.bss)
    stats                                    0x200007c8   Data         296  stats.o(.bss)
    tx_buffer                                0x200008f0   Data         254  usci.o(.bss)
    rx_buffer                                0x200009ee   Data         254  usci.o(.bss)
    telemetry_R                              0x20000af0   Data          72  usci.o(.bss)
    factoryConfig_R                          0x20000b38   Data         116  usci.o(.bss)
    userConfig_R                             0x20000bac   Data          60  usci.o(.bss)
    eventConfig_R                            0x20000be8   Data         128  usci.o(.bss)
    sysInfo_R                                0x20000c68   Data          36  usci.o(.bss)
    password_R                               0x20000c8c   Data          32  usci.o(.bss)
    miscState_R                              0x20000cac   Data          20  usci.o(.bss)
    factoryConfig_W                          0x20000cc0   Data         116  usci.o(.bss)
    userConfig_W                             0x20000d34   Data          60  usci.o(.bss)
    eventConfig_W                            0x20000d70   Data         128  usci.o(.bss)
    miscState_W                              0x20000df0   Data          20  usci.o(.bss)
    lcd_writeBuffer                          0x20000e04   Data         192  lcd.o(.bss)
    CAN_txBufferAddr                         0x20000ec8   Data          56  can.o(.bss)
    CAN_txBuffer                             0x20000f00   Data         336  can.o(.bss)
    CAN_rx                                   0x20001050   Data          24  can.o(.bss)
    buffer                                   0x20001068   Data          16  can.o(.bss)
    comms                                    0x20001078   Data          16  comms.o(.bss)
    ctrl                                     0x20001088   Data         104  ctrl.o(.bss)
    telem                                    0x200010f0   Data          72  telem.o(.bss)
    averageValue                             0x20001138   Data          48  dcdc.o(.bss)
    calculatedValue                          0x20001168   Data          48  dcdc.o(.bss)
    momentValue                              0x200011a4   Data          24  dcdc.o(.bss)
    sumValueBank_1                           0x200011bc   Data          48  dcdc.o(.bss)
    sumValueBank_2                           0x200011ec   Data          48  dcdc.o(.bss)
    __libspace_start                         0x2000121c   Data          96  libspace.o(.bss)
    __temporary_stack_top$libspace           0x2000127c   Data           0  libspace.o(.bss)



==============================================================================

Memory Map of the image

  Image Entry point : 0x08000189

  Load Region LR_IROM1 (Base: 0x08000000, Size: 0x00008304, Max: 0x00010000, ABSOLUTE, COMPRESSED[0x00008054])

    Execution Region ER_IROM1 (Exec base: 0x08000000, Load base: 0x08000000, Size: 0x00007ed0, Max: 0x00010000, ABSOLUTE)

    Exec Addr    Load Addr    Size         Type   Attr      Idx    E Section Name        Object

    0x08000000   0x08000000   0x00000188   Data   RO           65    RESET               startup_stm32f334x8.o
    0x08000188   0x08000188   0x00000008   Code   RO         2285  * !!!main             c_w.l(__main.o)
    0x08000190   0x08000190   0x00000034   Code   RO         2528    !!!scatter          c_w.l(__scatter.o)
    0x080001c4   0x080001c4   0x0000005a   Code   RO         2526    !!dczerorl2         c_w.l(__dczerorl2.o)
    0x0800021e   0x0800021e   0x00000002   PAD
    0x08000220   0x08000220   0x0000001c   Code   RO         2530    !!handler_zi        c_w.l(__scatter_zi.o)
    0x0800023c   0x0800023c   0x00000002   Code   RO         2397    .ARM.Collect$$libinit$$00000000  c_w.l(libinit.o)
    0x0800023e   0x0800023e   0x00000004   Code   RO         2408    .ARM.Collect$$libinit$$00000001  c_w.l(libinit2.o)
    0x08000242   0x08000242   0x00000000   Code   RO         2411    .ARM.Collect$$libinit$$00000004  c_w.l(libinit2.o)
    0x08000242   0x08000242   0x00000000   Code   RO         2414    .ARM.Collect$$libinit$$0000000A  c_w.l(libinit2.o)
    0x08000242   0x08000242   0x00000000   Code   RO         2416    .ARM.Collect$$libinit$$0000000C  c_w.l(libinit2.o)
    0x08000242   0x08000242   0x00000000   Code   RO         2418    .ARM.Collect$$libinit$$0000000E  c_w.l(libinit2.o)
    0x08000242   0x08000242   0x00000006   Code   RO         2419    .ARM.Collect$$libinit$$0000000F  c_w.l(libinit2.o)
    0x08000248   0x08000248   0x00000000   Code   RO         2421    .ARM.Collect$$libinit$$00000011  c_w.l(libinit2.o)
    0x08000248   0x08000248   0x0000000c   Code   RO         2422    .ARM.Collect$$libinit$$00000012  c_w.l(libinit2.o)
    0x08000254   0x08000254   0x00000000   Code   RO         2423    .ARM.Collect$$libinit$$00000013  c_w.l(libinit2.o)
    0x08000254   0x08000254   0x00000000   Code   RO         2425    .ARM.Collect$$libinit$$00000015  c_w.l(libinit2.o)
    0x08000254   0x08000254   0x00000000   Code   RO         2427    .ARM.Collect$$libinit$$00000017  c_w.l(libinit2.o)
    0x08000254   0x08000254   0x00000000   Code   RO         2429    .ARM.Collect$$libinit$$00000019  c_w.l(libinit2.o)
    0x08000254   0x08000254   0x00000000   Code   RO         2431    .ARM.Collect$$libinit$$0000001B  c_w.l(libinit2.o)
    0x08000254   0x08000254   0x00000000   Code   RO         2433    .ARM.Collect$$libinit$$0000001D  c_w.l(libinit2.o)
    0x08000254   0x08000254   0x00000000   Code   RO         2435    .ARM.Collect$$libinit$$0000001F  c_w.l(libinit2.o)
    0x08000254   0x08000254   0x00000000   Code   RO         2437    .ARM.Collect$$libinit$$00000021  c_w.l(libinit2.o)
    0x08000254   0x08000254   0x00000000   Code   RO         2439    .ARM.Collect$$libinit$$00000023  c_w.l(libinit2.o)
    0x08000254   0x08000254   0x00000000   Code   RO         2441    .ARM.Collect$$libinit$$00000025  c_w.l(libinit2.o)
    0x08000254   0x08000254   0x00000000   Code   RO         2445    .ARM.Collect$$libinit$$0000002C  c_w.l(libinit2.o)
    0x08000254   0x08000254   0x00000000   Code   RO         2447    .ARM.Collect$$libinit$$0000002E  c_w.l(libinit2.o)
    0x08000254   0x08000254   0x00000000   Code   RO         2449    .ARM.Collect$$libinit$$00000030  c_w.l(libinit2.o)
    0x08000254   0x08000254   0x00000000   Code   RO         2451    .ARM.Collect$$libinit$$00000032  c_w.l(libinit2.o)
    0x08000254   0x08000254   0x00000002   Code   RO         2452    .ARM.Collect$$libinit$$00000033  c_w.l(libinit2.o)
    0x08000256   0x08000256   0x00000002   Code   RO         2483    .ARM.Collect$$libshutdown$$00000000  c_w.l(libshutdown.o)
    0x08000258   0x08000258   0x00000000   Code   RO         2509    .ARM.Collect$$libshutdown$$00000002  c_w.l(libshutdown2.o)
    0x08000258   0x08000258   0x00000000   Code   RO         2511    .ARM.Collect$$libshutdown$$00000004  c_w.l(libshutdown2.o)
    0x08000258   0x08000258   0x00000000   Code   RO         2514    .ARM.Collect$$libshutdown$$00000007  c_w.l(libshutdown2.o)
    0x08000258   0x08000258   0x00000000   Code   RO         2517    .ARM.Collect$$libshutdown$$0000000A  c_w.l(libshutdown2.o)
    0x08000258   0x08000258   0x00000000   Code   RO         2519    .ARM.Collect$$libshutdown$$0000000C  c_w.l(libshutdown2.o)
    0x08000258   0x08000258   0x00000000   Code   RO         2522    .ARM.Collect$$libshutdown$$0000000F  c_w.l(libshutdown2.o)
    0x08000258   0x08000258   0x00000002   Code   RO         2523    .ARM.Collect$$libshutdown$$00000010  c_w.l(libshutdown2.o)
    0x0800025a   0x0800025a   0x00000000   Code   RO         2321    .ARM.Collect$$rtentry$$00000000  c_w.l(__rtentry.o)
    0x0800025a   0x0800025a   0x00000000   Code   RO         2352    .ARM.Collect$$rtentry$$00000002  c_w.l(__rtentry2.o)
    0x0800025a   0x0800025a   0x00000006   Code   RO         2364    .ARM.Collect$$rtentry$$00000004  c_w.l(__rtentry4.o)
    0x08000260   0x08000260   0x00000000   Code   RO         2354    .ARM.Collect$$rtentry$$00000009  c_w.l(__rtentry2.o)
    0x08000260   0x08000260   0x00000004   Code   RO         2355    .ARM.Collect$$rtentry$$0000000A  c_w.l(__rtentry2.o)
    0x08000264   0x08000264   0x00000000   Code   RO         2357    .ARM.Collect$$rtentry$$0000000C  c_w.l(__rtentry2.o)
    0x08000264   0x08000264   0x00000008   Code   RO         2358    .ARM.Collect$$rtentry$$0000000D  c_w.l(__rtentry2.o)
    0x0800026c   0x0800026c   0x00000002   Code   RO         2398    .ARM.Collect$$rtexit$$00000000  c_w.l(rtexit.o)
    0x0800026e   0x0800026e   0x00000000   Code   RO         2456    .ARM.Collect$$rtexit$$00000002  c_w.l(rtexit2.o)
    0x0800026e   0x0800026e   0x00000004   Code   RO         2457    .ARM.Collect$$rtexit$$00000003  c_w.l(rtexit2.o)
    0x08000272   0x08000272   0x00000006   Code   RO         2458    .ARM.Collect$$rtexit$$00000004  c_w.l(rtexit2.o)
    0x08000278   0x08000278   0x00000040   Code   RO           66    .text               startup_stm32f334x8.o
    0x080002b8   0x080002b8   0x000000ee   Code   RO         2271    .text               c_w.l(lludivv7m.o)
    0x080003a6   0x080003a6   0x00000026   Code   RO         2273    .text               c_w.l(llshl.o)
    0x080003cc   0x080003cc   0x0000001a   Code   RO         2275    .text               c_w.l(atoi.o)
    0x080003e6   0x080003e6   0x00000048   Code   RO         2277    .text               c_w.l(strcpy.o)
    0x0800042e   0x0800042e   0x0000008a   Code   RO         2279    .text               c_w.l(rt_memcpy_v6.o)
    0x080004b8   0x080004b8   0x00000056   Code   RO         2281    .text               c_w.l(strncpy.o)
    0x0800050e   0x0800050e   0x00000006   Code   RO         2283    .text               c_w.l(heapauxi.o)
    0x08000514   0x08000514   0x00000008   Code   RO         2329    .text               c_w.l(rt_errno_addr_intlibspace.o)
    0x0800051c   0x0800051c   0x00000070   Code   RO         2331    .text               c_w.l(strtol.o)
    0x0800058c   0x0800058c   0x00000064   Code   RO         2333    .text               c_w.l(rt_memcpy_w.o)
    0x080005f0   0x080005f0   0x00000044   Code   RO         2335    .text               c_w.l(rt_memclr.o)
    0x08000634   0x08000634   0x00000008   Code   RO         2348    .text               c_w.l(libspace.o)
    0x0800063c   0x0800063c   0x00000010   Code   RO         2366    .text               c_w.l(rt_ctype_table.o)
    0x0800064c   0x0800064c   0x0000009e   Code   RO         2370    .text               c_w.l(_strtoul.o)
    0x080006ea   0x080006ea   0x0000004e   Code   RO         2372    .text               c_w.l(rt_memclr_w.o)
    0x08000738   0x08000738   0x0000004a   Code   RO         2374    .text               c_w.l(sys_stackheap_outer.o)
    0x08000782   0x08000782   0x00000002   PAD
    0x08000784   0x08000784   0x00000008   Code   RO         2379    .text               c_w.l(rt_locale_intlibspace.o)
    0x0800078c   0x0800078c   0x0000001c   Code   RO         2381    .text               c_w.l(_chval.o)
    0x080007a8   0x080007a8   0x00000012   Code   RO         2386    .text               c_w.l(exit.o)
    0x080007ba   0x080007ba   0x00000002   PAD
    0x080007bc   0x080007bc   0x00000080   Code   RO         2406    .text               c_w.l(strcmpv7m.o)
    0x0800083c   0x0800083c   0x0000000c   Code   RO         2453    .text               c_w.l(sys_exit.o)
    0x08000848   0x08000848   0x00000002   Code   RO         2472    .text               c_w.l(use_no_semi.o)
    0x0800084a   0x0800084a   0x00000000   Code   RO         2474    .text               c_w.l(indicate_semi.o)
    0x0800084a   0x0800084a   0x00000002   PAD
    0x0800084c   0x0800084c   0x00000028   Code   RO         2163    i.ADC1_2_IRQHandler  dcdc.o
    0x08000874   0x08000874   0x0000000c   Code   RO         1556    i.CAN_getBaseId     can.o
    0x08000880   0x08000880   0x000002d0   Code   RO         1557    i.CAN_init          can.o
    0x08000b50   0x08000b50   0x0000038c   Code   RO         1558    i.CAN_receive       can.o
    0x08000edc   0x08000edc   0x00000310   Code   RO         1559    i.CAN_transmit      can.o
    0x080011ec   0x080011ec   0x000004a0   Code   RO          361    i.CFG_checkRanges   cfg.o
    0x0800168c   0x0800168c   0x00000010   Code   RO          362    i.CFG_configRangesOk  cfg.o
    0x0800169c   0x0800169c   0x00000008   Code   RO          363    i.CFG_getLocalCfgAddr  cfg.o
    0x080016a4   0x080016a4   0x00000004   Code   RO          364    i.CFG_getLocalCfgLen  cfg.o
    0x080016a8   0x080016a8   0x00000008   Code   RO          365    i.CFG_getReadonlyCfgAddr  cfg.o
    0x080016b0   0x080016b0   0x00000004   Code   RO          366    i.CFG_getReadonlyCfgLen  cfg.o
    0x080016b4   0x080016b4   0x00000008   Code   RO          367    i.CFG_getRemoteCfgAddr  cfg.o
    0x080016bc   0x080016bc   0x00000004   Code   RO          368    i.CFG_getRemoteCfgLen  cfg.o
    0x080016c0   0x080016c0   0x0000000c   Code   RO          369    i.CFG_getStatus     cfg.o
    0x080016cc   0x080016cc   0x0000005c   Code   RO          370    i.CFG_init          cfg.o
    0x08001728   0x08001728   0x00000014   Code   RO         1609    i.COMMS_endFlashRec  comms.o
    0x0800173c   0x0800173c   0x00000040   Code   RO         1610    i.COMMS_endFlashSend  comms.o
    0x0800177c   0x0800177c   0x00000034   Code   RO         1611    i.COMMS_endMemSend  comms.o
    0x080017b0   0x080017b0   0x0000000c   Code   RO         1612    i.COMMS_getStatus   comms.o
    0x080017bc   0x080017bc   0x0000000c   Code   RO         1613    i.COMMS_init        comms.o
    0x080017c8   0x080017c8   0x00000398   Code   RO         1614    i.COMMS_receive     comms.o
    0x08001b60   0x08001b60   0x00000020   Code   RO         1615    i.COMMS_sendDebugPacket  comms.o
    0x08001b80   0x08001b80   0x00000024   Code   RO         1616    i.COMMS_sendFlag    comms.o
    0x08001ba4   0x08001ba4   0x0000005c   Code   RO         1617    i.COMMS_sendHeartbeat  comms.o
    0x08001c00   0x08001c00   0x00000030   Code   RO         1618    i.COMMS_sendOcQMeas  comms.o
    0x08001c30   0x08001c30   0x00000030   Code   RO         1619    i.COMMS_sendOutMeas  comms.o
    0x08001c60   0x08001c60   0x00000030   Code   RO         1620    i.COMMS_sendOutVoltCmd  comms.o
    0x08001c90   0x08001c90   0x00000168   Code   RO         1621    i.COMMS_sendP2pPacket  comms.o
    0x08001df8   0x08001df8   0x00000030   Code   RO         1622    i.COMMS_sendPowTemprMeas  comms.o
    0x08001e28   0x08001e28   0x00000030   Code   RO         1623    i.COMMS_sendPvMeas  comms.o
    0x08001e58   0x08001e58   0x0000002c   Code   RO         1624    i.COMMS_sendStatus  comms.o
    0x08001e84   0x08001e84   0x00000028   Code   RO         1625    i.COMMS_sendTime    comms.o
    0x08001eac   0x08001eac   0x00000060   Code   RO         1626    i.COMMS_startFlashRec  comms.o
    0x08001f0c   0x08001f0c   0x00000028   Code   RO         1627    i.COMMS_startFlashSend  comms.o
    0x08001f34   0x08001f34   0x00000028   Code   RO         1628    i.COMMS_startMemSend  comms.o
    0x08001f5c   0x08001f5c   0x0000005c   Code   RO          482    i.CRC16_Update4Bits  crc16.o
    0x08001fb8   0x08001fb8   0x0000031c   Code   RO         1751    i.CTRL_calcOutVoltSetpoints  ctrl.o
    0x080022d4   0x080022d4   0x000000e0   Code   RO         1752    i.CTRL_checkBulkFloat  ctrl.o
    0x080023b4   0x080023b4   0x00000014   Code   RO         1753    i.CTRL_enableOutput  ctrl.o
    0x080023c8   0x080023c8   0x0000000c   Code   RO         1754    i.CTRL_getOutVoltCmd  ctrl.o
    0x080023d4   0x080023d4   0x00000068   Code   RO         1755    i.CTRL_getStatus    ctrl.o
    0x0800243c   0x0800243c   0x000001ec   Code   RO         1756    i.CTRL_init         ctrl.o
    0x08002628   0x08002628   0x0000004c   Code   RO         1760    i.CTRL_setFltrimParams_new  ctrl.o
    0x08002674   0x08002674   0x0000004c   Code   RO         1761    i.CTRL_setFltrimParams_old  ctrl.o
    0x080026c0   0x080026c0   0x00000028   Code   RO         1762    i.CTRL_setOutVoltCmd  ctrl.o
    0x080026e8   0x080026e8   0x00000470   Code   RO         1764    i.CTRL_tick         ctrl.o
    0x08002b58   0x08002b58   0x000000ec   Code   RO          483    i.CalculateCRC16    crc16.o
    0x08002c44   0x08002c44   0x00000084   Code   RO         2165    i.DCDC_Init         dcdc.o
    0x08002cc8   0x08002cc8   0x0000000c   Code   RO         2166    i.DCDC_Loop         dcdc.o
    0x08002cd4   0x08002cd4   0x00000018   Code   RO         2167    i.DCDC_Start_Stop   dcdc.o
    0x08002cec   0x08002cec   0x00000014   Code   RO         2168    i.DMA1_Channel1_IRQHandler  dcdc.o
    0x08002d00   0x08002d00   0x00000020   Code   RO         2169    i.EXTI0_IRQHandler  dcdc.o
    0x08002d20   0x08002d20   0x00000528   Code   RO          509    i.FLAG_checkAllFlags  flag.o
    0x08003248   0x08003248   0x000000e0   Code   RO          510    i.FLAG_checkAndWrite  flag.o
    0x08003328   0x08003328   0x000001b4   Code   RO          511    i.FLAG_checkFlagHold  flag.o
    0x080034dc   0x080034dc   0x000001b4   Code   RO          513    i.FLAG_checkFlagTrig  flag.o
    0x08003690   0x08003690   0x0000014c   Code   RO          514    i.FLAG_eraseDoneCallback  flag.o
    0x080037dc   0x080037dc   0x00000010   Code   RO          515    i.FLAG_eraseStarted  flag.o
    0x080037ec   0x080037ec   0x0000000c   Code   RO          516    i.FLAG_getFlagBitfield  flag.o
    0x080037f8   0x080037f8   0x00000006   Code   RO          517    i.FLAG_getFlagLen   flag.o
    0x080037fe   0x080037fe   0x00000002   PAD
    0x08003800   0x08003800   0x00000024   Code   RO          518    i.FLAG_getStatus    flag.o
    0x08003824   0x08003824   0x000001d0   Code   RO          519    i.FLAG_init         flag.o
    0x080039f4   0x080039f4   0x00000198   Code   RO          520    i.FLAG_initTrigs    flag.o
    0x08003b8c   0x08003b8c   0x0000004c   Code   RO          521    i.FLAG_logFlag      flag.o
    0x08003bd8   0x08003bd8   0x00000054   Code   RO          522    i.FLAG_swapActiveSector  flag.o
    0x08003c2c   0x08003c2c   0x00000024   Code   RO          523    i.FLAG_timeHasUpdated  flag.o
    0x08003c50   0x08003c50   0x00000014   Code   RO          628    i.FLASH_endWriteData  flash.o
    0x08003c64   0x08003c64   0x00000044   Code   RO          629    i.FLASH_erase       flash.o
    0x08003ca8   0x08003ca8   0x00000006   Code   RO          630    i.FLASH_eraseBlockBusy  flash.o
    0x08003cae   0x08003cae   0x00000002   PAD
    0x08003cb0   0x08003cb0   0x0000000c   Code   RO          632    i.FLASH_getMode     flash.o
    0x08003cbc   0x08003cbc   0x0000000c   Code   RO          633    i.FLASH_getStatus   flash.o
    0x08003cc8   0x08003cc8   0x00000028   Code   RO          634    i.FLASH_init        flash.o
    0x08003cf0   0x08003cf0   0x00000008   Code   RO          638    i.FLASH_readStr     flash.o
    0x08003cf8   0x08003cf8   0x00000014   Code   RO          640    i.FLASH_readU16     flash.o
    0x08003d0c   0x08003d0c   0x00000016   Code   RO          642    i.FLASH_readU64     flash.o
    0x08003d22   0x08003d22   0x00000002   PAD
    0x08003d24   0x08003d24   0x00000028   Code   RO          643    i.FLASH_startWrite  flash.o
    0x08003d4c   0x08003d4c   0x00000058   Code   RO          646    i.FLASH_writeStr    flash.o
    0x08003da4   0x08003da4   0x00000050   Code   RO         2170    i.HRTIM1_TIMA_IRQHandler  dcdc.o
    0x08003df4   0x08003df4   0x0000000a   Code   RO         1989    i.IO_disablePwmCtrl  pwm.o
    0x08003dfe   0x08003dfe   0x0000000a   Code   RO         1990    i.IO_enablePwmCtrl  pwm.o
    0x08003e08   0x08003e08   0x00000050   Code   RO         1867    i.IO_fanDrvPWM      io.o
    0x08003e58   0x08003e58   0x00000060   Code   RO         1868    i.IO_fanSenseSpeed  io.o
    0x08003eb8   0x08003eb8   0x00000118   Code   RO         1869    i.IO_fanSetSpeed    io.o
    0x08003fd0   0x08003fd0   0x00000010   Code   RO         1870    i.IO_getDigitalTemp  io.o
    0x08003fe0   0x08003fe0   0x00000014   Code   RO         1871    i.IO_getGroundFault  io.o
    0x08003ff4   0x08003ff4   0x00000014   Code   RO         1872    i.IO_getIsSlave     io.o
    0x08004008   0x08004008   0x00000014   Code   RO         1873    i.IO_getOnOff       io.o
    0x0800401c   0x0800401c   0x000000ac   Code   RO         1874    i.IO_init           io.o
    0x080040c8   0x080040c8   0x00000018   Code   RO         1875    i.IO_setFanDutyCycle  io.o
    0x080040e0   0x080040e0   0x0000000e   Code   RO          760    i.IQ_mpy            iqmath.o
    0x080040ee   0x080040ee   0x00000002   PAD
    0x080040f0   0x080040f0   0x0000006c   Code   RO          789    i.MAIN_resetAllAndStart  mainmsp.o
    0x0800415c   0x0800415c   0x00000022   Code   RO          790    i.MAIN_resetRemoteCfg  mainmsp.o
    0x0800417e   0x0800417e   0x00000036   Code   RO          878    i.MEAS_filter       meas.o
    0x080041b4   0x080041b4   0x00000036   Code   RO          879    i.MEAS_filterFast   meas.o
    0x080041ea   0x080041ea   0x00000002   PAD
    0x080041ec   0x080041ec   0x00000228   Code   RO          880    i.MEAS_init         meas.o
    0x08004414   0x08004414   0x0000000c   Code   RO          884    i.MEAS_setDoUpdate  meas.o
    0x08004420   0x08004420   0x00000164   Code   RO          885    i.MEAS_update       meas.o
    0x08004584   0x08004584   0x00000018   Code   RO          886    i.MEAS_updateCharge  meas.o
    0x0800459c   0x0800459c   0x00000108   Code   RO          887    i.MEAS_updateTempr  meas.o
    0x080046a4   0x080046a4   0x0000000c   Code   RO         1992    i.PWM_isr           pwm.o
    0x080046b0   0x080046b0   0x00000040   Code   RO         1994    i.PWM_setMpptSamplePt  pwm.o
    0x080046f0   0x080046f0   0x00000002   Code   RO         1995    i.PWM_setVinLim     pwm.o
    0x080046f2   0x080046f2   0x00000002   PAD
    0x080046f4   0x080046f4   0x000000a4   Code   RO         2172    i.Regulator         dcdc.o
    0x08004798   0x08004798   0x00000014   Code   RO          971    i.SAFETY_fanShutdown  safety.o
    0x080047ac   0x080047ac   0x00000018   Code   RO          972    i.SAFETY_getStatus  safety.o
    0x080047c4   0x080047c4   0x00000020   Code   RO          973    i.SAFETY_init       safety.o
    0x080047e4   0x080047e4   0x00000014   Code   RO          974    i.SAFETY_isShutdown  safety.o
    0x080047f8   0x080047f8   0x00000130   Code   RO          976    i.SAFETY_setLimitsHV  safety.o
    0x08004928   0x08004928   0x00000130   Code   RO          977    i.SAFETY_setLimitsMV  safety.o
    0x08004a58   0x08004a58   0x00000018   Code   RO         2053    i.SCH_init          sch.o
    0x08004a70   0x08004a70   0x00000094   Code   RO         2054    i.SCH_runActiveTasks  sch.o
    0x08004b04   0x08004b04   0x00000006   Code   RO         1039    i.SPI_writeRead     spi.o
    0x08004b0a   0x08004b0a   0x00000002   PAD
    0x08004b0c   0x08004b0c   0x00000034   Code   RO         1059    i.STATS_getStatus   stats.o
    0x08004b40   0x08004b40   0x00000020   Code   RO         1060    i.STATS_init        stats.o
    0x08004b60   0x08004b60   0x00000002   Code   RO         1061    i.STATS_updateAll   stats.o
    0x08004b62   0x08004b62   0x00000002   PAD
    0x08004b64   0x08004b64   0x0000000c   Code   RO         1949    i.STATUS_getStatus  status.o
    0x08004b70   0x08004b70   0x00000010   Code   RO         1950    i.STATUS_init       status.o
    0x08004b80   0x08004b80   0x00000070   Code   RO         1951    i.STATUS_update     status.o
    0x08004bf0   0x08004bf0   0x00000010   Code   RO           73    i.SysTick_Handler   main.o
    0x08004c00   0x08004c00   0x0000001c   Code   RO            5    i.SystemInit        system_stm32f3xx.o
    0x08004c1c   0x08004c1c   0x0000001c   Code   RO         2091    i.TELEM_getStatus   telem.o
    0x08004c38   0x08004c38   0x0000002c   Code   RO         2092    i.TELEM_init        telem.o
    0x08004c64   0x08004c64   0x00000002   Code   RO         2094    i.TELEM_logIfPeriodElapsed  telem.o
    0x08004c66   0x08004c66   0x00000002   PAD
    0x08004c68   0x08004c68   0x0000000c   Code   RO         2134    i.TEMP_getValue     temp.o
    0x08004c74   0x08004c74   0x00000038   Code   RO         2135    i.TEMP_init         temp.o
    0x08004cac   0x08004cac   0x00000014   Code   RO           74    i.TIM3_IRQHandler   main.o
    0x08004cc0   0x08004cc0   0x0000000c   Code   RO         1098    i.TIME_get          time.o
    0x08004ccc   0x08004ccc   0x00000034   Code   RO         1101    i.TIME_init         time.o
    0x08004d00   0x08004d00   0x0000001c   Code   RO         1104    i.TIME_recFromBc    time.o
    0x08004d1c   0x08004d1c   0x00000050   Code   RO         1105    i.TIME_set          time.o
    0x08004d6c   0x08004d6c   0x000001d8   Code   RO         1173    i.USART1_IRQHandler  usci.o
    0x08004f44   0x08004f44   0x00000018   Code   RO         1257    i.UTIL_calcChecksum  util.o
    0x08004f5c   0x08004f5c   0x00000030   Code   RO         1259    i.UTIL_decimalToBcd  util.o
    0x08004f8c   0x08004f8c   0x00000014   Code   RO         1262    i.UTIL_modAdd       util.o
    0x08004fa0   0x08004fa0   0x00000008   Code   RO         1263    i.UTIL_putToCircBuffer  util.o
    0x08004fa8   0x08004fa8   0x0000001c   Code   RO         1335    i.VAR_CTRL_setFltrimParams  variant.o
    0x08004fc4   0x08004fc4   0x00000018   Code   RO         1329    i.VAR_SAFETY_setLimits  variant.o
    0x08004fdc   0x08004fdc   0x00000002   Code   RO         1323    i.VAR_retreive_hware  variant.o
    0x08004fde   0x08004fde   0x0000001a   Code   RO          264    i.__NVIC_EnableIRQ  adc.o
    0x08004ff8   0x08004ff8   0x00000028   Code   RO          265    i.__NVIC_SetPriority  adc.o
    0x08005020   0x08005020   0x00000064   Code   RO          266    i.adcGpioConfig     adc.o
    0x08005084   0x08005084   0x00000002   Code   RO          791    i.brief_pause       mainmsp.o
    0x08005086   0x08005086   0x00000002   PAD
    0x08005088   0x08005088   0x00000180   Code   RO         2173    i.endOfCycleExecute  dcdc.o
    0x08005208   0x08005208   0x00000018   Code   RO          175    i.hrtimerUpdateDuty  hirestim.o
    0x08005220   0x08005220   0x00000054   Code   RO          176    i.hrtimersGpioInit  hirestim.o
    0x08005274   0x08005274   0x0000000c   Code   RO          177    i.hrtimersOutDisable  hirestim.o
    0x08005280   0x08005280   0x00000020   Code   RO          178    i.hrtimersOutEnable  hirestim.o
    0x080052a0   0x080052a0   0x00000198   Code   RO          267    i.initAdcToDualRegularSimultaneousMode  adc.o
    0x08005438   0x08005438   0x00000064   Code   RO          234    i.initCoreIoPins    boardinit.o
    0x0800549c   0x0800549c   0x00000040   Code   RO          268    i.initDmaForAdc     adc.o
    0x080054dc   0x080054dc   0x00000134   Code   RO          179    i.initHighResolutionTimer  hirestim.o
    0x08005610   0x08005610   0x0000007c   Code   RO          337    i.initTim3          tim3.o
    0x0800568c   0x0800568c   0x00000020   Code   RO         1350    i.lcd_calibrationChanged  lcd.o
    0x080056ac   0x080056ac   0x00000002   Code   RO         1351    i.lcd_canRecved     lcd.o
    0x080056ae   0x080056ae   0x00000002   PAD
    0x080056b0   0x080056b0   0x00000024   Code   RO         1352    i.lcd_checkPersistentUpdate  lcd.o
    0x080056d4   0x080056d4   0x00000040   Code   RO         1353    i.lcd_check_calibration  lcd.o
    0x08005714   0x08005714   0x00000040   Code   RO         1354    i.lcd_copyProductInfo  lcd.o
    0x08005754   0x08005754   0x0000000c   Code   RO         1355    i.lcd_eraseDoneCallback  lcd.o
    0x08005760   0x08005760   0x000001bc   Code   RO         1356    i.lcd_init          lcd.o
    0x0800591c   0x0800591c   0x00000128   Code   RO         1357    i.lcd_loadEventsDefaults  lcd.o
    0x08005a44   0x08005a44   0x000000fc   Code   RO         1358    i.lcd_loadFactoryDefaults  lcd.o
    0x08005b40   0x08005b40   0x0000002c   Code   RO         1359    i.lcd_loadMiscStateDefaults  lcd.o
    0x08005b6c   0x08005b6c   0x0000000c   Code   RO         1360    i.lcd_loadPersistentDefaults  lcd.o
    0x08005b78   0x08005b78   0x00000074   Code   RO         1361    i.lcd_loadSysInfo   lcd.o
    0x08005bec   0x08005bec   0x000000f4   Code   RO         1362    i.lcd_loadTelemetry  lcd.o
    0x08005ce0   0x08005ce0   0x000000a0   Code   RO         1363    i.lcd_loadUserDefaults  lcd.o
    0x08005d80   0x08005d80   0x00000034   Code   RO         1364    i.lcd_queueWrite    lcd.o
    0x08005db4   0x08005db4   0x00000054   Code   RO         1365    i.lcd_read_flash    lcd.o
    0x08005e08   0x08005e08   0x00000002   Code   RO         1366    i.lcd_restoreCalibration  lcd.o
    0x08005e0a   0x08005e0a   0x00000002   PAD
    0x08005e0c   0x08005e0c   0x00000254   Code   RO         1367    i.lcd_runCfgStateMachine  lcd.o
    0x08006060   0x08006060   0x00000064   Code   RO         1368    i.lcd_startWrite    lcd.o
    0x080060c4   0x080060c4   0x00000040   Code   RO         1369    i.lcd_startWriteCalibrationBackup  lcd.o
    0x08006104   0x08006104   0x0000001c   Code   RO         1370    i.lcd_startWriteEvents  lcd.o
    0x08006120   0x08006120   0x0000001c   Code   RO         1371    i.lcd_startWriteFactory  lcd.o
    0x0800613c   0x0800613c   0x0000001c   Code   RO         1372    i.lcd_startWriteMiscState  lcd.o
    0x08006158   0x08006158   0x00000060   Code   RO         1373    i.lcd_startWritePacket  lcd.o
    0x080061b8   0x080061b8   0x0000001c   Code   RO         1374    i.lcd_startWritePersistent  lcd.o
    0x080061d4   0x080061d4   0x00000018   Code   RO         1375    i.lcd_startWriteUser  lcd.o
    0x080061ec   0x080061ec   0x00000018   Code   RO         1376    i.lcd_update        lcd.o
    0x08006204   0x08006204   0x00000490   Code   RO         1377    i.lcd_update_local_config  lcd.o
    0x08006694   0x08006694   0x0000025c   Code   RO         1378    i.lcd_update_remote_config  lcd.o
    0x080068f0   0x080068f0   0x0000001c   Code   RO         1174    i.loadPassword      usci.o
    0x0800690c   0x0800690c   0x00000090   Code   RO           76    i.main              main.o
    0x0800699c   0x0800699c   0x0000001c   Code   RO          793    i.mainMSPinit       mainmsp.o
    0x080069b8   0x080069b8   0x0000001e   Code   RO          794    i.mainMSPloop       mainmsp.o
    0x080069d6   0x080069d6   0x00000002   PAD
    0x080069d8   0x080069d8   0x000000b8   Code   RO         2175    i.measureExecute    dcdc.o
    0x08006a90   0x08006a90   0x00000036   Code   RO          269    i.setAdcMasterAnalogWatchdogThresholds  adc.o
    0x08006ac6   0x08006ac6   0x00000002   PAD
    0x08006ac8   0x08006ac8   0x000000e8   Code   RO          235    i.setSystemClock    boardinit.o
    0x08006bb0   0x08006bb0   0x0000000c   Code   RO         2176    i.setVin            dcdc.o
    0x08006bbc   0x08006bbc   0x000000ac   Code   RO         1175    i.uart_init         usci.o
    0x08006c68   0x08006c68   0x00000248   Code   RO         1176    i.uart_receive      usci.o
    0x08006eb0   0x08006eb0   0x000001b4   Code   RO         1177    i.uart_send         usci.o
    0x08007064   0x08007064   0x00000010   Code   RO         1178    i.uart_send_error   usci.o
    0x08007074   0x08007074   0x00000018   Code   RO         1179    i.uart_send_response  usci.o
    0x0800708c   0x0800708c   0x0000000e   Code   RO         1180    i.uart_send_startup  usci.o
    0x0800709a   0x0800709a   0x00000002   PAD
    0x0800709c   0x0800709c   0x00000058   Code   RO         1181    i.uart_tx           usci.o
    0x080070f4   0x080070f4   0x0000002c   Code   RO         2384    locale$$code        c_w.l(lc_ctype_c.o)
    0x08007120   0x08007120   0x00000062   Code   RO         2287    x$fpl$d2f           fz_wm.l(d2f.o)
    0x08007182   0x08007182   0x00000002   PAD
    0x08007184   0x08007184   0x00000150   Code   RO         2289    x$fpl$dadd          fz_wm.l(daddsub_clz.o)
    0x080072d4   0x080072d4   0x00000018   Code   RO         2337    x$fpl$dcmpinf       fz_wm.l(dcmpi.o)
    0x080072ec   0x080072ec   0x000002b0   Code   RO         2296    x$fpl$ddiv          fz_wm.l(ddiv.o)
    0x0800759c   0x0800759c   0x0000005e   Code   RO         2299    x$fpl$dfix          fz_wm.l(dfix.o)
    0x080075fa   0x080075fa   0x00000002   PAD
    0x080075fc   0x080075fc   0x0000005a   Code   RO         2303    x$fpl$dfixu         fz_wm.l(dfixu.o)
    0x08007656   0x08007656   0x0000002e   Code   RO         2308    x$fpl$dflt          fz_wm.l(dflt_clz.o)
    0x08007684   0x08007684   0x00000078   Code   RO         2313    x$fpl$dleqf         fz_wm.l(dleqf.o)
    0x080076fc   0x080076fc   0x00000154   Code   RO         2315    x$fpl$dmul          fz_wm.l(dmul.o)
    0x08007850   0x08007850   0x0000009c   Code   RO         2339    x$fpl$dnaninf       fz_wm.l(dnaninf.o)
    0x080078ec   0x080078ec   0x0000000c   Code   RO         2341    x$fpl$dretinf       fz_wm.l(dretinf.o)
    0x080078f8   0x080078f8   0x0000006c   Code   RO         2317    x$fpl$drleqf        fz_wm.l(drleqf.o)
    0x08007964   0x08007964   0x000001d4   Code   RO         2291    x$fpl$dsub          fz_wm.l(daddsub_clz.o)
    0x08007b38   0x08007b38   0x00000056   Code   RO         2319    x$fpl$f2d           fz_wm.l(f2d.o)
    0x08007b8e   0x08007b8e   0x0000008c   Code   RO         2343    x$fpl$fnaninf       fz_wm.l(fnaninf.o)
    0x08007c1a   0x08007c1a   0x0000000a   Code   RO         2468    x$fpl$fpinit        fz_wm.l(fpinit.o)
    0x08007c24   0x08007c24   0x0000000a   Code   RO         2345    x$fpl$fretinf       fz_wm.l(fretinf.o)
    0x08007c2e   0x08007c2e   0x00000000   Code   RO         2347    x$fpl$usenofp       fz_wm.l(usenofp.o)
    0x08007c2e   0x08007c2e   0x00000002   PAD
    0x08007c30   0x08007c30   0x00000130   Data   RO          889    .constdata          meas.o
    0x08007d60   0x08007d60   0x00000040   Data   RO         1952    .constdata          status.o
    0x08007da0   0x08007da0   0x00000020   Data   RO         2524    Region$$Table       anon$$obj.o
    0x08007dc0   0x08007dc0   0x00000110   Data   RO         2383    locale$$data        c_w.l(lc_ctype_c.o)


    Execution Region RW_IRAM1 (Exec base: 0x20000000, Load base: 0x08007ed0, Size: 0x00001c80, Max: 0x00004000, ABSOLUTE, COMPRESSED[0x00000184])

    Exec Addr    Load Addr    Size         Type   Attr      Idx    E Section Name        Object

    0x20000000   COMPRESSED   0x0000000e   Data   RW           77    .data               main.o
    0x2000000e   COMPRESSED   0x00000002   PAD
    0x20000010   COMPRESSED   0x00000164   Data   RW          372    .data               cfg.o
    0x20000174   COMPRESSED   0x00000042   Data   RW          484    .data               crc16.o
    0x200001b6   COMPRESSED   0x00000002   PAD
    0x200001b8   COMPRESSED   0x00000004   Data   RW          890    .data               meas.o
    0x200001bc   COMPRESSED   0x0000001d   Data   RW          980    .data               safety.o
    0x200001d9   COMPRESSED   0x00000007   PAD
    0x200001e0   COMPRESSED   0x0000001c   Data   RW         1107    .data               time.o
    0x200001fc   COMPRESSED   0x00000004   PAD
    0x20000200   COMPRESSED   0x00000034   Data   RW         1183    .data               usci.o
    0x20000234   COMPRESSED   0x00000008   Data   RW         1308    .data               variant.o
    0x2000023c   COMPRESSED   0x00000020   Data   RW         1380    .data               lcd.o
    0x2000025c   COMPRESSED   0x00000010   Data   RW         1561    .data               can.o
    0x2000026c   COMPRESSED   0x00000004   Data   RW         1630    .data               comms.o
    0x20000270   COMPRESSED   0x00000034   Data   RW         1767    .data               ctrl.o
    0x200002a4   COMPRESSED   0x00000034   Data   RW         1877    .data               io.o
    0x200002d8   COMPRESSED   0x00000008   Data   RW         1953    .data               status.o
    0x200002e0   COMPRESSED   0x00000024   Data   RW         1996    .data               pwm.o
    0x20000304   COMPRESSED   0x000000f8   Data   RW         2055    .data               sch.o
    0x200003fc   COMPRESSED   0x00000014   Data   RW         2137    .data               temp.o
    0x20000410   COMPRESSED   0x00000024   Data   RW         2178    .data               dcdc.o
    0x20000434   COMPRESSED   0x00000004   PAD
    0x20000438        -       0x000001a0   Zero   RW          524    .bss                flag.o
    0x200005d8        -       0x000000e4   Zero   RW          647    .bss                flash.o
    0x200006bc        -       0x000000e4   Zero   RW          888    .bss                meas.o
    0x200007a0        -       0x00000024   Zero   RW          979    .bss                safety.o
    0x200007c4   COMPRESSED   0x00000004   PAD
    0x200007c8        -       0x00000128   Zero   RW         1062    .bss                stats.o
    0x200008f0        -       0x00000514   Zero   RW         1182    .bss                usci.o
    0x20000e04        -       0x000000c0   Zero   RW         1379    .bss                lcd.o
    0x20000ec4   COMPRESSED   0x00000004   PAD
    0x20000ec8        -       0x000001b0   Zero   RW         1560    .bss                can.o
    0x20001078        -       0x00000010   Zero   RW         1629    .bss                comms.o
    0x20001088        -       0x00000068   Zero   RW         1766    .bss                ctrl.o
    0x200010f0        -       0x00000048   Zero   RW         2095    .bss                telem.o
    0x20001138        -       0x000000e4   Zero   RW         2177    .bss                dcdc.o
    0x2000121c        -       0x00000060   Zero   RW         2349    .bss                c_w.l(libspace.o)
    0x2000127c   COMPRESSED   0x00000004   PAD
    0x20001280        -       0x00000200   Zero   RW           64    HEAP                startup_stm32f334x8.o
    0x20001480        -       0x00000800   Zero   RW           63    STACK               startup_stm32f334x8.o


==============================================================================

Image component sizes


      Code (inc. data)   RO Data    RW Data    ZI Data      Debug   Object Name

       692         78          0          0          0      31681   adc.o
       332         28          0          0          0       1162   boardinit.o
      2424         90          0         16        432       6230   can.o
      1340        182          0        356          0      15461   cfg.o
      2100        170          0          4         16      12489   comms.o
       328         28          0         66          0       2173   crc16.o
      2976        306          0         52        104      10571   ctrl.o
      1084        162          0         36        228       8779   dcdc.o
      3886        136          0          0        416      11467   flag.o
       336         40          0          0        228       7493   flash.o
       460         46          0          0          0      32149   hirestim.o
       728        146          0         52          0       5420   io.o
        14          0          0          0          0        565   iqmath.o
      4704        484          0         32        192      18385   lcd.o
       180         22          0         14          0      33017   main.o
       202          6          0          0          0       8608   mainmsp.o
      1316        114        304          4        228       7480   meas.o
        98         10          0         36          0       3726   pwm.o
       704        134          0         29         36       5014   safety.o
       172         24          0        248          0       1941   sch.o
         6          0          0          0          0        524   spi.o
        64         26        392          0       2560        832   startup_stm32f334x8.o
        86          8          0          0        296       2513   stats.o
       140         20         64          8          0       2314   status.o
        28          4          0          0          0     540065   system_stm32f3xx.o
        74         10          0          0         72       2867   telem.o
        68         28          0         20          0       1244   temp.o
       124         18          0          0          0        687   tim3.o
       172         46          0         28          0       2863   time.o
      1834        182          0         52       1300      36644   usci.o
       100          0          0          0          0       2817   util.o
        54         10          0          8          0       2255   variant.o

    ----------------------------------------------------------------------
     26856       2558        792       1076       6120     819436   Object Totals
         0          0         32          0          0          0   (incl. Generated)
        30          0          0         15         12          0   (incl. Padding)

    ----------------------------------------------------------------------

      Code (inc. data)   RO Data    RW Data    ZI Data      Debug   Library Member Name

        90          0          0          0          0          0   __dczerorl2.o
         8          0          0          0          0         68   __main.o
         0          0          0          0          0          0   __rtentry.o
        12          0          0          0          0          0   __rtentry2.o
         6          0          0          0          0          0   __rtentry4.o
        52          8          0          0          0          0   __scatter.o
        28          0          0          0          0          0   __scatter_zi.o
        28          0          0          0          0         68   _chval.o
       158          0          0          0          0         92   _strtoul.o
        26          0          0          0          0         80   atoi.o
        18          0          0          0          0         80   exit.o
         6          0          0          0          0        152   heapauxi.o
         0          0          0          0          0          0   indicate_semi.o
        44         10        272          0          0         76   lc_ctype_c.o
         2          0          0          0          0          0   libinit.o
        24          0          0          0          0          0   libinit2.o
         2          0          0          0          0          0   libshutdown.o
         2          0          0          0          0          0   libshutdown2.o
         8          4          0          0         96         68   libspace.o
        38          0          0          0          0         68   llshl.o
       238          0          0          0          0        100   lludivv7m.o
        16          4          0          0          0         76   rt_ctype_table.o
         8          4          0          0          0         68   rt_errno_addr_intlibspace.o
         8          4          0          0          0         68   rt_locale_intlibspace.o
        68          0          0          0          0         68   rt_memclr.o
        78          0          0          0          0         80   rt_memclr_w.o
       138          0          0          0          0         68   rt_memcpy_v6.o
       100          0          0          0          0         80   rt_memcpy_w.o
         2          0          0          0          0          0   rtexit.o
        10          0          0          0          0          0   rtexit2.o
       128          0          0          0          0         68   strcmpv7m.o
        72          0          0          0          0         80   strcpy.o
        86          0          0          0          0         76   strncpy.o
       112          0          0          0          0         88   strtol.o
        12          4          0          0          0         68   sys_exit.o
        74          0          0          0          0         80   sys_stackheap_outer.o
         2          0          0          0          0         68   use_no_semi.o
        98          4          0          0          0        140   d2f.o
       804         16          0          0          0        368   daddsub_clz.o
        24          0          0          0          0        116   dcmpi.o
       688        140          0          0          0        256   ddiv.o
        94          4          0          0          0        140   dfix.o
        90          4          0          0          0        140   dfixu.o
        46          0          0          0          0        116   dflt_clz.o
       120          4          0          0          0        140   dleqf.o
       340         12          0          0          0        152   dmul.o
       156          4          0          0          0        140   dnaninf.o
        12          0          0          0          0        116   dretinf.o
       108          0          0          0          0        128   drleqf.o
        86          4          0          0          0        132   f2d.o
       140          4          0          0          0        132   fnaninf.o
        10          0          0          0          0        116   fpinit.o
        10          0          0          0          0        116   fretinf.o
         0          0          0          0          0          0   usenofp.o

    ----------------------------------------------------------------------
      4544        234        272          0        100       4336   Library Totals
        14          0          0          0          4          0   (incl. Padding)

    ----------------------------------------------------------------------

      Code (inc. data)   RO Data    RW Data    ZI Data      Debug   Library Name

      1704         38        272          0         96       1888   c_w.l
      2826        196          0          0          0       2448   fz_wm.l

    ----------------------------------------------------------------------
      4544        234        272          0        100       4336   Library Totals

    ----------------------------------------------------------------------

==============================================================================


      Code (inc. data)   RO Data    RW Data    ZI Data      Debug   

     31400       2792       1064       1076       6220     802432   Grand Totals
     31400       2792       1064        388       6220     802432   ELF Image Totals (compressed)
     31400       2792       1064        388          0          0   ROM Totals

==============================================================================

    Total RO  Size (Code + RO Data)                32464 (  31.70kB)
    Total RW  Size (RW Data + ZI Data)              7296 (   7.13kB)
    Total ROM Size (Code + RO Data + RW Data)      32852 (  32.08kB)

==============================================================================

