Component: ARM Compiler 5.06 update 6 (build 750) Tool: armlink [4d35ed]

==============================================================================

Section Cross References

    system_stm32f3xx.o(i.SystemCoreClockUpdate) refers to system_stm32f3xx.o(.data) for SystemCoreClock
    system_stm32f3xx.o(i.SystemCoreClockUpdate) refers to system_stm32f3xx.o(.constdata) for AHBPrescTable
    startup_stm32f334x8.o(STACK) refers (Special) to heapauxi.o(.text) for __use_two_region_memory
    startup_stm32f334x8.o(HEAP) refers (Special) to heapauxi.o(.text) for __use_two_region_memory
    startup_stm32f334x8.o(RESET) refers (Special) to heapauxi.o(.text) for __use_two_region_memory
    startup_stm32f334x8.o(RESET) refers to startup_stm32f334x8.o(STACK) for __initial_sp
    startup_stm32f334x8.o(RESET) refers to startup_stm32f334x8.o(.text) for Reset_Handler
    startup_stm32f334x8.o(RESET) refers to main.o(i.SysTick_Handler) for SysTick_Handler
    startup_stm32f334x8.o(RESET) refers to main.o(i.DMA1_Channel1_IRQHandler) for DMA1_Channel1_IRQHandler
    startup_stm32f334x8.o(RESET) refers to main.o(i.ADC1_2_IRQHandler) for ADC1_2_IRQHandler
    startup_stm32f334x8.o(.text) refers (Special) to heapauxi.o(.text) for __use_two_region_memory
    startup_stm32f334x8.o(.text) refers to system_stm32f3xx.o(i.SystemInit) for SystemInit
    startup_stm32f334x8.o(.text) refers to __main.o(!!!main) for __main
    startup_stm32f334x8.o(.text) refers to startup_stm32f334x8.o(HEAP) for Heap_Mem
    startup_stm32f334x8.o(.text) refers to startup_stm32f334x8.o(STACK) for Stack_Mem
    main.o(i.ADC1_2_IRQHandler) refers to hirestim.o(i.hrtimersOutDisable) for hrtimersOutDisable
    main.o(i.ADC1_2_IRQHandler) refers to main.o(.data) for statusFlags
    main.o(i.DMA1_Channel1_IRQHandler) refers to main.o(.data) for statusFlags
    main.o(i.SysTick_Handler) refers to main.o(.data) for sysTickCounter
    main.o(i.delay_ms) refers to main.o(.data) for sysTickCounter
    main.o(i.endOfCycleExecute) refers to adc.o(i.updateCalcValue) for updateCalcValue
    main.o(i.endOfCycleExecute) refers to main.o(i.getNewDytyValue) for getNewDytyValue
    main.o(i.endOfCycleExecute) refers to hirestim.o(i.hrtimerUpdateDuty) for hrtimerUpdateDuty
    main.o(i.endOfCycleExecute) refers to hirestim.o(i.hrtimersOutDisable) for hrtimersOutDisable
    main.o(i.endOfCycleExecute) refers to hirestim.o(i.hrtimersOutEnable) for hrtimersOutEnable
    main.o(i.endOfCycleExecute) refers to termo.o(i.getTemperatureValue) for getTemperatureValue
    main.o(i.endOfCycleExecute) refers to main.o(.data) for statusFlags
    main.o(i.endOfCycleExecute) refers to main.o(.bss) for calculatedValue
    main.o(i.getNewDytyValue) refers to main.o(.data) for statusFlags
    main.o(i.getNewDytyValue) refers to main.o(.bss) for calculatedValue
    main.o(i.main) refers to boardinit.o(i.setSystemClock) for setSystemClock
    main.o(i.main) refers to boardinit.o(i.initCoreIoPins) for initCoreIoPins
    main.o(i.main) refers to adc.o(i.initAdcToDualRegularSimultaneousMode) for initAdcToDualRegularSimultaneousMode
    main.o(i.main) refers to adc.o(i.initDmaForAdc) for initDmaForAdc
    main.o(i.main) refers to adc.o(i.setAdcMasterAnalogWatchdogThresholds) for setAdcMasterAnalogWatchdogThresholds
    main.o(i.main) refers to hirestim.o(i.initHighResolutionTimer) for initHighResolutionTimer
    main.o(i.main) refers to main.o(i.delay_ms) for delay_ms
    main.o(i.main) refers to main.o(i.measureExecute) for measureExecute
    main.o(i.main) refers to main.o(i.endOfCycleExecute) for endOfCycleExecute
    main.o(i.main) refers to mainmsp.o(i.mainMSPinit) for mainMSPinit
    main.o(i.main) refers to mainmsp.o(i.mainMSPloop) for mainMSPloop
    main.o(i.main) refers to system_stm32f3xx.o(.data) for SystemCoreClock
    main.o(i.main) refers to main.o(.bss) for momentValue
    main.o(i.main) refers to main.o(.data) for statusFlags
    main.o(i.measureExecute) refers to adc.o(i.updateSumValue) for updateSumValue
    main.o(i.measureExecute) refers to adc.o(i.updateAverageValue) for updateAverageValue
    main.o(i.measureExecute) refers to main.o(.data) for statusFlags
    main.o(i.measureExecute) refers to main.o(.bss) for momentValue
    main.o(.data) refers to main.o(.bss) for sumValueBank_1
    hirestim.o(i.initHighResolutionTimer) refers to hirestim.o(i.hrtimersGpioInit) for hrtimersGpioInit
    adc.o(i.initAdcToDualRegularSimultaneousMode) refers to adc.o(i.adcGpioConfig) for adcGpioConfig
    adc.o(i.initAdcToDualRegularSimultaneousMode) refers to adc.o(i.__NVIC_SetPriority) for __NVIC_SetPriority
    adc.o(i.initAdcToDualRegularSimultaneousMode) refers to adc.o(i.__NVIC_EnableIRQ) for __NVIC_EnableIRQ
    adc.o(i.initAdcToDualRegularSimultaneousMode) refers to system_stm32f3xx.o(.data) for SystemCoreClock
    adc.o(i.initDmaForAdc) refers to adc.o(i.__NVIC_SetPriority) for __NVIC_SetPriority
    adc.o(i.initDmaForAdc) refers to adc.o(i.__NVIC_EnableIRQ) for __NVIC_EnableIRQ
[...]
    rt_raise.o(.text) refers to __raise.o(.text) for __raise
    rt_raise.o(.text) refers to sys_exit.o(.text) for _sys_exit
    defsig_exit.o(.text) refers to sys_exit.o(.text) for _sys_exit
    defsig_fpe_inner.o(.text) refers to defsig_general.o(.text) for __default_signal_display
    libinit2.o(.ARM.Collect$$libinit$$00000001) refers to fpinit.o(x$fpl$fpinit) for _fp_init
    libinit2.o(.ARM.Collect$$libinit$$00000010) refers to libinit2.o(.ARM.Collect$$libinit$$0000000F) for .ARM.Collect$$libinit$$0000000F
    libinit2.o(.ARM.Collect$$libinit$$00000012) refers to libinit2.o(.ARM.Collect$$libinit$$0000000F) for .ARM.Collect$$libinit$$0000000F
    libinit2.o(.ARM.Collect$$libinit$$00000014) refers to libinit2.o(.ARM.Collect$$libinit$$0000000F) for .ARM.Collect$$libinit$$0000000F
    libinit2.o(.ARM.Collect$$libinit$$00000016) refers to libinit2.o(.ARM.Collect$$libinit$$0000000F) for .ARM.Collect$$libinit$$0000000F
    libinit2.o(.ARM.Collect$$libinit$$00000018) refers to libinit2.o(.ARM.Collect$$libinit$$0000000F) for .ARM.Collect$$libinit$$0000000F
    libinit2.o(.ARM.Collect$$libinit$$00000026) refers to argv_veneer.o(.emb_text) for __ARM_argv_veneer
    libinit2.o(.ARM.Collect$$libinit$$00000027) refers to argv_veneer.o(.emb_text) for __ARM_argv_veneer
    sys_exit.o(.text) refers (Special) to use_no_semi.o(.text) for __I$use$semihosting
    sys_exit.o(.text) refers (Special) to indicate_semi.o(.text) for __semihosting_library_function
    rtexit2.o(.ARM.Collect$$rtexit$$00000003) refers to libshutdown.o(.ARM.Collect$$libshutdown$$00000000) for __rt_lib_shutdown
    rtexit2.o(.ARM.Collect$$rtexit$$00000004) refers to sys_exit.o(.text) for _sys_exit
    rtexit2.o(.ARM.exidx) refers to rtexit2.o(.ARM.Collect$$rtexit$$00000001) for .ARM.Collect$$rtexit$$00000001
    rtexit2.o(.ARM.exidx) refers to rtexit2.o(.ARM.Collect$$rtexit$$00000003) for .ARM.Collect$$rtexit$$00000003
    rtexit2.o(.ARM.exidx) refers to rtexit2.o(.ARM.Collect$$rtexit$$00000004) for .ARM.Collect$$rtexit$$00000004
    __raise.o(.text) refers to defsig.o(CL$$defsig) for __default_signal_handler
    defsig_general.o(.text) refers to sys_wrch.o(.text) for _ttywrch
    argv_veneer.o(.emb_text) refers to no_argv.o(.text) for __ARM_get_argv
    sys_wrch.o(.text) refers (Special) to use_no_semi.o(.text) for __I$use$semihosting
    sys_wrch.o(.text) refers (Special) to indicate_semi.o(.text) for __semihosting_library_function
    defsig.o(CL$$defsig) refers to defsig_fpe_inner.o(.text) for __rt_SIGFPE_inner
    defsig.o(CL$$defsig) refers to defsig_rtmem_inner.o(.text) for __rt_SIGRTMEM_inner
    _get_argv_nomalloc.o(.text) refers (Special) to hrguard.o(.text) for __heap_region$guard
    _get_argv_nomalloc.o(.text) refers to defsig_rtmem_outer.o(.text) for __rt_SIGRTMEM
    _get_argv_nomalloc.o(.text) refers to sys_command.o(.text) for _sys_command_string
    libshutdown.o(.ARM.Collect$$libshutdown$$00000000) refers (Special) to libshutdown2.o(.ARM.Collect$$libshutdown$$00000002) for __rt_lib_shutdown_cpp_1
    libshutdown.o(.ARM.Collect$$libshutdown$$00000000) refers (Special) to libshutdown2.o(.ARM.Collect$$libshutdown$$00000007) for __rt_lib_shutdown_fp_trap_1
    libshutdown.o(.ARM.Collect$$libshutdown$$00000000) refers (Special) to libshutdown2.o(.ARM.Collect$$libshutdown$$0000000F) for __rt_lib_shutdown_heap_1
    libshutdown.o(.ARM.Collect$$libshutdown$$00000000) refers (Special) to libshutdown2.o(.ARM.Collect$$libshutdown$$00000010) for __rt_lib_shutdown_return
    libshutdown.o(.ARM.Collect$$libshutdown$$00000000) refers (Special) to libshutdown2.o(.ARM.Collect$$libshutdown$$0000000A) for __rt_lib_shutdown_signal_1
    libshutdown.o(.ARM.Collect$$libshutdown$$00000000) refers (Special) to libshutdown2.o(.ARM.Collect$$libshutdown$$00000004) for __rt_lib_shutdown_stdio_1
    libshutdown.o(.ARM.Collect$$libshutdown$$00000000) refers (Special) to libshutdown2.o(.ARM.Collect$$libshutdown$$0000000C) for __rt_lib_shutdown_user_alloc_1
    sys_command.o(.text) refers (Special) to use_no_semi.o(.text) for __I$use$semihosting
    sys_command.o(.text) refers (Special) to indicate_semi.o(.text) for __semihosting_library_function
    defsig_abrt_inner.o(.text) refers to defsig_general.o(.text) for __default_signal_display
    defsig_rtred_inner.o(.text) refers to defsig_general.o(.text) for __default_signal_display
    defsig_rtmem_inner.o(.text) refers to defsig_general.o(.text) for __default_signal_display
    defsig_rtmem_outer.o(.text) refers to defsig_rtmem_inner.o(.text) for __rt_SIGRTMEM_inner
    defsig_rtmem_outer.o(.text) refers to defsig_exit.o(.text) for __sig_exit
    defsig_rtmem_formal.o(.text) refers to rt_raise.o(.text) for __rt_raise
    defsig_stak_inner.o(.text) refers to defsig_general.o(.text) for __default_signal_display
    defsig_pvfn_inner.o(.text) refers to defsig_general.o(.text) for __default_signal_display
    defsig_cppl_inner.o(.text) refers to defsig_general.o(.text) for __default_signal_display
    defsig_segv_inner.o(.text) refers to defsig_general.o(.text) for __default_signal_display
    defsig_other.o(.text) refers to defsig_general.o(.text) for __default_signal_display
    variant.o(i.VAR_SAFETY_setLimits) refers to safety.o(i.SAFETY_setLimitsMV) for SAFETY_setLimitsMV
    variant.o(i.VAR_SAFETY_setLimits) refers to safety.o(i.SAFETY_setLimitsHV) for SAFETY_setLimitsHV
    variant.o(i.VAR_SAFETY_setLimits) refers to variant.o(.data) for hware


==============================================================================

Removing Unused input sections from the image.

    Removing system_stm32f3xx.o(.rev16_text), (4 bytes).
    Removing system_stm32f3xx.o(.revsh_text), (4 bytes).
    Removing system_stm32f3xx.o(.rrx_text), (6 bytes).
    Removing system_stm32f3xx.o(i.SystemCoreClockUpdate), (160 bytes).
    Removing system_stm32f3xx.o(.constdata), (24 bytes).
    Removing main.o(.rev16_text), (4 bytes).
    Removing main.o(.revsh_text), (4 bytes).
    Removing main.o(.rrx_text), (6 bytes).
    Removing hirestim.o(.rev16_text), (4 bytes).
    Removing hirestim.o(.revsh_text), (4 bytes).
    Removing hirestim.o(.rrx_text), (6 bytes).
    Removing boardinit.o(.rev16_text), (4 bytes).
    Removing boardinit.o(.revsh_text), (4 bytes).
    Removing boardinit.o(.rrx_text), (6 bytes).
    Removing adc.o(.rev16_text), (4 bytes).
    Removing adc.o(.revsh_text), (4 bytes).
    Removing adc.o(.rrx_text), (6 bytes).
    Removing cfg.o(i.CFG_configRangesOk), (16 bytes).
    Removing cfg.o(i.CFG_getLocalCfgAddr), (8 bytes).
    Removing cfg.o(i.CFG_getLocalCfgLen), (4 bytes).
    Removing cfg.o(i.CFG_getReadonlyCfgAddr), (8 bytes).
    Removing cfg.o(i.CFG_getReadonlyCfgLen), (4 bytes).
    Removing cfg.o(i.CFG_getRemoteCfgAddr), (8 bytes).
    Removing cfg.o(i.CFG_getRemoteCfgLen), (4 bytes).
    Removing cfg.o(i.CFG_getStatus), (12 bytes).
    Removing cfg.o(.constdata), (8 bytes).
    Removing flag.o(i.FLAG_checkAllFlags), (1320 bytes).
    Removing flag.o(i.FLAG_checkAndWrite), (224 bytes).
    Removing flag.o(i.FLAG_checkFlagHold), (436 bytes).
    Removing flag.o(i.FLAG_checkFlagSched), (284 bytes).
    Removing flag.o(i.FLAG_checkFlagTrig), (436 bytes).
    Removing flag.o(i.FLAG_eraseDoneCallback), (332 bytes).
    Removing flag.o(i.FLAG_eraseStarted), (16 bytes).
    Removing flag.o(i.FLAG_getFlagBitfield), (12 bytes).
    Removing flag.o(i.FLAG_getStatus), (36 bytes).
    Removing flag.o(i.FLAG_swapActiveSector), (84 bytes).
    Removing flash.o(i.FLASH_endWrite), (44 bytes).
    Removing flash.o(i.FLASH_endWriteData), (20 bytes).
    Removing flash.o(i.FLASH_erase), (68 bytes).
    Removing flash.o(i.FLASH_getFreeBufferSpace), (16 bytes).
    Removing flash.o(i.FLASH_getMode), (12 bytes).
    Removing flash.o(i.FLASH_getStatus), (12 bytes).
    Removing flash.o(i.FLASH_readF32), (22 bytes).
    Removing flash.o(i.FLASH_readS16), (20 bytes).
    Removing flash.o(i.FLASH_readU08), (22 bytes).
    Removing flash.o(i.FLASH_readU32), (20 bytes).
    Removing flash.o(i.FLASH_startWrite), (40 bytes).
    Removing flash.o(i.FLASH_tick), (420 bytes).
    Removing flash.o(i.FLASH_writeByteBusy), (132 bytes).
    Removing flash.o(i.FLASH_writeStr), (88 bytes).
    Removing iqmath.o(i.IQ_div), (10 bytes).
    Removing iqmath.o(i.IQ_mpy), (14 bytes).
    Removing iqmath.o(i.IQ_mpyTo24), (8 bytes).
    Removing mainmsp.o(i.MAIN_resetRemoteCfg), (12 bytes).
    Removing mainmsp.o(.data), (1 bytes).
    Removing mainmsp.o(.specialarea), (36 bytes).
    Removing meas.o(i.MEAS_filter), (54 bytes).
    Removing meas.o(i.MEAS_filterFast), (54 bytes).
    Removing meas.o(i.MEAS_integrate), (6 bytes).
    Removing meas.o(i.MEAS_isPvActive), (48 bytes).
    Removing meas.o(i.MEAS_resetCharge), (16 bytes).
    Removing meas.o(i.MEAS_setDoUpdate), (12 bytes).
    Removing meas.o(i.MEAS_update), (48 bytes).
    Removing meas.o(i.MEAS_updateCharge), (24 bytes).
    Removing meas.o(i.MEAS_updateTempr), (240 bytes).
    Removing meas.o(.constdata), (304 bytes).
    Removing safety.o(i.SAFETY_fanShutdown), (20 bytes).
    Removing safety.o(i.SAFETY_getStatus), (24 bytes).
    Removing safety.o(i.SAFETY_isShutdown), (20 bytes).
    Removing safety.o(i.SAFETY_monitor), (312 bytes).
    Removing safety.o(i.SAFETY_tick), (364 bytes).
    Removing stats.o(i.STATS_getStatus), (52 bytes).
    Removing stats.o(i.STATS_init), (32 bytes).
    Removing stats.o(i.STATS_updateAll), (2 bytes).
    Removing stats.o(.bss), (296 bytes).
    Removing time.o(i.TIME_getSinceToday), (28 bytes).
    Removing time.o(i.TIME_getToday), (12 bytes).
    Removing time.o(i.TIME_isSet), (12 bytes).
    Removing time.o(i.TIME_isToday), (44 bytes).
    Removing time.o(i.TIME_recFromBc), (28 bytes).
    Removing time.o(i.TIME_tick), (128 bytes).
    Removing usci.o(i.uart_rx_isr), (284 bytes).
    Removing usci.o(i.uart_tx_isr), (40 bytes).
    Removing usci.o(i.usci_exchange), (6 bytes).
    Removing usci.o(i.usci_transmit), (2 bytes).
    Removing util.o(i.UTIL_calcChecksumFlash), (34 bytes).
    Removing util.o(i.UTIL_decimalToBcd), (48 bytes).
    Removing util.o(i.UTIL_getCircBufferSpace), (34 bytes).
    Removing util.o(i.UTIL_getFromCircBuffer), (42 bytes).
    Removing util.o(i.UTIL_modAdd), (20 bytes).
    Removing util.o(i.UTIL_putToCircBuffer), (42 bytes).
    Removing variant.o(i.VAR_retreive_hware), (2 bytes).
    Removing variant.o(i.VAR_CTRL_setFltrimParams), (2 bytes).

93 unused section(s) (total 7259 bytes) removed from the image.

==============================================================================

Image Symbol Table

    Local Symbols

    Symbol Name                              Value     Ov Type        Size  Object(Section)

    ../clib/angel/boardlib.s                 0x00000000   Number         0  boardinit3.o ABSOLUTE
    ../clib/angel/boardlib.s                 0x00000000   Number         0  boardinit2.o ABSOLUTE
    ../clib/angel/boardlib.s                 0x00000000   Number         0  boardinit1.o ABSOLUTE
    ../clib/angel/boardlib.s                 0x00000000   Number         0  boardshut.o ABSOLUTE
    ../clib/angel/dczerorl2.s                0x00000000   Number         0  __dczerorl2.o ABSOLUTE
    ../clib/angel/handlers.s                 0x00000000   Number         0  __scatter_zi.o ABSOLUTE
    ../clib/angel/kernel.s                   0x00000000   Number         0  rtexit2.o ABSOLUTE
    ../clib/angel/kernel.s                   0x00000000   Number         0  __rtentry.o ABSOLUTE
    ../clib/angel/kernel.s                   0x00000000   Number         0  __rtentry4.o ABSOLUTE
    ../clib/angel/kernel.s                   0x00000000   Number         0  rtexit.o ABSOLUTE
    ../clib/angel/kernel.s                   0x00000000   Number         0  __rtentry2.o ABSOLUTE
    ../clib/angel/rt.s                       0x00000000   Number         0  aeabi_ldiv0_sigfpe.o ABSOLUTE
    ../clib/angel/rt.s                       0x00000000   Number         0  aeabi_ldiv0.o ABSOLUTE
    ../clib/angel/rt.s                       0x00000000   Number         0  rt_div0.o ABSOLUTE
    ../clib/angel/rt.s                       0x00000000   Number         0  rt_raise.o ABSOLUTE
    ../clib/angel/scatter.s                  0x00000000   Number         0  __scatter.o ABSOLUTE
    ../clib/angel/startup.s                  0x00000000   Number         0  __main.o ABSOLUTE
    ../clib/angel/sys.s                      0x00000000   Number         0  use_no_semi.o ABSOLUTE
    ../clib/angel/sys.s                      0x00000000   Number         0  libspace.o ABSOLUTE
    ../clib/angel/sys.s                      0x00000000   Number         0  indicate_semi.o ABSOLUTE
    ../clib/angel/sys.s                      0x00000000   Number         0  sys_stackheap_outer.o ABSOLUTE
    ../clib/angel/sysapp.c                   0x00000000   Number         0  sys_command.o ABSOLUTE
    ../clib/angel/sysapp.c                   0x00000000   Number         0  sys_wrch.o ABSOLUTE
    ../clib/angel/sysapp.c                   0x00000000   Number         0  sys_exit.o ABSOLUTE
    ../clib/armsys.c                         0x00000000   Number         0  no_argv.o ABSOLUTE
    ../clib/armsys.c                         0x00000000   Number         0  _get_argv_nomalloc.o ABSOLUTE
    ../clib/armsys.c                         0x00000000   Number         0  argv_veneer.o ABSOLUTE
    ../clib/armsys.c                         0x00000000   Number         0  argv_veneer.o ABSOLUTE
    ../clib/heapalloc.c                      0x00000000   Number         0  hrguard.o ABSOLUTE
    ../clib/heapaux.c                        0x00000000   Number         0  heapauxi.o ABSOLUTE
    ../clib/libinit.s                        0x00000000   Number         0  libinit.o ABSOLUTE
    ../clib/libinit.s                        0x00000000   Number         0  libshutdown2.o ABSOLUTE
    ../clib/libinit.s                        0x00000000   Number         0  libinit2.o ABSOLUTE
    ../clib/libinit.s                        0x00000000   Number         0  libshutdown.o ABSOLUTE
    ../clib/longlong.s                       0x00000000   Number         0  llshl.o ABSOLUTE
    ../clib/longlong.s                       0x00000000   Number         0  lludivv7m.o ABSOLUTE
    ../clib/signal.c                         0x00000000   Number         0  defsig_rtmem_formal.o ABSOLUTE
    ../clib/signal.c                         0x00000000   Number         0  defsig_stak_inner.o ABSOLUTE
    ../clib/signal.c                         0x00000000   Number         0  defsig_exit.o ABSOLUTE
    ../clib/signal.c                         0x00000000   Number         0  defsig_fpe_formal.o ABSOLUTE
    ../clib/signal.c                         0x00000000   Number         0  defsig_fpe_inner.o ABSOLUTE
    ../clib/signal.c                         0x00000000   Number         0  defsig_other.o ABSOLUTE
    ../clib/signal.c                         0x00000000   Number         0  __raise.o ABSOLUTE
    ../clib/signal.c                         0x00000000   Number         0  defsig_fpe_outer.o ABSOLUTE
    ../clib/signal.c                         0x00000000   Number         0  defsig_rtmem_inner.o ABSOLUTE
    ../clib/signal.c                         0x00000000   Number         0  defsig_rtred_inner.o ABSOLUTE
    ../clib/signal.c                         0x00000000   Number         0  defsig_abrt_inner.o ABSOLUTE
    ../clib/signal.c                         0x00000000   Number         0  defsig_rtmem_outer.o ABSOLUTE
    ../clib/signal.c                         0x00000000   Number         0  defsig_general.o ABSOLUTE
    ../clib/signal.c                         0x00000000   Number         0  defsig_segv_inner.o ABSOLUTE
    ../clib/signal.c                         0x00000000   Number         0  defsig_pvfn_inner.o ABSOLUTE
    ../clib/signal.c                         0x00000000   Number         0  defsig_cppl_inner.o ABSOLUTE
    ../clib/signal.s                         0x00000000   Number         0  defsig.o ABSOLUTE
    ../clib/stdlib.c                         0x00000000   Number         0  exit.o ABSOLUTE
    ../fplib/d2f.s                           0x00000000   Number         0  d2f.o ABSOLUTE
    ../fplib/dcmpi.s                         0x00000000   Number         0  dcmpi.o ABSOLUTE
    ../fplib/ddiv.s                          0x00000000   Number         0  ddiv.o ABSOLUTE
    ../fplib/dfix.s                          0x00000000   Number         0  dfix.o ABSOLUTE
    ../fplib/dleqf.s                         0x00000000   Number         0  dleqf.o ABSOLUTE
    ../fplib/dmul.s                          0x00000000   Number         0  dmul.o ABSOLUTE
    ../fplib/dnaninf.s                       0x00000000   Number         0  dnaninf.o ABSOLUTE
    ../fplib/dretinf.s                       0x00000000   Number         0  dretinf.o ABSOLUTE
    ../fplib/drleqf.s                        0x00000000   Number         0  drleqf.o ABSOLUTE
    ../fplib/f2d.s                           0x00000000   Number         0  f2d.o ABSOLUTE
    ../fplib/fnaninf.s                       0x00000000   Number         0  fnaninf.o ABSOLUTE
    ../fplib/fpinit.s                        0x00000000   Number         0  fpinit.o ABSOLUTE
    ../fplib/fretinf.s                       0x00000000   Number         0  fretinf.o ABSOLUTE
    ../fplib/usenofp.s                       0x00000000   Number         0  usenofp.o ABSOLUTE
    CMSIS\\src\\system_stm32f3xx.c           0x00000000   Number         0  system_stm32f3xx.o ABSOLUTE
    CMSIS\src\system_stm32f3xx.c             0x00000000   Number         0  system_stm32f3xx.o ABSOLUTE
    MSP430\cfg.c                             0x00000000   Number         0  cfg.o ABSOLUTE
    MSP430\crc16.c                           0x00000000   Number         0  crc16.o ABSOLUTE
    MSP430\flag.c                            0x00000000   Number         0  flag.o ABSOLUTE
    MSP430\flash.c                           0x00000000   Number         0  flash.o ABSOLUTE
    MSP430\iqmath.c                          0x00000000   Number         0  iqmath.o ABSOLUTE
    MSP430\mainMSP.c                         0x00000000   Number         0  mainmsp.o ABSOLUTE
    MSP430\meas.c                            0x00000000   Number         0  meas.o ABSOLUTE
    MSP430\safety.c                          0x00000000   Number         0  safety.o ABSOLUTE
    MSP430\spi.c                             0x00000000   Number         0  spi.o ABSOLUTE
    MSP430\stats.c                           0x00000000   Number         0  stats.o ABSOLUTE
    MSP430\time.c                            0x00000000   Number         0  time.o ABSOLUTE
    MSP430\usci.c                            0x00000000   Number         0  usci.o ABSOLUTE
    MSP430\util.c                            0x00000000   Number         0  util.o ABSOLUTE
    MSP430\variant.c                         0x00000000   Number         0  variant.o ABSOLUTE
    Starup\startup_stm32f334x8.s             0x00000000   Number         0  startup_stm32f334x8.o ABSOLUTE
    User\\src\\BoardInit.c                   0x00000000   Number         0  boardinit.o ABSOLUTE
    User\\src\\HiResTim.c                    0x00000000   Number         0  hirestim.o ABSOLUTE
    User\\src\\adc.c                         0x00000000   Number         0  adc.o ABSOLUTE
    User\\src\\main.c                        0x00000000   Number         0  main.o ABSOLUTE
    User\src\BoardInit.c                     0x00000000   Number         0  boardinit.o ABSOLUTE
    User\src\HiResTim.c                      0x00000000   Number         0  hirestim.o ABSOLUTE
    User\src\adc.c                           0x00000000   Number         0  adc.o ABSOLUTE
    User\src\main.c                          0x00000000   Number         0  main.o ABSOLUTE
    User\src\termo.c                         0x00000000   Number         0  termo.o ABSOLUTE
    dc.s                                     0x00000000   Number         0  dc.o ABSOLUTE
    RESET                                    0x08000000   Section      392  startup_stm32f334x8.o(RESET)
    !!!main                                  0x08000188   Section        8  __main.o(!!!main)
    !!!scatter                               0x08000190   Section       52  __scatter.o(!!!scatter)
    !!dczerorl2                              0x080001c4   Section       90  __dczerorl2.o(!!dczerorl2)
    !!handler_zi                             0x08000220   Section       28  __scatter_zi.o(!!handler_zi)
    .ARM.Collect$$libinit$$00000000          0x0800023c   Section        2  libinit.o(.ARM.Collect$$libinit$$00000000)
    .ARM.Collect$$libinit$$00000001          0x0800023e   Section        4  libinit2.o(.ARM.Collect$$libinit$$00000001)
    .ARM.Collect$$libinit$$00000004          0x08000242   Section        0  libinit2.o(.ARM.Collect$$libinit$$00000004)
    .ARM.Collect$$libinit$$0000000A          0x08000242   Section        0  libinit2.o(.ARM.Collect$$libinit$$0000000A)
    .ARM.Collect$$libinit$$0000000C          0x08000242   Section        0  libinit2.o(.ARM.Collect$$libinit$$0000000C)
    .ARM.Collect$$libinit$$0000000E          0x08000242   Section        0  libinit2.o(.ARM.Collect$$libinit$$0000000E)
    .ARM.Collect$$libinit$$00000011          0x08000242   Section        0  libinit2.o(.ARM.Collect$$libinit$$00000011)
    .ARM.Collect$$libinit$$00000013          0x08000242   Section        0  libinit2.o(.ARM.Collect$$libinit$$00000013)
    .ARM.Collect$$libinit$$00000015          0x08000242   Section        0  libinit2.o(.ARM.Collect$$libinit$$00000015)
    .ARM.Collect$$libinit$$00000017          0x08000242   Section        0  libinit2.o(.ARM.Collect$$libinit$$00000017)
    .ARM.Collect$$libinit$$00000019          0x08000242   Section        0  libinit2.o(.ARM.Collect$$libinit$$00000019)
    .ARM.Collect$$libinit$$0000001B          0x08000242   Section        0  libinit2.o(.ARM.Collect$$libinit$$0000001B)
    .ARM.Collect$$libinit$$0000001D          0x08000242   Section        0  libinit2.o(.ARM.Collect$$libinit$$0000001D)
    .ARM.Collect$$libinit$$0000001F          0x08000242   Section        0  libinit2.o(.ARM.Collect$$libinit$$0000001F)
    .ARM.Collect$$libinit$$00000021          0x08000242   Section        0  libinit2.o(.ARM.Collect$$libinit$$00000021)
    .ARM.Collect$$libinit$$00000023          0x08000242   Section        0  libinit2.o(.ARM.Collect$$libinit$$00000023)
    .ARM.Collect$$libinit$$00000025          0x08000242   Section        0  libinit2.o(.ARM.Collect$$libinit$$00000025)
    .ARM.Collect$$libinit$$0000002C          0x08000242   Section        0  libinit2.o(.ARM.Collect$$libinit$$0000002C)
    .ARM.Collect$$libinit$$0000002E          0x08000242   Section        0  libinit2.o(.ARM.Collect$$libinit$$0000002E)
    .ARM.Collect$$libinit$$00000030          0x08000242   Section        0  libinit2.o(.ARM.Collect$$libinit$$00000030)
    .ARM.Collect$$libinit$$00000032          0x08000242   Section        0  libinit2.o(.ARM.Collect$$libinit$$00000032)
    .ARM.Collect$$libinit$$00000033          0x08000242   Section        2  libinit2.o(.ARM.Collect$$libinit$$00000033)
    .ARM.Collect$$libshutdown$$00000000      0x08000244   Section        2  libshutdown.o(.ARM.Collect$$libshutdown$$00000000)
    .ARM.Collect$$libshutdown$$00000002      0x08000246   Section        0  libshutdown2.o(.ARM.Collect$$libshutdown$$00000002)
    .ARM.Collect$$libshutdown$$00000004      0x08000246   Section        0  libshutdown2.o(.ARM.Collect$$libshutdown$$00000004)
    .ARM.Collect$$libshutdown$$00000007      0x08000246   Section        0  libshutdown2.o(.ARM.Collect$$libshutdown$$00000007)
    .ARM.Collect$$libshutdown$$0000000A      0x08000246   Section        0  libshutdown2.o(.ARM.Collect$$libshutdown$$0000000A)
    .ARM.Collect$$libshutdown$$0000000C      0x08000246   Section        0  libshutdown2.o(.ARM.Collect$$libshutdown$$0000000C)
    .ARM.Collect$$libshutdown$$0000000F      0x08000246   Section        0  libshutdown2.o(.ARM.Collect$$libshutdown$$0000000F)
    .ARM.Collect$$libshutdown$$00000010      0x08000246   Section        2  libshutdown2.o(.ARM.Collect$$libshutdown$$00000010)
    .ARM.Collect$$rtentry$$00000000          0x08000248   Section        0  __rtentry.o(.ARM.Collect$$rtentry$$00000000)
    .ARM.Collect$$rtentry$$00000002          0x08000248   Section        0  __rtentry2.o(.ARM.Collect$$rtentry$$00000002)
    .ARM.Collect$$rtentry$$00000004          0x08000248   Section        6  __rtentry4.o(.ARM.Collect$$rtentry$$00000004)
    .ARM.Collect$$rtentry$$00000009          0x0800024e   Section        0  __rtentry2.o(.ARM.Collect$$rtentry$$00000009)
    .ARM.Collect$$rtentry$$0000000A          0x0800024e   Section        4  __rtentry2.o(.ARM.Collect$$rtentry$$0000000A)
    .ARM.Collect$$rtentry$$0000000C          0x08000252   Section        0  __rtentry2.o(.ARM.Collect$$rtentry$$0000000C)
    .ARM.Collect$$rtentry$$0000000D          0x08000252   Section        8  __rtentry2.o(.ARM.Collect$$rtentry$$0000000D)
    .ARM.Collect$$rtexit$$00000000           0x0800025a   Section        2  rtexit.o(.ARM.Collect$$rtexit$$00000000)
    .ARM.Collect$$rtexit$$00000002           0x0800025c   Section        0  rtexit2.o(.ARM.Collect$$rtexit$$00000002)
    .ARM.Collect$$rtexit$$00000003           0x0800025c   Section        4  rtexit2.o(.ARM.Collect$$rtexit$$00000003)
    .ARM.Collect$$rtexit$$00000004           0x08000260   Section        6  rtexit2.o(.ARM.Collect$$rtexit$$00000004)
    .text                                    0x08000268   Section       64  startup_stm32f334x8.o(.text)
    $v0                                      0x08000268   Number         0  startup_stm32f334x8.o(.text)
    .text                                    0x080002a8   Section      238  lludivv7m.o(.text)
    .text                                    0x08000396   Section        0  heapauxi.o(.text)
    .text                                    0x0800039c   Section       74  sys_stackheap_outer.o(.text)
    .text                                    0x080003e6   Section        0  exit.o(.text)
    .text                                    0x080003f8   Section        8  libspace.o(.text)
    .text                                    0x08000400   Section        0  sys_exit.o(.text)
    .text                                    0x0800040c   Section        2  use_no_semi.o(.text)
    .text                                    0x0800040e   Section        0  indicate_semi.o(.text)
    i.ADC1_2_IRQHandler                      0x08000410   Section        0  main.o(i.ADC1_2_IRQHandler)
    i.CFG_checkRanges                        0x08000440   Section        0  cfg.o(i.CFG_checkRanges)
    i.CFG_init                               0x080008e0   Section        0  cfg.o(i.CFG_init)
    i.CRC16_Update4Bits                      0x0800093c   Section        0  crc16.o(i.CRC16_Update4Bits)
    i.CalculateCRC16                         0x08000998   Section        0  crc16.o(i.CalculateCRC16)
    i.DMA1_Channel1_IRQHandler               0x08000a84   Section        0  main.o(i.DMA1_Channel1_IRQHandler)
    i.FLAG_getFlagLen                        0x08000aa4   Section        0  flag.o(i.FLAG_getFlagLen)
    i.FLAG_init                              0x08000aac   Section        0  flag.o(i.FLAG_init)
    i.FLAG_initTrigs                         0x08000c7c   Section        0  flag.o(i.FLAG_initTrigs)
    i.FLAG_logFlag                           0x08000e14   Section        0  flag.o(i.FLAG_logFlag)
    i.FLAG_timeHasUpdated                    0x08000e60   Section        0  flag.o(i.FLAG_timeHasUpdated)
    i.FLASH_eraseBlockBusy                   0x08000e84   Section        0  flash.o(i.FLASH_eraseBlockBusy)
    i.FLASH_init                             0x08000f00   Section        0  flash.o(i.FLASH_init)
    i.FLASH_isBusy                           0x08000f28   Section        0  flash.o(i.FLASH_isBusy)
    i.FLASH_readStr                          0x08000f44   Section        0  flash.o(i.FLASH_readStr)
    i.FLASH_readU16                          0x08000fc8   Section        0  flash.o(i.FLASH_readU16)
    i.FLASH_readU64                          0x08000fdc   Section        0  flash.o(i.FLASH_readU64)
    i.MAIN_resetAllAndStart                  0x08000ff2   Section        0  mainmsp.o(i.MAIN_resetAllAndStart)
    i.MEAS_init                              0x08001034   Section        0  meas.o(i.MEAS_init)
    i.SAFETY_init                            0x0800125c   Section        0  safety.o(i.SAFETY_init)
    i.SAFETY_setLimitsHV                     0x0800127c   Section        0  safety.o(i.SAFETY_setLimitsHV)
    i.SAFETY_setLimitsMV                     0x080013ac   Section        0  safety.o(i.SAFETY_setLimitsMV)
    i.SPI_init                               0x080014dc   Section        0  spi.o(i.SPI_init)
    i.SPI_writeRead                          0x080014de   Section        0  spi.o(i.SPI_writeRead)
    i.SysTick_Handler                        0x080014e4   Section        0  main.o(i.SysTick_Handler)
    i.SystemInit                             0x080014f4   Section        0  system_stm32f3xx.o(i.SystemInit)
    i.TIME_get                               0x08001510   Section        0  time.o(i.TIME_get)
    i.TIME_init                              0x0800151c   Section        0  time.o(i.TIME_init)
    i.TIME_set                               0x08001550   Section        0  time.o(i.TIME_set)
    i.UTIL_calcChecksum                      0x080015a0   Section        0  util.o(i.UTIL_calcChecksum)
    i.VAR_SAFETY_setLimits                   0x080015b8   Section        0  variant.o(i.VAR_SAFETY_setLimits)
    i.__NVIC_EnableIRQ                       0x080015d0   Section        0  adc.o(i.__NVIC_EnableIRQ)
    __NVIC_EnableIRQ                         0x080015d1   Thumb Code    26  adc.o(i.__NVIC_EnableIRQ)
    i.__NVIC_SetPriority                     0x080015ec   Section        0  adc.o(i.__NVIC_SetPriority)
    __NVIC_SetPriority                       0x080015ed   Thumb Code    32  adc.o(i.__NVIC_SetPriority)
    i.adcGpioConfig                          0x08001614   Section        0  adc.o(i.adcGpioConfig)
    i.brief_pause                            0x08001678   Section        0  mainmsp.o(i.brief_pause)
    i.clock_init                             0x0800167a   Section        0  mainmsp.o(i.clock_init)
    i.delay_ms                               0x0800167c   Section        0  main.o(i.delay_ms)
    i.endOfCycleExecute                      0x08001690   Section        0  main.o(i.endOfCycleExecute)
    i.getNewDytyValue                        0x08001758   Section        0  main.o(i.getNewDytyValue)
    i.getTemperatureValue                    0x0800196c   Section        0  termo.o(i.getTemperatureValue)
    i.hrtimerUpdateDuty                      0x08001a18   Section        0  hirestim.o(i.hrtimerUpdateDuty)
    i.hrtimersGpioInit                       0x08001a30   Section        0  hirestim.o(i.hrtimersGpioInit)
    i.hrtimersOutDisable                     0x08001a84   Section        0  hirestim.o(i.hrtimersOutDisable)
    i.hrtimersOutEnable                      0x08001a90   Section        0  hirestim.o(i.hrtimersOutEnable)
    i.initAdcToDualRegularSimultaneousMode   0x08001ab0   Section        0  adc.o(i.initAdcToDualRegularSimultaneousMode)
    i.initCoreIoPins                         0x08001c48   Section        0  boardinit.o(i.initCoreIoPins)
    i.initDmaForAdc                          0x08001c84   Section        0  adc.o(i.initDmaForAdc)
    i.initHighResolutionTimer                0x08001cc4   Section        0  hirestim.o(i.initHighResolutionTimer)
    i.loadPassword                           0x08001de8   Section        0  usci.o(i.loadPassword)
    i.main                                   0x08001e04   Section        0  main.o(i.main)
    i.mainMSPinit                            0x08001f00   Section        0  mainmsp.o(i.mainMSPinit)
    i.mainMSPloop                            0x08001f1c   Section        0  mainmsp.o(i.mainMSPloop)
    i.measureExecute                         0x08001f28   Section        0  main.o(i.measureExecute)
    i.setAdcMasterAnalogWatchdogThresholds   0x08001fa8   Section        0  adc.o(i.setAdcMasterAnalogWatchdogThresholds)
    i.setSystemClock                         0x08001fe0   Section        0  boardinit.o(i.setSystemClock)
    i.uart_init                              0x080020c8   Section        0  usci.o(i.uart_init)
    i.uart_receive                           0x080020cc   Section        0  usci.o(i.uart_receive)
    i.uart_send                              0x080022e8   Section        0  usci.o(i.uart_send)
    i.uart_send_error                        0x0800249c   Section        0  usci.o(i.uart_send_error)
    i.uart_send_response                     0x080024ac   Section        0  usci.o(i.uart_send_response)
    i.uart_send_startup                      0x080024c4   Section        0  usci.o(i.uart_send_startup)
    i.uart_tx                                0x080024d4   Section        0  usci.o(i.uart_tx)
    i.updateAverageValue                     0x080024e0   Section        0  adc.o(i.updateAverageValue)
    i.updateCalcValue                        0x0800251c   Section        0  adc.o(i.updateCalcValue)
    i.updateSumValue                         0x0800263c   Section        0  adc.o(i.updateSumValue)
    i.usci_init                              0x08002658   Section        0  usci.o(i.usci_init)
    x$fpl$d2f                                0x0800265c   Section       98  d2f.o(x$fpl$d2f)
    $v0                                      0x0800265c   Number         0  d2f.o(x$fpl$d2f)
    x$fpl$dcmpinf                            0x080026be   Section       24  dcmpi.o(x$fpl$dcmpinf)
    $v0                                      0x080026be   Number         0  dcmpi.o(x$fpl$dcmpinf)
    x$fpl$ddiv                               0x080026d8   Section      688  ddiv.o(x$fpl$ddiv)
    $v0                                      0x080026d8   Number         0  ddiv.o(x$fpl$ddiv)
    ddiv_entry                               0x080026df   Thumb Code     0  ddiv.o(x$fpl$ddiv)
    x$fpl$dfix                               0x08002988   Section       94  dfix.o(x$fpl$dfix)
    $v0                                      0x08002988   Number         0  dfix.o(x$fpl$dfix)
    x$fpl$dleqf                              0x080029e8   Section      120  dleqf.o(x$fpl$dleqf)
    $v0                                      0x080029e8   Number         0  dleqf.o(x$fpl$dleqf)
    x$fpl$dmul                               0x08002a60   Section      340  dmul.o(x$fpl$dmul)
    $v0                                      0x08002a60   Number         0  dmul.o(x$fpl$dmul)
    x$fpl$dnaninf                            0x08002bb4   Section      156  dnaninf.o(x$fpl$dnaninf)
    $v0                                      0x08002bb4   Number         0  dnaninf.o(x$fpl$dnaninf)
    x$fpl$dretinf                            0x08002c50   Section       12  dretinf.o(x$fpl$dretinf)
    $v0                                      0x08002c50   Number         0  dretinf.o(x$fpl$dretinf)
    x$fpl$drleqf                             0x08002c5c   Section      108  drleqf.o(x$fpl$drleqf)
    $v0                                      0x08002c5c   Number         0  drleqf.o(x$fpl$drleqf)
    x$fpl$f2d                                0x08002cc8   Section       86  f2d.o(x$fpl$f2d)
    $v0                                      0x08002cc8   Number         0  f2d.o(x$fpl$f2d)
    x$fpl$fnaninf                            0x08002d1e   Section      140  fnaninf.o(x$fpl$fnaninf)
    $v0                                      0x08002d1e   Number         0  fnaninf.o(x$fpl$fnaninf)
    x$fpl$fpinit                             0x08002daa   Section       10  fpinit.o(x$fpl$fpinit)
    $v0                                      0x08002daa   Number         0  fpinit.o(x$fpl$fpinit)
    x$fpl$fretinf                            0x08002db4   Section       10  fretinf.o(x$fpl$fretinf)
    $v0                                      0x08002db4   Number         0  fretinf.o(x$fpl$fretinf)
    .constdata                               0x08002dbe   Section       66  termo.o(.constdata)
    x$fpl$usenofp                            0x08002dbe   Section        0  usenofp.o(x$fpl$usenofp)
    termoTable                               0x08002dbe   Data          66  termo.o(.constdata)
    .data                                    0x20000000   Section        4  system_stm32f3xx.o(.data)
    .data                                    0x20000004   Section       36  main.o(.data)
    workMode                                 0x20000024   Data           1  main.o(.data)
    index                                    0x20000026   Data           2  main.o(.data)
    .data                                    0x20000028   Section      356  cfg.o(.data)
    .data                                    0x2000018c   Section       66  crc16.o(.data)
    .data                                    0x200001d0   Section        4  meas.o(.data)
    .data                                    0x200001d4   Section       29  safety.o(.data)
    .data                                    0x200001f8   Section       28  time.o(.data)
    .data                                    0x20000218   Section       52  usci.o(.data)
    .data                                    0x2000024c   Section        8  variant.o(.data)
    .bss                                     0x20000254   Section      216  main.o(.bss)
    .bss                                     0x20000330   Section      416  flag.o(.bss)
    .bss                                     0x200004d0   Section      228  flash.o(.bss)
    .bss                                     0x200005b4   Section      228  meas.o(.bss)
    .bss                                     0x20000698   Section       36  safety.o(.bss)
    .bss                                     0x200006c0   Section     1300  usci.o(.bss)
    .bss                                     0x20000bd4   Section       96  libspace.o(.bss)
    HEAP                                     0x20000c38   Section      512  startup_stm32f334x8.o(HEAP)
    Heap_Mem                                 0x20000c38   Data         512  startup_stm32f334x8.o(HEAP)
    STACK                                    0x20000e38   Section     1024  startup_stm32f334x8.o(STACK)
    Stack_Mem                                0x20000e38   Data        1024  startup_stm32f334x8.o(STACK)
    __initial_sp                             0x20001238   Data           0  startup_stm32f334x8.o(STACK)

    Global Symbols

    Symbol Name                              Value     Ov Type        Size  Object(Section)

    BuildAttributes$$THM_ISAv4$E$P$D$K$B$S$7EM$VFPi3$EXTD16$VFPS$VFMA$PE$A:L22UL41UL21$X:L11$S22US41US21$IEEE1$IW$USESV6$~STKCKD$USESV7$~SHL$OSPACE$ROPI$EBA8$UX$STANDARDLIB$REQ8$PRES8$EABIv2 0x00000000   Number         0  anon$$obj.o ABSOLUTE
    __ARM_use_no_argv                        0x00000000   Number         0  main.o ABSOLUTE
    __ARM_exceptions_init                     - Undefined Weak Reference
    __alloca_initialize                       - Undefined Weak Reference
    __arm_preinit_                            - Undefined Weak Reference
    __cpp_initialize__aeabi_                  - Undefined Weak Reference
    __cxa_finalize                            - Undefined Weak Reference
    __rt_locale                               - Undefined Weak Reference
    __sigvec_lookup                           - Undefined Weak Reference
    _atexit_init                              - Undefined Weak Reference
    _call_atexit_fns                          - Undefined Weak Reference
    _clock_init                               - Undefined Weak Reference
    _fp_trap_init                             - Undefined Weak Reference
    _fp_trap_shutdown                         - Undefined Weak Reference
    _get_lc_collate                           - Undefined Weak Reference
    _get_lc_ctype                             - Undefined Weak Reference
    _get_lc_monetary                          - Undefined Weak Reference
    _get_lc_numeric                           - Undefined Weak Reference
    _get_lc_time                              - Undefined Weak Reference
    _getenv_init                              - Undefined Weak Reference
    _handle_redirection                       - Undefined Weak Reference
    _init_alloc                               - Undefined Weak Reference
    _init_user_alloc                          - Undefined Weak Reference
    _initio                                   - Undefined Weak Reference
    _rand_init                                - Undefined Weak Reference
    _signal_finish                            - Undefined Weak Reference
    _signal_init                              - Undefined Weak Reference
    _terminate_alloc                          - Undefined Weak Reference
    _terminate_user_alloc                     - Undefined Weak Reference
    _terminateio                              - Undefined Weak Reference
    __Vectors_Size                           0x00000188   Number         0  startup_stm32f334x8.o ABSOLUTE
    __Vectors                                0x08000000   Data           4  startup_stm32f334x8.o(RESET)
    __Vectors_End                            0x08000188   Data           0  startup_stm32f334x8.o(RESET)
    __main                                   0x08000189   Thumb Code     8  __main.o(!!!main)
    __scatterload                            0x08000191   Thumb Code     0  __scatter.o(!!!scatter)
    __scatterload_rt2                        0x08000191   Thumb Code    44  __scatter.o(!!!scatter)
    __scatterload_rt2_thumb_only             0x08000191   Thumb Code     0  __scatter.o(!!!scatter)
    __scatterload_null                       0x0800019f   Thumb Code     0  __scatter.o(!!!scatter)
    __decompress                             0x080001c5   Thumb Code    90  __dczerorl2.o(!!dczerorl2)
    __decompress1                            0x080001c5   Thumb Code     0  __dczerorl2.o(!!dczerorl2)
    __scatterload_zeroinit                   0x08000221   Thumb Code    28  __scatter_zi.o(!!handler_zi)
    __rt_lib_init                            0x0800023d   Thumb Code     0  libinit.o(.ARM.Collect$$libinit$$00000000)
    __rt_lib_init_fp_1                       0x0800023f   Thumb Code     0  libinit2.o(.ARM.Collect$$libinit$$00000001)
    __rt_lib_init_alloca_1                   0x08000243   Thumb Code     0  libinit2.o(.ARM.Collect$$libinit$$0000002E)
    __rt_lib_init_argv_1                     0x08000243   Thumb Code     0  libinit2.o(.ARM.Collect$$libinit$$0000002C)
    __rt_lib_init_atexit_1                   0x08000243   Thumb Code     0  libinit2.o(.ARM.Collect$$libinit$$0000001B)
    __rt_lib_init_clock_1                    0x08000243   Thumb Code     0  libinit2.o(.ARM.Collect$$libinit$$00000021)
    __rt_lib_init_cpp_1                      0x08000243   Thumb Code     0  libinit2.o(.ARM.Collect$$libinit$$00000032)
    __rt_lib_init_exceptions_1               0x08000243   Thumb Code     0  libinit2.o(.ARM.Collect$$libinit$$00000030)
    __rt_lib_init_fp_trap_1                  0x08000243   Thumb Code     0  libinit2.o(.ARM.Collect$$libinit$$0000001F)
    __rt_lib_init_getenv_1                   0x08000243   Thumb Code     0  libinit2.o(.ARM.Collect$$libinit$$00000023)
    __rt_lib_init_heap_1                     0x08000243   Thumb Code     0  libinit2.o(.ARM.Collect$$libinit$$0000000A)
    __rt_lib_init_lc_collate_1               0x08000243   Thumb Code     0  libinit2.o(.ARM.Collect$$libinit$$00000011)
    __rt_lib_init_lc_ctype_1                 0x08000243   Thumb Code     0  libinit2.o(.ARM.Collect$$libinit$$00000013)
    __rt_lib_init_lc_monetary_1              0x08000243   Thumb Code     0  libinit2.o(.ARM.Collect$$libinit$$00000015)
    __rt_lib_init_lc_numeric_1               0x08000243   Thumb Code     0  libinit2.o(.ARM.Collect$$libinit$$00000017)
    __rt_lib_init_lc_time_1                  0x08000243   Thumb Code     0  libinit2.o(.ARM.Collect$$libinit$$00000019)
    __rt_lib_init_preinit_1                  0x08000243   Thumb Code     0  libinit2.o(.ARM.Collect$$libinit$$00000004)
    __rt_lib_init_rand_1                     0x08000243   Thumb Code     0  libinit2.o(.ARM.Collect$$libinit$$0000000E)
    __rt_lib_init_return                     0x08000243   Thumb Code     0  libinit2.o(.ARM.Collect$$libinit$$00000033)
    __rt_lib_init_signal_1                   0x08000243   Thumb Code     0  libinit2.o(.ARM.Collect$$libinit$$0000001D)
    __rt_lib_init_stdio_1                    0x08000243   Thumb Code     0  libinit2.o(.ARM.Collect$$libinit$$00000025)
    __rt_lib_init_user_alloc_1               0x08000243   Thumb Code     0  libinit2.o(.ARM.Collect$$libinit$$0000000C)
    __rt_lib_shutdown                        0x08000245   Thumb Code     0  libshutdown.o(.ARM.Collect$$libshutdown$$00000000)
    __rt_lib_shutdown_cpp_1                  0x08000247   Thumb Code     0  libshutdown2.o(.ARM.Collect$$libshutdown$$00000002)
    __rt_lib_shutdown_fp_trap_1              0x08000247   Thumb Code     0  libshutdown2.o(.ARM.Collect$$libshutdown$$00000007)
    __rt_lib_shutdown_heap_1                 0x08000247   Thumb Code     0  libshutdown2.o(.ARM.Collect$$libshutdown$$0000000F)
    __rt_lib_shutdown_return                 0x08000247   Thumb Code     0  libshutdown2.o(.ARM.Collect$$libshutdown$$00000010)
    __rt_lib_shutdown_signal_1               0x08000247   Thumb Code     0  libshutdown2.o(.ARM.Collect$$libshutdown$$0000000A)
    __rt_lib_shutdown_stdio_1                0x08000247   Thumb Code     0  libshutdown2.o(.ARM.Collect$$libshutdown$$00000004)
    __rt_lib_shutdown_user_alloc_1           0x08000247   Thumb Code     0  libshutdown2.o(.ARM.Collect$$libshutdown$$0000000C)
    __rt_entry                               0x08000249   Thumb Code     0  __rtentry.o(.ARM.Collect$$rtentry$$00000000)
    __rt_entry_presh_1                       0x08000249   Thumb Code     0  __rtentry2.o(.ARM.Collect$$rtentry$$00000002)
    __rt_entry_sh                            0x08000249   Thumb Code     0  __rtentry4.o(.ARM.Collect$$rtentry$$00000004)
    __rt_entry_li                            0x0800024f   Thumb Code     0  __rtentry2.o(.ARM.Collect$$rtentry$$0000000A)
    __rt_entry_postsh_1                      0x0800024f   Thumb Code     0  __rtentry2.o(.ARM.Collect$$rtentry$$00000009)
    __rt_entry_main                          0x08000253   Thumb Code     0  __rtentry2.o(.ARM.Collect$$rtentry$$0000000D)
    __rt_entry_postli_1                      0x08000253   Thumb Code     0  __rtentry2.o(.ARM.Collect$$rtentry$$0000000C)
    __rt_exit                                0x0800025b   Thumb Code     0  rtexit.o(.ARM.Collect$$rtexit$$00000000)
    __rt_exit_ls                             0x0800025d   Thumb Code     0  rtexit2.o(.ARM.Collect$$rtexit$$00000003)
    __rt_exit_prels_1                        0x0800025d   Thumb Code     0  rtexit2.o(.ARM.Collect$$rtexit$$00000002)
    __rt_exit_exit                           0x08000261   Thumb Code     0  rtexit2.o(.ARM.Collect$$rtexit$$00000004)
    Reset_Handler                            0x08000269   Thumb Code     8  startup_stm32f334x8.o(.text)
    NMI_Handler                              0x08000271   Thumb Code     2  startup_stm32f334x8.o(.text)
    HardFault_Handler                        0x08000273   Thumb Code     2  startup_stm32f334x8.o(.text)
    MemManage_Handler                        0x08000275   Thumb Code     2  startup_stm32f334x8.o(.text)
    BusFault_Handler                         0x08000277   Thumb Code     2  startup_stm32f334x8.o(.text)
    UsageFault_Handler                       0x08000279   Thumb Code     2  startup_stm32f334x8.o(.text)
    SVC_Handler                              0x0800027b   Thumb Code     2  startup_stm32f334x8.o(.text)
    DebugMon_Handler                         0x0800027d   Thumb Code     2  startup_stm32f334x8.o(.text)
    PendSV_Handler                           0x0800027f   Thumb Code     2  startup_stm32f334x8.o(.text)
    CAN_RX0_IRQHandler                       0x08000283   Thumb Code     0  startup_stm32f334x8.o(.text)
    CAN_RX1_IRQHandler                       0x08000283   Thumb Code     0  startup_stm32f334x8.o(.text)
    CAN_SCE_IRQHandler                       0x08000283   Thumb Code     0  startup_stm32f334x8.o(.text)
    CAN_TX_IRQHandler                        0x08000283   Thumb Code     0  startup_stm32f334x8.o(.text)
    COMP2_IRQHandler                         0x08000283   Thumb Code     0  startup_stm32f334x8.o(.text)
    COMP4_6_IRQHandler                       0x08000283   Thumb Code     0  startup_stm32f334x8.o(.text)
    DMA1_Channel2_IRQHandler                 0x08000283   Thumb Code     0  startup_stm32f334x8.o(.text)
    DMA1_Channel3_IRQHandler                 0x08000283   Thumb Code     0  startup_stm32f334x8.o(.text)
    DMA1_Channel4_IRQHandler                 0x08000283   Thumb Code     0  startup_stm32f334x8.o(.text)
    DMA1_Channel5_IRQHandler                 0x08000283   Thumb Code     0  startup_stm32f334x8.o(.text)
    DMA1_Channel6_IRQHandler                 0x08000283   Thumb Code     0  startup_stm32f334x8.o(.text)
    DMA1_Channel7_IRQHandler                 0x08000283   Thumb Code     0  startup_stm32f334x8.o(.text)
    EXTI0_IRQHandler                         0x08000283   Thumb Code     0  startup_stm32f334x8.o(.text)
    EXTI15_10_IRQHandler                     0x08000283   Thumb Code     0  startup_stm32f334x8.o(.text)
    EXTI1_IRQHandler                         0x08000283   Thumb Code     0  startup_stm32f334x8.o(.text)
    EXTI2_TSC_IRQHandler                     0x08000283   Thumb Code     0  startup_stm32f334x8.o(.text)
    EXTI3_IRQHandler                         0x08000283   Thumb Code     0  startup_stm32f334x8.o(.text)
    EXTI4_IRQHandler                         0x08000283   Thumb Code     0  startup_stm32f334x8.o(.text)
    EXTI9_5_IRQHandler                       0x08000283   Thumb Code     0  startup_stm32f334x8.o(.text)
    FLASH_IRQHandler                         0x08000283   Thumb Code     0  startup_stm32f334x8.o(.text)
    FPU_IRQHandler                           0x08000283   Thumb Code     0  startup_stm32f334x8.o(.text)
    HRTIM1_FLT_IRQHandler                    0x08000283   Thumb Code     0  startup_stm32f334x8.o(.text)
    HRTIM1_Master_IRQHandler                 0x08000283   Thumb Code     0  startup_stm32f334x8.o(.text)
    HRTIM1_TIMA_IRQHandler                   0x08000283   Thumb Code     0  startup_stm32f334x8.o(.text)
    HRTIM1_TIMB_IRQHandler                   0x08000283   Thumb Code     0  startup_stm32f334x8.o(.text)
    HRTIM1_TIMC_IRQHandler                   0x08000283   Thumb Code     0  startup_stm32f334x8.o(.text)
    HRTIM1_TIMD_IRQHandler                   0x08000283   Thumb Code     0  startup_stm32f334x8.o(.text)
    HRTIM1_TIME_IRQHandler                   0x08000283   Thumb Code     0  startup_stm32f334x8.o(.text)
    I2C1_ER_IRQHandler                       0x08000283   Thumb Code     0  startup_stm32f334x8.o(.text)
    I2C1_EV_IRQHandler                       0x08000283   Thumb Code     0  startup_stm32f334x8.o(.text)
    PVD_IRQHandler                           0x08000283   Thumb Code     0  startup_stm32f334x8.o(.text)
    RCC_IRQHandler                           0x08000283   Thumb Code     0  startup_stm32f334x8.o(.text)
    RTC_Alarm_IRQHandler                     0x08000283   Thumb Code     0  startup_stm32f334x8.o(.text)
    RTC_WKUP_IRQHandler                      0x08000283   Thumb Code     0  startup_stm32f334x8.o(.text)
    SPI1_IRQHandler                          0x08000283   Thumb Code     0  startup_stm32f334x8.o(.text)
    TAMP_STAMP_IRQHandler                    0x08000283   Thumb Code     0  startup_stm32f334x8.o(.text)
    TIM1_BRK_TIM15_IRQHandler                0x08000283   Thumb Code     0  startup_stm32f334x8.o(.text)
    TIM1_CC_IRQHandler                       0x08000283   Thumb Code     0  startup_stm32f334x8.o(.text)
    TIM1_TRG_COM_TIM17_IRQHandler            0x08000283   Thumb Code     0  startup_stm32f334x8.o(.text)
    TIM1_UP_TIM16_IRQHandler                 0x08000283   Thumb Code     0  startup_stm32f334x8.o(.text)
    TIM2_IRQHandler                          0x08000283   Thumb Code     0  startup_stm32f334x8.o(.text)
    TIM3_IRQHandler                          0x08000283   Thumb Code     0  startup_stm32f334x8.o(.text)
    TIM6_DAC1_IRQHandler                     0x08000283   Thumb Code     0  startup_stm32f334x8.o(.text)
    TIM7_DAC2_IRQHandler                     0x08000283   Thumb Code     0  startup_stm32f334x8.o(.text)
    USART1_IRQHandler                        0x08000283   Thumb Code     0  startup_stm32f334x8.o(.text)
    USART2_IRQHandler                        0x08000283   Thumb Code     0  startup_stm32f334x8.o(.text)
    USART3_IRQHandler                        0x08000283   Thumb Code     0  startup_stm32f334x8.o(.text)
    WWDG_IRQHandler                          0x08000283   Thumb Code     0  startup_stm32f334x8.o(.text)
    __user_initial_stackheap                 0x08000285   Thumb Code     0  startup_stm32f334x8.o(.text)
    __aeabi_uldivmod                         0x080002a9   Thumb Code     0  lludivv7m.o(.text)
    _ll_udiv                                 0x080002a9   Thumb Code   238  lludivv7m.o(.text)
    __use_two_region_memory                  0x08000397   Thumb Code     2  heapauxi.o(.text)
    __rt_heap_escrow$2region                 0x08000399   Thumb Code     2  heapauxi.o(.text)
    __rt_heap_expand$2region                 0x0800039b   Thumb Code     2  heapauxi.o(.text)
    __user_setup_stackheap                   0x0800039d   Thumb Code    74  sys_stackheap_outer.o(.text)
    exit                                     0x080003e7   Thumb Code    18  exit.o(.text)
    __user_libspace                          0x080003f9   Thumb Code     8  libspace.o(.text)
    __user_perproc_libspace                  0x080003f9   Thumb Code     0  libspace.o(.text)
    __user_perthread_libspace                0x080003f9   Thumb Code     0  libspace.o(.text)
    _sys_exit                                0x08000401   Thumb Code     8  sys_exit.o(.text)
    __I$use$semihosting                      0x0800040d   Thumb Code     0  use_no_semi.o(.text)
    __use_no_semihosting_swi                 0x0800040d   Thumb Code     2  use_no_semi.o(.text)
    __semihosting_library_function           0x0800040f   Thumb Code     0  indicate_semi.o(.text)
    ADC1_2_IRQHandler                        0x08000411   Thumb Code    42  main.o(i.ADC1_2_IRQHandler)
    CFG_checkRanges                          0x08000441   Thumb Code  1170  cfg.o(i.CFG_checkRanges)
    CFG_init                                 0x080008e1   Thumb Code    72  cfg.o(i.CFG_init)
    CRC16_Update4Bits                        0x0800093d   Thumb Code    74  crc16.o(i.CRC16_Update4Bits)
    CalculateCRC16                           0x08000999   Thumb Code   226  crc16.o(i.CalculateCRC16)
    DMA1_Channel1_IRQHandler                 0x08000a85   Thumb Code    22  main.o(i.DMA1_Channel1_IRQHandler)
    FLAG_getFlagLen                          0x08000aa5   Thumb Code     6  flag.o(i.FLAG_getFlagLen)
    FLAG_init                                0x08000aad   Thumb Code   452  flag.o(i.FLAG_init)
    FLAG_initTrigs                           0x08000c7d   Thumb Code   374  flag.o(i.FLAG_initTrigs)
    FLAG_logFlag                             0x08000e15   Thumb Code    70  flag.o(i.FLAG_logFlag)
    FLAG_timeHasUpdated                      0x08000e61   Thumb Code    26  flag.o(i.FLAG_timeHasUpdated)
    FLASH_eraseBlockBusy                     0x08000e85   Thumb Code   120  flash.o(i.FLASH_eraseBlockBusy)
    FLASH_init                               0x08000f01   Thumb Code    36  flash.o(i.FLASH_init)
    FLASH_isBusy                             0x08000f29   Thumb Code    26  flash.o(i.FLASH_isBusy)
    FLASH_readStr                            0x08000f45   Thumb Code   126  flash.o(i.FLASH_readStr)
    FLASH_readU16                            0x08000fc9   Thumb Code    20  flash.o(i.FLASH_readU16)
    FLASH_readU64                            0x08000fdd   Thumb Code    22  flash.o(i.FLASH_readU64)
    MAIN_resetAllAndStart                    0x08000ff3   Thumb Code    64  mainmsp.o(i.MAIN_resetAllAndStart)
    MEAS_init                                0x08001035   Thumb Code   480  meas.o(i.MEAS_init)
    SAFETY_init                              0x0800125d   Thumb Code    28  safety.o(i.SAFETY_init)
    SAFETY_setLimitsHV                       0x0800127d   Thumb Code   248  safety.o(i.SAFETY_setLimitsHV)
    SAFETY_setLimitsMV                       0x080013ad   Thumb Code   248  safety.o(i.SAFETY_setLimitsMV)
    SPI_init                                 0x080014dd   Thumb Code     2  spi.o(i.SPI_init)
    SPI_writeRead                            0x080014df   Thumb Code     6  spi.o(i.SPI_writeRead)
    SysTick_Handler                          0x080014e5   Thumb Code    12  main.o(i.SysTick_Handler)
    SystemInit                               0x080014f5   Thumb Code    24  system_stm32f3xx.o(i.SystemInit)
    TIME_get                                 0x08001511   Thumb Code     8  time.o(i.TIME_get)
    TIME_init                                0x0800151d   Thumb Code    32  time.o(i.TIME_init)
    TIME_set                                 0x08001551   Thumb Code    64  time.o(i.TIME_set)
    UTIL_calcChecksum                        0x080015a1   Thumb Code    24  util.o(i.UTIL_calcChecksum)
    VAR_SAFETY_setLimits                     0x080015b9   Thumb Code    20  variant.o(i.VAR_SAFETY_setLimits)
    adcGpioConfig                            0x08001615   Thumb Code    86  adc.o(i.adcGpioConfig)
    brief_pause                              0x08001679   Thumb Code     2  mainmsp.o(i.brief_pause)
    clock_init                               0x0800167b   Thumb Code     2  mainmsp.o(i.clock_init)
    delay_ms                                 0x0800167d   Thumb Code    16  main.o(i.delay_ms)
    endOfCycleExecute                        0x08001691   Thumb Code   178  main.o(i.endOfCycleExecute)
    getNewDytyValue                          0x08001759   Thumb Code   492  main.o(i.getNewDytyValue)
    getTemperatureValue                      0x0800196d   Thumb Code   164  termo.o(i.getTemperatureValue)
    hrtimerUpdateDuty                        0x08001a19   Thumb Code    20  hirestim.o(i.hrtimerUpdateDuty)
    hrtimersGpioInit                         0x08001a31   Thumb Code    84  hirestim.o(i.hrtimersGpioInit)
    hrtimersOutDisable                       0x08001a85   Thumb Code     8  hirestim.o(i.hrtimersOutDisable)
    hrtimersOutEnable                        0x08001a91   Thumb Code    22  hirestim.o(i.hrtimersOutEnable)
    initAdcToDualRegularSimultaneousMode     0x08001ab1   Thumb Code   364  adc.o(i.initAdcToDualRegularSimultaneousMode)
    initCoreIoPins                           0x08001c49   Thumb Code    56  boardinit.o(i.initCoreIoPins)
    initDmaForAdc                            0x08001c85   Thumb Code    52  adc.o(i.initDmaForAdc)
    initHighResolutionTimer                  0x08001cc5   Thumb Code   264  hirestim.o(i.initHighResolutionTimer)
    loadPassword                             0x08001de9   Thumb Code    22  usci.o(i.loadPassword)
    main                                     0x08001e05   Thumb Code   222  main.o(i.main)
    mainMSPinit                              0x08001f01   Thumb Code    28  mainmsp.o(i.mainMSPinit)
    mainMSPloop                              0x08001f1d   Thumb Code    10  mainmsp.o(i.mainMSPloop)
    measureExecute                           0x08001f29   Thumb Code   104  main.o(i.measureExecute)
    setAdcMasterAnalogWatchdogThresholds     0x08001fa9   Thumb Code    54  adc.o(i.setAdcMasterAnalogWatchdogThresholds)
    setSystemClock                           0x08001fe1   Thumb Code   214  boardinit.o(i.setSystemClock)
    uart_init                                0x080020c9   Thumb Code     2  usci.o(i.uart_init)
    uart_receive                             0x080020cd   Thumb Code   498  usci.o(i.uart_receive)
    uart_send                                0x080022e9   Thumb Code   392  usci.o(i.uart_send)
    uart_send_error                          0x0800249d   Thumb Code    16  usci.o(i.uart_send_error)
    uart_send_response                       0x080024ad   Thumb Code    20  usci.o(i.uart_send_response)
    uart_send_startup                        0x080024c5   Thumb Code    14  usci.o(i.uart_send_startup)
    uart_tx                                  0x080024d5   Thumb Code     8  usci.o(i.uart_tx)
    updateAverageValue                       0x080024e1   Thumb Code    58  adc.o(i.updateAverageValue)
    updateCalcValue                          0x0800251d   Thumb Code   260  adc.o(i.updateCalcValue)
    updateSumValue                           0x0800263d   Thumb Code    28  adc.o(i.updateSumValue)
    usci_init                                0x08002659   Thumb Code     2  usci.o(i.usci_init)
    __aeabi_d2f                              0x0800265d   Thumb Code     0  d2f.o(x$fpl$d2f)
    _d2f                                     0x0800265d   Thumb Code    98  d2f.o(x$fpl$d2f)
    __fpl_dcmp_Inf                           0x080026bf   Thumb Code    24  dcmpi.o(x$fpl$dcmpinf)
    __aeabi_ddiv                             0x080026d9   Thumb Code     0  ddiv.o(x$fpl$ddiv)
    _ddiv                                    0x080026d9   Thumb Code   552  ddiv.o(x$fpl$ddiv)
    __aeabi_d2iz                             0x08002989   Thumb Code     0  dfix.o(x$fpl$dfix)
    _dfix                                    0x08002989   Thumb Code    94  dfix.o(x$fpl$dfix)
    __aeabi_cdcmple                          0x080029e9   Thumb Code     0  dleqf.o(x$fpl$dleqf)
    _dcmple                                  0x080029e9   Thumb Code   120  dleqf.o(x$fpl$dleqf)
    __fpl_dcmple_InfNaN                      0x08002a4b   Thumb Code     0  dleqf.o(x$fpl$dleqf)
    __aeabi_dmul                             0x08002a61   Thumb Code     0  dmul.o(x$fpl$dmul)
    _dmul                                    0x08002a61   Thumb Code   332  dmul.o(x$fpl$dmul)
    __fpl_dnaninf                            0x08002bb5   Thumb Code   156  dnaninf.o(x$fpl$dnaninf)
    __fpl_dretinf                            0x08002c51   Thumb Code    12  dretinf.o(x$fpl$dretinf)
    __aeabi_cdrcmple                         0x08002c5d   Thumb Code     0  drleqf.o(x$fpl$drleqf)
    _drcmple                                 0x08002c5d   Thumb Code   108  drleqf.o(x$fpl$drleqf)
    __aeabi_f2d                              0x08002cc9   Thumb Code     0  f2d.o(x$fpl$f2d)
    _f2d                                     0x08002cc9   Thumb Code    86  f2d.o(x$fpl$f2d)
    __fpl_fnaninf                            0x08002d1f   Thumb Code   140  fnaninf.o(x$fpl$fnaninf)
    _fp_init                                 0x08002dab   Thumb Code    10  fpinit.o(x$fpl$fpinit)
    __fplib_config_fpu_vfp                   0x08002db3   Thumb Code     0  fpinit.o(x$fpl$fpinit)
    __fplib_config_pureend_doubles           0x08002db3   Thumb Code     0  fpinit.o(x$fpl$fpinit)
    __fpl_fretinf                            0x08002db5   Thumb Code    10  fretinf.o(x$fpl$fretinf)
    __I$use$fp                               0x08002dbe   Number         0  usenofp.o(x$fpl$usenofp)
    Region$$Table$$Base                      0x08002e00   Number         0  anon$$obj.o(Region$$Table)
    Region$$Table$$Limit                     0x08002e20   Number         0  anon$$obj.o(Region$$Table)
    SystemCoreClock                          0x20000000   Data           4  system_stm32f3xx.o(.data)
    statusFlags                              0x20000004   Data           2  main.o(.data)
    pSumValueNow                             0x20000008   Data           4  main.o(.data)
    pSumValueStored                          0x2000000c   Data           4  main.o(.data)
    adcVoutStab                              0x20000010   Data           2  main.o(.data)
    adcIoutStab                              0x20000012   Data           2  main.o(.data)
    dutyCycle                                0x20000014   Data           2  main.o(.data)
    buckPeriod                               0x20000016   Data           2  main.o(.data)
    sysTickCounter                           0x20000018   Data           4  main.o(.data)
    delta                                    0x2000001c   Data           2  main.o(.data)
    offset                                   0x2000001e   Data           2  main.o(.data)
    efficiency                               0x20000020   Data           4  main.o(.data)
    CFG_localCfg                             0x20000028   Data         132  cfg.o(.data)
    CFG_remoteCfg                            0x200000ac   Data         188  cfg.o(.data)
    readonlyCfg                              0x20000168   Data          20  cfg.o(.data)
    cfg                                      0x2000017c   Data           1  cfg.o(.data)
    CFG_toggleSwitchMode                     0x20000180   Data           4  cfg.o(.data)
    CFG_outVoltCutoffOffset                  0x20000184   Data           4  cfg.o(.data)
    CFG_outVoltCutoffScale                   0x20000188   Data           4  cfg.o(.data)
    CRC16_LookupHigh                         0x2000018c   Data          32  crc16.o(.data)
    CRC16_LookupLow                          0x200001ac   Data          32  crc16.o(.data)
    CRC16_High                               0x200001cc   Data           1  crc16.o(.data)
    CRC16_Low                                0x200001cd   Data           1  crc16.o(.data)
    measDoUpdate                             0x200001d0   Data           4  meas.o(.data)
    SAFETY_PVVoltLimit                       0x200001d4   Data           4  safety.o(.data)
    SAFETY_OutCurrLimit                      0x200001d8   Data           4  safety.o(.data)
    SAFETY_OutCurrCrit                       0x200001dc   Data           4  safety.o(.data)
    SAFETY_PulseCurrLimit                    0x200001e0   Data           4  safety.o(.data)
    SAFETY_OutVoltLimit                      0x200001e4   Data           4  safety.o(.data)
    SAFETY_OutVoltRstHigh                    0x200001e8   Data           4  safety.o(.data)
    SAFETY_OutVoltRstLow                     0x200001ec   Data           4  safety.o(.data)
    samplePending                            0x200001f0   Data           1  safety.o(.data)
    currentTime_ms                           0x200001f8   Data           8  time.o(.data)
    microSecs                                0x20000200   Data           4  time.o(.data)
    pwmPeriodUs                              0x20000204   Data           4  time.o(.data)
    today_ms                                 0x20000208   Data           8  time.o(.data)
    timeIsValid                              0x20000210   Data           4  time.o(.data)
    tx_count                                 0x20000218   Data           1  usci.o(.data)
    rx_count                                 0x20000219   Data           1  usci.o(.data)
    expected_rx_count                        0x2000021a   Data           1  usci.o(.data)
    prev_rx                                  0x2000021b   Data           1  usci.o(.data)
    uart_state                               0x2000021c   Data           1  usci.o(.data)
    sent_startup                             0x20000220   Data           4  usci.o(.data)
    prev_time                                0x20000228   Data           8  usci.o(.data)
    tx_buf_len                               0x20000230   Data           4  usci.o(.data)
    command_R                                0x20000234   Data           4  usci.o(.data)
    command_W                                0x20000238   Data           4  usci.o(.data)
    setTime_W                                0x20000240   Data           8  usci.o(.data)
    persistentStorage                        0x20000248   Data           4  usci.o(.data)
    hware                                    0x2000024c   Data           8  variant.o(.data)
    momentValue                              0x20000254   Data          24  main.o(.bss)
    sumValueBank_1                           0x2000026c   Data          48  main.o(.bss)
    sumValueBank_2                           0x2000029c   Data          48  main.o(.bss)
    averageValue                             0x200002cc   Data          48  main.o(.bss)
    calculatedValue                          0x200002fc   Data          48  main.o(.bss)
    flag                                     0x20000330   Data         192  flag.o(.bss)
    flagStates                               0x200003f0   Data         224  flag.o(.bss)
    flash                                    0x200004d0   Data         228  flash.o(.bss)
    meas                                     0x200005b4   Data         228  meas.o(.bss)
    safety                                   0x20000698   Data          36  safety.o(.bss)
    tx_buffer                                0x200006c0   Data         254  usci.o(.bss)
    rx_buffer                                0x200007be   Data         254  usci.o(.bss)
    telemetry_R                              0x200008c0   Data          72  usci.o(.bss)
    factoryConfig_R                          0x20000908   Data         116  usci.o(.bss)
    userConfig_R                             0x2000097c   Data          60  usci.o(.bss)
    eventConfig_R                            0x200009b8   Data         128  usci.o(.bss)
    sysInfo_R                                0x20000a38   Data          36  usci.o(.bss)
    password_R                               0x20000a5c   Data          32  usci.o(.bss)
    miscState_R                              0x20000a7c   Data          20  usci.o(.bss)
    factoryConfig_W                          0x20000a90   Data         116  usci.o(.bss)
    userConfig_W                             0x20000b04   Data          60  usci.o(.bss)
    eventConfig_W                            0x20000b40   Data         128  usci.o(.bss)
    miscState_W                              0x20000bc0   Data          20  usci.o(.bss)
    __libspace_start                         0x20000bd4   Data          96  libspace.o(.bss)
    __temporary_stack_top$libspace           0x20000c34   Data           0  libspace.o(.bss)



==============================================================================

Memory Map of the image

  Image Entry point : 0x08000189

  Load Region LR_IROM1 (Base: 0x08000000, Size: 0x00003074, Max: 0x00010000, ABSOLUTE, COMPRESSED[0x00002f08])

    Execution Region ER_IROM1 (Exec base: 0x08000000, Load base: 0x08000000, Size: 0x00002e20, Max: 0x00010000, ABSOLUTE)

    Exec Addr    Load Addr    Size         Type   Attr      Idx    E Section Name        Object

    0x08000000   0x08000000   0x00000188   Data   RO           65    RESET               startup_stm32f334x8.o
    0x08000188   0x08000188   0x00000008   Code   RO         1230  * !!!main             c_w.l(__main.o)
    0x08000190   0x08000190   0x00000034   Code   RO         1428    !!!scatter          c_w.l(__scatter.o)
    0x080001c4   0x080001c4   0x0000005a   Code   RO         1426    !!dczerorl2         c_w.l(__dczerorl2.o)
    0x0800021e   0x0800021e   0x00000002   PAD
    0x08000220   0x08000220   0x0000001c   Code   RO         1430    !!handler_zi        c_w.l(__scatter_zi.o)
    0x0800023c   0x0800023c   0x00000002   Code   RO         1296    .ARM.Collect$$libinit$$00000000  c_w.l(libinit.o)
    0x0800023e   0x0800023e   0x00000004   Code   RO         1308    .ARM.Collect$$libinit$$00000001  c_w.l(libinit2.o)
    0x08000242   0x08000242   0x00000000   Code   RO         1311    .ARM.Collect$$libinit$$00000004  c_w.l(libinit2.o)
    0x08000242   0x08000242   0x00000000   Code   RO         1314    .ARM.Collect$$libinit$$0000000A  c_w.l(libinit2.o)
    0x08000242   0x08000242   0x00000000   Code   RO         1316    .ARM.Collect$$libinit$$0000000C  c_w.l(libinit2.o)
    0x08000242   0x08000242   0x00000000   Code   RO         1318    .ARM.Collect$$libinit$$0000000E  c_w.l(libinit2.o)
    0x08000242   0x08000242   0x00000000   Code   RO         1321    .ARM.Collect$$libinit$$00000011  c_w.l(libinit2.o)
    0x08000242   0x08000242   0x00000000   Code   RO         1323    .ARM.Collect$$libinit$$00000013  c_w.l(libinit2.o)
    0x08000242   0x08000242   0x00000000   Code   RO         1325    .ARM.Collect$$libinit$$00000015  c_w.l(libinit2.o)
    0x08000242   0x08000242   0x00000000   Code   RO         1327    .ARM.Collect$$libinit$$00000017  c_w.l(libinit2.o)
    0x08000242   0x08000242   0x00000000   Code   RO         1329    .ARM.Collect$$libinit$$00000019  c_w.l(libinit2.o)
    0x08000242   0x08000242   0x00000000   Code   RO         1331    .ARM.Collect$$libinit$$0000001B  c_w.l(libinit2.o)
    0x08000242   0x08000242   0x00000000   Code   RO         1333    .ARM.Collect$$libinit$$0000001D  c_w.l(libinit2.o)
    0x08000242   0x08000242   0x00000000   Code   RO         1335    .ARM.Collect$$libinit$$0000001F  c_w.l(libinit2.o)
    0x08000242   0x08000242   0x00000000   Code   RO         1337    .ARM.Collect$$libinit$$00000021  c_w.l(libinit2.o)
    0x08000242   0x08000242   0x00000000   Code   RO         1339    .ARM.Collect$$libinit$$00000023  c_w.l(libinit2.o)
    0x08000242   0x08000242   0x00000000   Code   RO         1341    .ARM.Collect$$libinit$$00000025  c_w.l(libinit2.o)
    0x08000242   0x08000242   0x00000000   Code   RO         1345    .ARM.Collect$$libinit$$0000002C  c_w.l(libinit2.o)
    0x08000242   0x08000242   0x00000000   Code   RO         1347    .ARM.Collect$$libinit$$0000002E  c_w.l(libinit2.o)
    0x08000242   0x08000242   0x00000000   Code   RO         1349    .ARM.Collect$$libinit$$00000030  c_w.l(libinit2.o)
    0x08000242   0x08000242   0x00000000   Code   RO         1351    .ARM.Collect$$libinit$$00000032  c_w.l(libinit2.o)
    0x08000242   0x08000242   0x00000002   Code   RO         1352    .ARM.Collect$$libinit$$00000033  c_w.l(libinit2.o)
    0x08000244   0x08000244   0x00000002   Code   RO         1383    .ARM.Collect$$libshutdown$$00000000  c_w.l(libshutdown.o)
    0x08000246   0x08000246   0x00000000   Code   RO         1409    .ARM.Collect$$libshutdown$$00000002  c_w.l(libshutdown2.o)
    0x08000246   0x08000246   0x00000000   Code   RO         1411    .ARM.Collect$$libshutdown$$00000004  c_w.l(libshutdown2.o)
    0x08000246   0x08000246   0x00000000   Code   RO         1414    .ARM.Collect$$libshutdown$$00000007  c_w.l(libshutdown2.o)
    0x08000246   0x08000246   0x00000000   Code   RO         1417    .ARM.Collect$$libshutdown$$0000000A  c_w.l(libshutdown2.o)
    0x08000246   0x08000246   0x00000000   Code   RO         1419    .ARM.Collect$$libshutdown$$0000000C  c_w.l(libshutdown2.o)
    0x08000246   0x08000246   0x00000000   Code   RO         1422    .ARM.Collect$$libshutdown$$0000000F  c_w.l(libshutdown2.o)
    0x08000246   0x08000246   0x00000002   Code   RO         1423    .ARM.Collect$$libshutdown$$00000010  c_w.l(libshutdown2.o)
    0x08000248   0x08000248   0x00000000   Code   RO         1250    .ARM.Collect$$rtentry$$00000000  c_w.l(__rtentry.o)
    0x08000248   0x08000248   0x00000000   Code   RO         1267    .ARM.Collect$$rtentry$$00000002  c_w.l(__rtentry2.o)
    0x08000248   0x08000248   0x00000006   Code   RO         1279    .ARM.Collect$$rtentry$$00000004  c_w.l(__rtentry4.o)
    0x0800024e   0x0800024e   0x00000000   Code   RO         1269    .ARM.Collect$$rtentry$$00000009  c_w.l(__rtentry2.o)
    0x0800024e   0x0800024e   0x00000004   Code   RO         1270    .ARM.Collect$$rtentry$$0000000A  c_w.l(__rtentry2.o)
    0x08000252   0x08000252   0x00000000   Code   RO         1272    .ARM.Collect$$rtentry$$0000000C  c_w.l(__rtentry2.o)
    0x08000252   0x08000252   0x00000008   Code   RO         1273    .ARM.Collect$$rtentry$$0000000D  c_w.l(__rtentry2.o)
    0x0800025a   0x0800025a   0x00000002   Code   RO         1300    .ARM.Collect$$rtexit$$00000000  c_w.l(rtexit.o)
    0x0800025c   0x0800025c   0x00000000   Code   RO         1356    .ARM.Collect$$rtexit$$00000002  c_w.l(rtexit2.o)
    0x0800025c   0x0800025c   0x00000004   Code   RO         1357    .ARM.Collect$$rtexit$$00000003  c_w.l(rtexit2.o)
    0x08000260   0x08000260   0x00000006   Code   RO         1358    .ARM.Collect$$rtexit$$00000004  c_w.l(rtexit2.o)
    0x08000266   0x08000266   0x00000002   PAD
    0x08000268   0x08000268   0x00000040   Code   RO           66    .text               startup_stm32f334x8.o
    0x080002a8   0x080002a8   0x000000ee   Code   RO         1224    .text               c_w.l(lludivv7m.o)
    0x08000396   0x08000396   0x00000006   Code   RO         1228    .text               c_w.l(heapauxi.o)
    0x0800039c   0x0800039c   0x0000004a   Code   RO         1283    .text               c_w.l(sys_stackheap_outer.o)
    0x080003e6   0x080003e6   0x00000012   Code   RO         1285    .text               c_w.l(exit.o)
    0x080003f8   0x080003f8   0x00000008   Code   RO         1297    .text               c_w.l(libspace.o)
    0x08000400   0x08000400   0x0000000c   Code   RO         1353    .text               c_w.l(sys_exit.o)
    0x0800040c   0x0800040c   0x00000002   Code   RO         1372    .text               c_w.l(use_no_semi.o)
    0x0800040e   0x0800040e   0x00000000   Code   RO         1374    .text               c_w.l(indicate_semi.o)
    0x0800040e   0x0800040e   0x00000002   PAD
    0x08000410   0x08000410   0x00000030   Code   RO           73    i.ADC1_2_IRQHandler  main.o
    0x08000440   0x08000440   0x000004a0   Code   RO          343    i.CFG_checkRanges   cfg.o
    0x080008e0   0x080008e0   0x0000005c   Code   RO          352    i.CFG_init          cfg.o
    0x0800093c   0x0800093c   0x0000005c   Code   RO          455    i.CRC16_Update4Bits  crc16.o
    0x08000998   0x08000998   0x000000ec   Code   RO          456    i.CalculateCRC16    crc16.o
    0x08000a84   0x08000a84   0x00000020   Code   RO           74    i.DMA1_Channel1_IRQHandler  main.o
    0x08000aa4   0x08000aa4   0x00000006   Code   RO          487    i.FLAG_getFlagLen   flag.o
    0x08000aaa   0x08000aaa   0x00000002   PAD
    0x08000aac   0x08000aac   0x000001d0   Code   RO          489    i.FLAG_init         flag.o
    0x08000c7c   0x08000c7c   0x00000198   Code   RO          490    i.FLAG_initTrigs    flag.o
    0x08000e14   0x08000e14   0x0000004c   Code   RO          491    i.FLAG_logFlag      flag.o
    0x08000e60   0x08000e60   0x00000024   Code   RO          493    i.FLAG_timeHasUpdated  flag.o
    0x08000e84   0x08000e84   0x0000007c   Code   RO          591    i.FLASH_eraseBlockBusy  flash.o
    0x08000f00   0x08000f00   0x00000028   Code   RO          595    i.FLASH_init        flash.o
    0x08000f28   0x08000f28   0x0000001a   Code   RO          596    i.FLASH_isBusy      flash.o
    0x08000f42   0x08000f42   0x00000002   PAD
    0x08000f44   0x08000f44   0x00000084   Code   RO          599    i.FLASH_readStr     flash.o
    0x08000fc8   0x08000fc8   0x00000014   Code   RO          601    i.FLASH_readU16     flash.o
    0x08000fdc   0x08000fdc   0x00000016   Code   RO          603    i.FLASH_readU64     flash.o
    0x08000ff2   0x08000ff2   0x00000040   Code   RO          747    i.MAIN_resetAllAndStart  mainmsp.o
    0x08001032   0x08001032   0x00000002   PAD
    0x08001034   0x08001034   0x00000228   Code   RO          808    i.MEAS_init         meas.o
    0x0800125c   0x0800125c   0x00000020   Code   RO          885    i.SAFETY_init       safety.o
    0x0800127c   0x0800127c   0x00000130   Code   RO          888    i.SAFETY_setLimitsHV  safety.o
    0x080013ac   0x080013ac   0x00000130   Code   RO          889    i.SAFETY_setLimitsMV  safety.o
    0x080014dc   0x080014dc   0x00000002   Code   RO          941    i.SPI_init          spi.o
    0x080014de   0x080014de   0x00000006   Code   RO          942    i.SPI_writeRead     spi.o
    0x080014e4   0x080014e4   0x00000010   Code   RO           75    i.SysTick_Handler   main.o
    0x080014f4   0x080014f4   0x0000001c   Code   RO            5    i.SystemInit        system_stm32f3xx.o
    0x08001510   0x08001510   0x0000000c   Code   RO          986    i.TIME_get          time.o
    0x0800151c   0x0800151c   0x00000034   Code   RO          989    i.TIME_init         time.o
    0x08001550   0x08001550   0x00000050   Code   RO          993    i.TIME_set          time.o
    0x080015a0   0x080015a0   0x00000018   Code   RO         1144    i.UTIL_calcChecksum  util.o
    0x080015b8   0x080015b8   0x00000018   Code   RO         1204    i.VAR_SAFETY_setLimits  variant.o
    0x080015d0   0x080015d0   0x0000001a   Code   RO          258    i.__NVIC_EnableIRQ  adc.o
    0x080015ea   0x080015ea   0x00000002   PAD
    0x080015ec   0x080015ec   0x00000028   Code   RO          259    i.__NVIC_SetPriority  adc.o
    0x08001614   0x08001614   0x00000064   Code   RO          260    i.adcGpioConfig     adc.o
    0x08001678   0x08001678   0x00000002   Code   RO          749    i.brief_pause       mainmsp.o
    0x0800167a   0x0800167a   0x00000002   Code   RO          750    i.clock_init        mainmsp.o
    0x0800167c   0x0800167c   0x00000014   Code   RO           76    i.delay_ms          main.o
    0x08001690   0x08001690   0x000000c8   Code   RO           77    i.endOfCycleExecute  main.o
    0x08001758   0x08001758   0x00000214   Code   RO           78    i.getNewDytyValue   main.o
    0x0800196c   0x0800196c   0x000000ac   Code   RO          329    i.getTemperatureValue  termo.o
    0x08001a18   0x08001a18   0x00000018   Code   RO          176    i.hrtimerUpdateDuty  hirestim.o
    0x08001a30   0x08001a30   0x00000054   Code   RO          177    i.hrtimersGpioInit  hirestim.o
    0x08001a84   0x08001a84   0x0000000c   Code   RO          178    i.hrtimersOutDisable  hirestim.o
    0x08001a90   0x08001a90   0x00000020   Code   RO          179    i.hrtimersOutEnable  hirestim.o
    0x08001ab0   0x08001ab0   0x00000198   Code   RO          261    i.initAdcToDualRegularSimultaneousMode  adc.o
    0x08001c48   0x08001c48   0x0000003c   Code   RO          228    i.initCoreIoPins    boardinit.o
    0x08001c84   0x08001c84   0x00000040   Code   RO          262    i.initDmaForAdc     adc.o
    0x08001cc4   0x08001cc4   0x00000124   Code   RO          180    i.initHighResolutionTimer  hirestim.o
    0x08001de8   0x08001de8   0x0000001c   Code   RO         1049    i.loadPassword      usci.o
    0x08001e04   0x08001e04   0x000000fc   Code   RO           79    i.main              main.o
    0x08001f00   0x08001f00   0x0000001c   Code   RO          751    i.mainMSPinit       mainmsp.o
    0x08001f1c   0x08001f1c   0x0000000a   Code   RO          752    i.mainMSPloop       mainmsp.o
    0x08001f26   0x08001f26   0x00000002   PAD
    0x08001f28   0x08001f28   0x00000080   Code   RO           80    i.measureExecute    main.o
    0x08001fa8   0x08001fa8   0x00000036   Code   RO          263    i.setAdcMasterAnalogWatchdogThresholds  adc.o
    0x08001fde   0x08001fde   0x00000002   PAD
    0x08001fe0   0x08001fe0   0x000000e8   Code   RO          229    i.setSystemClock    boardinit.o
    0x080020c8   0x080020c8   0x00000002   Code   RO         1050    i.uart_init         usci.o
    0x080020ca   0x080020ca   0x00000002   PAD
    0x080020cc   0x080020cc   0x0000021c   Code   RO         1051    i.uart_receive      usci.o
    0x080022e8   0x080022e8   0x000001b4   Code   RO         1053    i.uart_send         usci.o
    0x0800249c   0x0800249c   0x00000010   Code   RO         1054    i.uart_send_error   usci.o
    0x080024ac   0x080024ac   0x00000018   Code   RO         1055    i.uart_send_response  usci.o
    0x080024c4   0x080024c4   0x0000000e   Code   RO         1056    i.uart_send_startup  usci.o
    0x080024d2   0x080024d2   0x00000002   PAD
    0x080024d4   0x080024d4   0x0000000c   Code   RO         1057    i.uart_tx           usci.o
    0x080024e0   0x080024e0   0x0000003a   Code   RO          264    i.updateAverageValue  adc.o
    0x0800251a   0x0800251a   0x00000002   PAD
    0x0800251c   0x0800251c   0x00000120   Code   RO          265    i.updateCalcValue   adc.o
    0x0800263c   0x0800263c   0x0000001c   Code   RO          266    i.updateSumValue    adc.o
    0x08002658   0x08002658   0x00000002   Code   RO         1060    i.usci_init         usci.o
    0x0800265a   0x0800265a   0x00000002   PAD
    0x0800265c   0x0800265c   0x00000062   Code   RO         1232    x$fpl$d2f           fz_wm.l(d2f.o)
    0x080026be   0x080026be   0x00000018   Code   RO         1255    x$fpl$dcmpinf       fz_wm.l(dcmpi.o)
    0x080026d6   0x080026d6   0x00000002   PAD
    0x080026d8   0x080026d8   0x000002b0   Code   RO         1235    x$fpl$ddiv          fz_wm.l(ddiv.o)
    0x08002988   0x08002988   0x0000005e   Code   RO         1238    x$fpl$dfix          fz_wm.l(dfix.o)
    0x080029e6   0x080029e6   0x00000002   PAD
    0x080029e8   0x080029e8   0x00000078   Code   RO         1242    x$fpl$dleqf         fz_wm.l(dleqf.o)
    0x08002a60   0x08002a60   0x00000154   Code   RO         1244    x$fpl$dmul          fz_wm.l(dmul.o)
    0x08002bb4   0x08002bb4   0x0000009c   Code   RO         1257    x$fpl$dnaninf       fz_wm.l(dnaninf.o)
    0x08002c50   0x08002c50   0x0000000c   Code   RO         1259    x$fpl$dretinf       fz_wm.l(dretinf.o)
    0x08002c5c   0x08002c5c   0x0000006c   Code   RO         1246    x$fpl$drleqf        fz_wm.l(drleqf.o)
    0x08002cc8   0x08002cc8   0x00000056   Code   RO         1248    x$fpl$f2d           fz_wm.l(f2d.o)
    0x08002d1e   0x08002d1e   0x0000008c   Code   RO         1261    x$fpl$fnaninf       fz_wm.l(fnaninf.o)
    0x08002daa   0x08002daa   0x0000000a   Code   RO         1368    x$fpl$fpinit        fz_wm.l(fpinit.o)
    0x08002db4   0x08002db4   0x0000000a   Code   RO         1263    x$fpl$fretinf       fz_wm.l(fretinf.o)
    0x08002dbe   0x08002dbe   0x00000000   Code   RO         1265    x$fpl$usenofp       fz_wm.l(usenofp.o)
    0x08002dbe   0x08002dbe   0x00000042   Data   RO          330    .constdata          termo.o
    0x08002e00   0x08002e00   0x00000020   Data   RO         1424    Region$$Table       anon$$obj.o


    Execution Region RW_IRAM1 (Exec base: 0x20000000, Load base: 0x08002e20, Size: 0x00001238, Max: 0x00004000, ABSOLUTE, COMPRESSED[0x000000e8])

    Exec Addr    Load Addr    Size         Type   Attr      Idx    E Section Name        Object

    0x20000000   COMPRESSED   0x00000004   Data   RW            7    .data               system_stm32f3xx.o
    0x20000004   COMPRESSED   0x00000024   Data   RW           82    .data               main.o
    0x20000028   COMPRESSED   0x00000164   Data   RW          354    .data               cfg.o
    0x2000018c   COMPRESSED   0x00000042   Data   RW          457    .data               crc16.o
    0x200001ce   COMPRESSED   0x00000002   PAD
    0x200001d0   COMPRESSED   0x00000004   Data   RW          818    .data               meas.o
    0x200001d4   COMPRESSED   0x0000001d   Data   RW          892    .data               safety.o
    0x200001f1   COMPRESSED   0x00000007   PAD
    0x200001f8   COMPRESSED   0x0000001c   Data   RW          995    .data               time.o
    0x20000214   COMPRESSED   0x00000004   PAD
    0x20000218   COMPRESSED   0x00000034   Data   RW         1063    .data               usci.o
    0x2000024c   COMPRESSED   0x00000008   Data   RW         1192    .data               variant.o
    0x20000254        -       0x000000d8   Zero   RW           81    .bss                main.o
    0x2000032c   COMPRESSED   0x00000004   PAD
    0x20000330        -       0x000001a0   Zero   RW          494    .bss                flag.o
    0x200004d0        -       0x000000e4   Zero   RW          608    .bss                flash.o
    0x200005b4        -       0x000000e4   Zero   RW          816    .bss                meas.o
    0x20000698        -       0x00000024   Zero   RW          891    .bss                safety.o
    0x200006bc   COMPRESSED   0x00000004   PAD
    0x200006c0        -       0x00000514   Zero   RW         1062    .bss                usci.o
    0x20000bd4        -       0x00000060   Zero   RW         1298    .bss                c_w.l(libspace.o)
    0x20000c34   COMPRESSED   0x00000004   PAD
    0x20000c38        -       0x00000200   Zero   RW           64    HEAP                startup_stm32f334x8.o
    0x20000e38        -       0x00000400   Zero   RW           63    STACK               startup_stm32f334x8.o


==============================================================================

Image component sizes


      Code (inc. data)   RO Data    RW Data    ZI Data      Debug   Object Name

      1066        106          0          0          0      33929   adc.o
       292         22          0          0          0       1138   boardinit.o
      1276        158          0        356          0      11651   cfg.o
       328         28          0         66          0       2273   crc16.o
       990         62          0          0        416       4698   flag.o
       364         14          0          0        228       4915   flash.o
       444         46          0          0          0      31213   hirestim.o
      1228        140          0         36        216      37675   main.o
       106          0          0          0          0       7663   mainmsp.o
       552         72          0          4        228       3629   meas.o
       640        116          0         29         36       3582   safety.o
         8          0          0          0          0        939   spi.o
        64         26        392          0       1536        828   startup_stm32f334x8.o
        28          4          0          4          0     540879   system_stm32f3xx.o
       172          8         66          0          0       1614   termo.o
       144         40          0         28          0       2394   time.o
      1074        120          0         52       1300       7633   usci.o
        24          0          0          0          0        664   util.o
        24          4          0          8          0       1279   variant.o

    ----------------------------------------------------------------------
      8844        966        490        596       3968     698596   Object Totals
         0          0         32          0          0          0   (incl. Generated)
        20          0          0         13          8          0   (incl. Padding)

    ----------------------------------------------------------------------

      Code (inc. data)   RO Data    RW Data    ZI Data      Debug   Library Member Name

        90          0          0          0          0          0   __dczerorl2.o
         8          0          0          0          0         68   __main.o
         0          0          0          0          0          0   __rtentry.o
        12          0          0          0          0          0   __rtentry2.o
         6          0          0          0          0          0   __rtentry4.o
        52          8          0          0          0          0   __scatter.o
        28          0          0          0          0          0   __scatter_zi.o
        18          0          0          0          0         80   exit.o
         6          0          0          0          0        152   heapauxi.o
         0          0          0          0          0          0   indicate_semi.o
         2          0          0          0          0          0   libinit.o
         6          0          0          0          0          0   libinit2.o
         2          0          0          0          0          0   libshutdown.o
         2          0          0          0          0          0   libshutdown2.o
         8          4          0          0         96         68   libspace.o
       238          0          0          0          0        100   lludivv7m.o
         2          0          0          0          0          0   rtexit.o
        10          0          0          0          0          0   rtexit2.o
        12          4          0          0          0         68   sys_exit.o
        74          0          0          0          0         80   sys_stackheap_outer.o
         2          0          0          0          0         68   use_no_semi.o
        98          4          0          0          0        140   d2f.o
        24          0          0          0          0        116   dcmpi.o
       688        140          0          0          0        256   ddiv.o
        94          4          0          0          0        140   dfix.o
       120          4          0          0          0        140   dleqf.o
       340         12          0          0          0        152   dmul.o
       156          4          0          0          0        140   dnaninf.o
        12          0          0          0          0        116   dretinf.o
       108          0          0          0          0        128   drleqf.o
        86          4          0          0          0        132   f2d.o
       140          4          0          0          0        132   fnaninf.o
        10          0          0          0          0        116   fpinit.o
        10          0          0          0          0        116   fretinf.o
         0          0          0          0          0          0   usenofp.o

    ----------------------------------------------------------------------
      2474        192          0          0        100       2508   Library Totals
        10          0          0          0          4          0   (incl. Padding)

    ----------------------------------------------------------------------

      Code (inc. data)   RO Data    RW Data    ZI Data      Debug   Library Name

       578         16          0          0         96        684   c_w.l
      1886        176          0          0          0       1824   fz_wm.l

    ----------------------------------------------------------------------
      2474        192          0          0        100       2508   Library Totals

    ----------------------------------------------------------------------

==============================================================================


      Code (inc. data)   RO Data    RW Data    ZI Data      Debug   

     11318       1158        490        596       4068     694096   Grand Totals
     11318       1158        490        232       4068     694096   ELF Image Totals (compressed)
     11318       1158        490        232          0          0   ROM Totals

==============================================================================

    Total RO  Size (Code + RO Data)                11808 (  11.53kB)
    Total RW  Size (RW Data + ZI Data)              4664 (   4.55kB)
    Total ROM Size (Code + RO Data + RW Data)      12040 (  11.76kB)

==============================================================================

